

================================================================
== Vitis HLS Report for 'residual_norm_and_write_Pipeline_NORM_WRITE_PACK'
================================================================
* Date:           Wed Jul 15 09:28:54 2026

* Version:        2022.1 (Build 3526262 on Mon Apr 18 15:47:01 MDT 2022)
* Project:        proj_bert_attn_out_norm_residual_kernel
* Solution:       solution1 (Vivado IP Flow Target)
* Product family: virtexuplus
* Target device:  xcu250-figd2104-2L-e


================================================================
== Performance Estimates
================================================================
+ Timing: 
    * Summary: 
    +--------+---------+----------+------------+
    |  Clock |  Target | Estimated| Uncertainty|
    +--------+---------+----------+------------+
    |ap_clk  |  3.33 ns|  2.433 ns|     0.90 ns|
    +--------+---------+----------+------------+

+ Latency: 
    * Summary: 
    +---------+---------+----------+----------+-----+-----+---------+
    |  Latency (cycles) |  Latency (absolute) |  Interval | Pipeline|
    |   min   |   max   |    min   |    max   | min | max |   Type  |
    +---------+---------+----------+----------+-----+-----+---------+
    |       82|       82|  0.273 us|  0.273 us|   82|   82|       no|
    +---------+---------+----------+----------+-----+-----+---------+

    + Detail: 
        * Instance: 
        N/A

        * Loop: 
        +-------------------+---------+---------+----------+-----------+-----------+------+----------+
        |                   |  Latency (cycles) | Iteration|  Initiation Interval  | Trip |          |
        |     Loop Name     |   min   |   max   |  Latency |  achieved |   target  | Count| Pipelined|
        +-------------------+---------+---------+----------+-----------+-----------+------+----------+
        |- NORM_WRITE_PACK  |       80|       80|        33|          1|          1|    48|       yes|
        +-------------------+---------+---------+----------+-----------+-----------+------+----------+



================================================================
== Utilization Estimates
================================================================
* Summary: 
+---------------------+---------+-------+---------+---------+------+
|         Name        | BRAM_18K|  DSP  |    FF   |   LUT   | URAM |
+---------------------+---------+-------+---------+---------+------+
|DSP                  |        -|      -|        -|        -|     -|
|Expression           |        -|      -|        0|      102|     -|
|FIFO                 |        -|      -|        -|        -|     -|
|Instance             |        -|      -|        -|        -|     -|
|Memory               |        -|      -|        -|        -|     -|
|Multiplexer          |        -|      -|        -|       63|     -|
|Register             |        -|      -|     4926|       96|     -|
+---------------------+---------+-------+---------+---------+------+
|Total                |        0|      0|     4926|      261|     0|
+---------------------+---------+-------+---------+---------+------+
|Available SLR        |     1344|   3072|   864000|   432000|   320|
+---------------------+---------+-------+---------+---------+------+
|Utilization SLR (%)  |        0|      0|       ~0|       ~0|     0|
+---------------------+---------+-------+---------+---------+------+
|Available            |     5376|  12288|  3456000|  1728000|  1280|
+---------------------+---------+-------+---------+---------+------+
|Utilization (%)      |        0|      0|       ~0|       ~0|     0|
+---------------------+---------+-------+---------+---------+------+

+ Detail: 
    * Instance: 
    N/A

    * DSP: 
    N/A

    * Memory: 
    N/A

    * FIFO: 
    N/A

    * Expression: 
    +------------------------------------+----------+----+---+----+------------+------------+
    |            Variable Name           | Operation| DSP| FF| LUT| Bitwidth P0| Bitwidth P1|
    +------------------------------------+----------+----+---+----+------------+------------+
    |add_ln265_fu_618_p2                 |         +|   0|  0|  13|           6|           1|
    |add_ln273_1_fu_646_p2               |         +|   0|  0|  21|          14|          14|
    |add_ln273_2_fu_662_p2               |         +|   0|  0|  21|          14|          14|
    |add_ln273_fu_628_p2                 |         +|   0|  0|  20|          13|          13|
    |ap_block_pp0_stage0_00001           |       and|   0|  0|   2|           1|           1|
    |ap_block_pp0_stage0_11001           |       and|   0|  0|   2|           1|           1|
    |icmp_ln265_fu_612_p2                |      icmp|   0|  0|  10|           6|           6|
    |ap_block_state33_io                 |        or|   0|  0|   2|           1|           1|
    |ap_block_state33_pp0_stage0_iter32  |        or|   0|  0|   2|           1|           1|
    |or_ln273_fu_652_p2                  |        or|   0|  0|   7|           7|           1|
    |ap_enable_pp0                       |       xor|   0|  0|   2|           1|           2|
    +------------------------------------+----------+----+---+----+------------+------------+
    |Total                               |          |   0|  0| 102|          65|          55|
    +------------------------------------+----------+----+---+----+------------+------------+

    * Multiplexer: 
    +-----------------------------------+----+-----------+-----+-----------+
    |                Name               | LUT| Input Size| Bits| Total Bits|
    +-----------------------------------+----+-----------+-----+-----------+
    |ap_done_int                        |   9|          2|    1|          2|
    |ap_loop_exit_ready_pp0_iter32_reg  |   9|          2|    1|          2|
    |ap_sig_allocacmp_p_1               |   9|          2|    6|         12|
    |attn_mid_stream_TDATA_blk_n        |   9|          2|    1|          2|
    |ffn_residual_stream_TDATA_blk_n    |   9|          2|    1|          2|
    |gmem_attn_mid_blk_n_W              |   9|          2|    1|          2|
    |p_fu_160                           |   9|          2|    6|         12|
    +-----------------------------------+----+-----------+-----+-----------+
    |Total                              |  63|         14|   17|         34|
    +-----------------------------------+----+-----------+-----+-----------+

    * Register: 
    +-----------------------------------+----+----+-----+-----------+
    |                Name               | FF | LUT| Bits| Const Bits|
    +-----------------------------------+----+----+-----+-----------+
    |add_ln273_1_reg_1714               |  14|   0|   14|          0|
    |add_ln273_2_reg_1719               |  14|   0|   14|          0|
    |add_ln273_reg_1709                 |  13|   0|   13|          0|
    |ap_CS_fsm                          |   1|   0|    1|          0|
    |ap_done_reg                        |   1|   0|    1|          0|
    |ap_enable_reg_pp0_iter1            |   1|   0|    1|          0|
    |ap_enable_reg_pp0_iter10           |   1|   0|    1|          0|
    |ap_enable_reg_pp0_iter11           |   1|   0|    1|          0|
    |ap_enable_reg_pp0_iter12           |   1|   0|    1|          0|
    |ap_enable_reg_pp0_iter13           |   1|   0|    1|          0|
    |ap_enable_reg_pp0_iter14           |   1|   0|    1|          0|
    |ap_enable_reg_pp0_iter15           |   1|   0|    1|          0|
    |ap_enable_reg_pp0_iter16           |   1|   0|    1|          0|
    |ap_enable_reg_pp0_iter17           |   1|   0|    1|          0|
    |ap_enable_reg_pp0_iter18           |   1|   0|    1|          0|
    |ap_enable_reg_pp0_iter19           |   1|   0|    1|          0|
    |ap_enable_reg_pp0_iter2            |   1|   0|    1|          0|
    |ap_enable_reg_pp0_iter20           |   1|   0|    1|          0|
    |ap_enable_reg_pp0_iter21           |   1|   0|    1|          0|
    |ap_enable_reg_pp0_iter22           |   1|   0|    1|          0|
    |ap_enable_reg_pp0_iter23           |   1|   0|    1|          0|
    |ap_enable_reg_pp0_iter24           |   1|   0|    1|          0|
    |ap_enable_reg_pp0_iter25           |   1|   0|    1|          0|
    |ap_enable_reg_pp0_iter26           |   1|   0|    1|          0|
    |ap_enable_reg_pp0_iter27           |   1|   0|    1|          0|
    |ap_enable_reg_pp0_iter28           |   1|   0|    1|          0|
    |ap_enable_reg_pp0_iter29           |   1|   0|    1|          0|
    |ap_enable_reg_pp0_iter3            |   1|   0|    1|          0|
    |ap_enable_reg_pp0_iter30           |   1|   0|    1|          0|
    |ap_enable_reg_pp0_iter31           |   1|   0|    1|          0|
    |ap_enable_reg_pp0_iter32           |   1|   0|    1|          0|
    |ap_enable_reg_pp0_iter4            |   1|   0|    1|          0|
    |ap_enable_reg_pp0_iter5            |   1|   0|    1|          0|
    |ap_enable_reg_pp0_iter6            |   1|   0|    1|          0|
    |ap_enable_reg_pp0_iter7            |   1|   0|    1|          0|
    |ap_enable_reg_pp0_iter8            |   1|   0|    1|          0|
    |ap_enable_reg_pp0_iter9            |   1|   0|    1|          0|
    |ap_loop_exit_ready_pp0_iter10_reg  |   1|   0|    1|          0|
    |ap_loop_exit_ready_pp0_iter11_reg  |   1|   0|    1|          0|
    |ap_loop_exit_ready_pp0_iter12_reg  |   1|   0|    1|          0|
    |ap_loop_exit_ready_pp0_iter13_reg  |   1|   0|    1|          0|
    |ap_loop_exit_ready_pp0_iter14_reg  |   1|   0|    1|          0|
    |ap_loop_exit_ready_pp0_iter15_reg  |   1|   0|    1|          0|
    |ap_loop_exit_ready_pp0_iter16_reg  |   1|   0|    1|          0|
    |ap_loop_exit_ready_pp0_iter17_reg  |   1|   0|    1|          0|
    |ap_loop_exit_ready_pp0_iter18_reg  |   1|   0|    1|          0|
    |ap_loop_exit_ready_pp0_iter19_reg  |   1|   0|    1|          0|
    |ap_loop_exit_ready_pp0_iter1_reg   |   1|   0|    1|          0|
    |ap_loop_exit_ready_pp0_iter20_reg  |   1|   0|    1|          0|
    |ap_loop_exit_ready_pp0_iter21_reg  |   1|   0|    1|          0|
    |ap_loop_exit_ready_pp0_iter22_reg  |   1|   0|    1|          0|
    |ap_loop_exit_ready_pp0_iter23_reg  |   1|   0|    1|          0|
    |ap_loop_exit_ready_pp0_iter24_reg  |   1|   0|    1|          0|
    |ap_loop_exit_ready_pp0_iter25_reg  |   1|   0|    1|          0|
    |ap_loop_exit_ready_pp0_iter26_reg  |   1|   0|    1|          0|
    |ap_loop_exit_ready_pp0_iter27_reg  |   1|   0|    1|          0|
    |ap_loop_exit_ready_pp0_iter28_reg  |   1|   0|    1|          0|
    |ap_loop_exit_ready_pp0_iter29_reg  |   1|   0|    1|          0|
    |ap_loop_exit_ready_pp0_iter2_reg   |   1|   0|    1|          0|
    |ap_loop_exit_ready_pp0_iter30_reg  |   1|   0|    1|          0|
    |ap_loop_exit_ready_pp0_iter31_reg  |   1|   0|    1|          0|
    |ap_loop_exit_ready_pp0_iter32_reg  |   1|   0|    1|          0|
    |ap_loop_exit_ready_pp0_iter3_reg   |   1|   0|    1|          0|
    |ap_loop_exit_ready_pp0_iter4_reg   |   1|   0|    1|          0|
    |ap_loop_exit_ready_pp0_iter5_reg   |   1|   0|    1|          0|
    |ap_loop_exit_ready_pp0_iter6_reg   |   1|   0|    1|          0|
    |ap_loop_exit_ready_pp0_iter7_reg   |   1|   0|    1|          0|
    |ap_loop_exit_ready_pp0_iter8_reg   |   1|   0|    1|          0|
    |ap_loop_exit_ready_pp0_iter9_reg   |   1|   0|    1|          0|
    |icmp_ln265_reg_1705                |   1|   0|    1|          0|
    |lane_16_reg_2719                   |  32|   0|   32|          0|
    |lane_17_reg_2724                   |  32|   0|   32|          0|
    |lane_18_reg_2729                   |  32|   0|   32|          0|
    |lane_19_reg_2734                   |  32|   0|   32|          0|
    |lane_20_reg_2739                   |  32|   0|   32|          0|
    |lane_21_reg_2744                   |  32|   0|   32|          0|
    |lane_22_reg_2749                   |  32|   0|   32|          0|
    |lane_23_reg_2754                   |  32|   0|   32|          0|
    |lane_24_reg_2759                   |  32|   0|   32|          0|
    |lane_25_reg_2764                   |  32|   0|   32|          0|
    |lane_26_reg_2769                   |  32|   0|   32|          0|
    |lane_27_reg_2774                   |  32|   0|   32|          0|
    |lane_28_reg_2779                   |  32|   0|   32|          0|
    |lane_29_reg_2784                   |  32|   0|   32|          0|
    |lane_30_reg_2789                   |  32|   0|   32|          0|
    |lane_reg_2714                      |  32|   0|   32|          0|
    |mul4_reg_2229                      |  32|   0|   32|          0|
    |mul5_reg_2474                      |  32|   0|   32|          0|
    |mul81_10_reg_2339                  |  32|   0|   32|          0|
    |mul81_11_reg_2349                  |  32|   0|   32|          0|
    |mul81_12_reg_2359                  |  32|   0|   32|          0|
    |mul81_13_reg_2369                  |  32|   0|   32|          0|
    |mul81_14_reg_2379                  |  32|   0|   32|          0|
    |mul81_1_reg_2239                   |  32|   0|   32|          0|
    |mul81_2_reg_2249                   |  32|   0|   32|          0|
    |mul81_3_reg_2259                   |  32|   0|   32|          0|
    |mul81_4_reg_2269                   |  32|   0|   32|          0|
    |mul81_5_reg_2279                   |  32|   0|   32|          0|
    |mul81_6_reg_2289                   |  32|   0|   32|          0|
    |mul81_7_reg_2299                   |  32|   0|   32|          0|
    |mul81_8_reg_2309                   |  32|   0|   32|          0|
    |mul81_9_reg_2319                   |  32|   0|   32|          0|
    |mul81_s_reg_2329                   |  32|   0|   32|          0|
    |mul84_10_reg_2584                  |  32|   0|   32|          0|
    |mul84_11_reg_2594                  |  32|   0|   32|          0|
    |mul84_12_reg_2604                  |  32|   0|   32|          0|
    |mul84_13_reg_2614                  |  32|   0|   32|          0|
    |mul84_14_reg_2624                  |  32|   0|   32|          0|
    |mul84_1_reg_2484                   |  32|   0|   32|          0|
    |mul84_2_reg_2494                   |  32|   0|   32|          0|
    |mul84_3_reg_2504                   |  32|   0|   32|          0|
    |mul84_4_reg_2514                   |  32|   0|   32|          0|
    |mul84_5_reg_2524                   |  32|   0|   32|          0|
    |mul84_6_reg_2534                   |  32|   0|   32|          0|
    |mul84_7_reg_2544                   |  32|   0|   32|          0|
    |mul84_8_reg_2554                   |  32|   0|   32|          0|
    |mul84_9_reg_2564                   |  32|   0|   32|          0|
    |mul84_s_reg_2574                   |  32|   0|   32|          0|
    |p_1_reg_1700                       |   6|   0|    6|          0|
    |p_fu_160                           |   6|   0|    6|          0|
    |sub80_10_reg_2194                  |  32|   0|   32|          0|
    |sub80_11_reg_2199                  |  32|   0|   32|          0|
    |sub80_12_reg_2204                  |  32|   0|   32|          0|
    |sub80_13_reg_2209                  |  32|   0|   32|          0|
    |sub80_14_reg_2214                  |  32|   0|   32|          0|
    |sub80_1_reg_2144                   |  32|   0|   32|          0|
    |sub80_2_reg_2149                   |  32|   0|   32|          0|
    |sub80_3_reg_2154                   |  32|   0|   32|          0|
    |sub80_4_reg_2159                   |  32|   0|   32|          0|
    |sub80_5_reg_2164                   |  32|   0|   32|          0|
    |sub80_6_reg_2169                   |  32|   0|   32|          0|
    |sub80_7_reg_2174                   |  32|   0|   32|          0|
    |sub80_8_reg_2179                   |  32|   0|   32|          0|
    |sub80_9_reg_2184                   |  32|   0|   32|          0|
    |sub80_s_reg_2189                   |  32|   0|   32|          0|
    |sub_reg_2139                       |  32|   0|   32|          0|
    |tmp_10_reg_2264                    |  32|   0|   32|          0|
    |tmp_11_reg_2509                    |  32|   0|   32|          0|
    |tmp_12_reg_1779                    |  32|   0|   32|          0|
    |tmp_13_reg_1784                    |  32|   0|   32|          0|
    |tmp_14_reg_2274                    |  32|   0|   32|          0|
    |tmp_15_reg_2519                    |  32|   0|   32|          0|
    |tmp_16_reg_1789                    |  32|   0|   32|          0|
    |tmp_17_reg_1794                    |  32|   0|   32|          0|
    |tmp_18_reg_2284                    |  32|   0|   32|          0|
    |tmp_19_reg_2529                    |  32|   0|   32|          0|
    |tmp_1_reg_1754                     |  32|   0|   32|          0|
    |tmp_20_reg_1799                    |  32|   0|   32|          0|
    |tmp_21_reg_1804                    |  32|   0|   32|          0|
    |tmp_22_reg_2294                    |  32|   0|   32|          0|
    |tmp_23_reg_2539                    |  32|   0|   32|          0|
    |tmp_24_reg_1809                    |  32|   0|   32|          0|
    |tmp_25_reg_1814                    |  32|   0|   32|          0|
    |tmp_26_reg_2304                    |  32|   0|   32|          0|
    |tmp_27_reg_2549                    |  32|   0|   32|          0|
    |tmp_28_reg_1819                    |  32|   0|   32|          0|
    |tmp_29_reg_2314                    |  32|   0|   32|          0|
    |tmp_2_reg_2244                     |  32|   0|   32|          0|
    |tmp_30_reg_2559                    |  32|   0|   32|          0|
    |tmp_31_reg_1829                    |  32|   0|   32|          0|
    |tmp_32_reg_1834                    |  32|   0|   32|          0|
    |tmp_33_reg_2324                    |  32|   0|   32|          0|
    |tmp_34_reg_2569                    |  32|   0|   32|          0|
    |tmp_35_reg_1839                    |  32|   0|   32|          0|
    |tmp_36_reg_1844                    |  32|   0|   32|          0|
    |tmp_37_reg_2334                    |  32|   0|   32|          0|
    |tmp_38_reg_2579                    |  32|   0|   32|          0|
    |tmp_39_reg_1849                    |  32|   0|   32|          0|
    |tmp_3_reg_2489                     |  32|   0|   32|          0|
    |tmp_40_reg_1854                    |  32|   0|   32|          0|
    |tmp_41_reg_2344                    |  32|   0|   32|          0|
    |tmp_42_reg_2589                    |  32|   0|   32|          0|
    |tmp_43_reg_1859                    |  32|   0|   32|          0|
    |tmp_44_reg_1864                    |  32|   0|   32|          0|
    |tmp_45_reg_2354                    |  32|   0|   32|          0|
    |tmp_46_reg_2599                    |  32|   0|   32|          0|
    |tmp_47_reg_1869                    |  32|   0|   32|          0|
    |tmp_48_reg_1874                    |  32|   0|   32|          0|
    |tmp_49_reg_2364                    |  32|   0|   32|          0|
    |tmp_4_reg_1759                     |  32|   0|   32|          0|
    |tmp_50_reg_2609                    |  32|   0|   32|          0|
    |tmp_51_reg_1879                    |  32|   0|   32|          0|
    |tmp_52_reg_1884                    |  32|   0|   32|          0|
    |tmp_53_reg_2374                    |  32|   0|   32|          0|
    |tmp_54_reg_2619                    |  32|   0|   32|          0|
    |tmp_55_reg_1889                    |  32|   0|   32|          0|
    |tmp_56_reg_1894                    |  32|   0|   32|          0|
    |tmp_57_reg_2384                    |  32|   0|   32|          0|
    |tmp_58_reg_2629                    |  32|   0|   32|          0|
    |tmp_5_reg_1764                     |  32|   0|   32|          0|
    |tmp_6_reg_2254                     |  32|   0|   32|          0|
    |tmp_7_reg_2499                     |  32|   0|   32|          0|
    |tmp_8_reg_1769                     |  32|   0|   32|          0|
    |tmp_9_reg_1774                     |  32|   0|   32|          0|
    |tmp_s_reg_1749                     |  32|   0|   32|          0|
    |trunc_ln273_1_reg_1744             |  32|   0|   32|          0|
    |trunc_ln273_2_reg_1824             |  32|   0|   32|          0|
    |trunc_ln273_reg_1739               |  32|   0|   32|          0|
    |trunc_ln274_1_reg_2479             |  32|   0|   32|          0|
    |trunc_ln274_reg_2234               |  32|   0|   32|          0|
    |x_10_reg_2109                      |  32|   0|   32|          0|
    |x_11_reg_2114                      |  32|   0|   32|          0|
    |x_12_reg_2119                      |  32|   0|   32|          0|
    |x_13_reg_2124                      |  32|   0|   32|          0|
    |x_14_reg_2129                      |  32|   0|   32|          0|
    |x_15_reg_2134                      |  32|   0|   32|          0|
    |x_1_reg_2064                       |  32|   0|   32|          0|
    |x_2_reg_2069                       |  32|   0|   32|          0|
    |x_3_reg_2074                       |  32|   0|   32|          0|
    |x_4_reg_2079                       |  32|   0|   32|          0|
    |x_5_reg_2084                       |  32|   0|   32|          0|
    |x_6_reg_2089                       |  32|   0|   32|          0|
    |x_7_reg_2094                       |  32|   0|   32|          0|
    |x_8_reg_2099                       |  32|   0|   32|          0|
    |x_9_reg_2104                       |  32|   0|   32|          0|
    |x_reg_2059                         |  32|   0|   32|          0|
    |zext_ln265_reg_2219                |   6|   0|   64|         58|
    |icmp_ln265_reg_1705                |  64|  32|    1|          0|
    |p_1_reg_1700                       |  64|  32|    6|          0|
    |zext_ln265_reg_2219                |  64|  32|   64|         58|
    +-----------------------------------+----+----+-----+-----------+
    |Total                              |4926|  96| 4863|        116|
    +-----------------------------------+----+----+-----+-----------+



================================================================
== Interface
================================================================
* Summary: 
+------------------------------+-----+-----+------------+--------------------------------------------------+--------------+
|           RTL Ports          | Dir | Bits|  Protocol  |                   Source Object                  |    C Type    |
+------------------------------+-----+-----+------------+--------------------------------------------------+--------------+
|ap_clk                        |   in|    1|  ap_ctrl_hs|  residual_norm_and_write_Pipeline_NORM_WRITE_PACK|  return value|
|ap_rst                        |   in|    1|  ap_ctrl_hs|  residual_norm_and_write_Pipeline_NORM_WRITE_PACK|  return value|
|ap_start                      |   in|    1|  ap_ctrl_hs|  residual_norm_and_write_Pipeline_NORM_WRITE_PACK|  return value|
|ap_done                       |  out|    1|  ap_ctrl_hs|  residual_norm_and_write_Pipeline_NORM_WRITE_PACK|  return value|
|ap_idle                       |  out|    1|  ap_ctrl_hs|  residual_norm_and_write_Pipeline_NORM_WRITE_PACK|  return value|
|ap_ready                      |  out|    1|  ap_ctrl_hs|  residual_norm_and_write_Pipeline_NORM_WRITE_PACK|  return value|
|grp_fu_405_p_din0             |  out|   32|  ap_ctrl_hs|  residual_norm_and_write_Pipeline_NORM_WRITE_PACK|  return value|
|grp_fu_405_p_din1             |  out|   32|  ap_ctrl_hs|  residual_norm_and_write_Pipeline_NORM_WRITE_PACK|  return value|
|grp_fu_405_p_opcode           |  out|    1|  ap_ctrl_hs|  residual_norm_and_write_Pipeline_NORM_WRITE_PACK|  return value|
|grp_fu_405_p_dout0            |   in|   32|  ap_ctrl_hs|  residual_norm_and_write_Pipeline_NORM_WRITE_PACK|  return value|
|grp_fu_405_p_ce               |  out|    1|  ap_ctrl_hs|  residual_norm_and_write_Pipeline_NORM_WRITE_PACK|  return value|
|grp_fu_1040_p_din0            |  out|   32|  ap_ctrl_hs|  residual_norm_and_write_Pipeline_NORM_WRITE_PACK|  return value|
|grp_fu_1040_p_din1            |  out|   32|  ap_ctrl_hs|  residual_norm_and_write_Pipeline_NORM_WRITE_PACK|  return value|
|grp_fu_1040_p_opcode          |  out|    2|  ap_ctrl_hs|  residual_norm_and_write_Pipeline_NORM_WRITE_PACK|  return value|
|grp_fu_1040_p_dout0           |   in|   32|  ap_ctrl_hs|  residual_norm_and_write_Pipeline_NORM_WRITE_PACK|  return value|
|grp_fu_1040_p_ce              |  out|    1|  ap_ctrl_hs|  residual_norm_and_write_Pipeline_NORM_WRITE_PACK|  return value|
|grp_fu_1044_p_din0            |  out|   32|  ap_ctrl_hs|  residual_norm_and_write_Pipeline_NORM_WRITE_PACK|  return value|
|grp_fu_1044_p_din1            |  out|   32|  ap_ctrl_hs|  residual_norm_and_write_Pipeline_NORM_WRITE_PACK|  return value|
|grp_fu_1044_p_opcode          |  out|    2|  ap_ctrl_hs|  residual_norm_and_write_Pipeline_NORM_WRITE_PACK|  return value|
|grp_fu_1044_p_dout0           |   in|   32|  ap_ctrl_hs|  residual_norm_and_write_Pipeline_NORM_WRITE_PACK|  return value|
|grp_fu_1044_p_ce              |  out|    1|  ap_ctrl_hs|  residual_norm_and_write_Pipeline_NORM_WRITE_PACK|  return value|
|grp_fu_1048_p_din0            |  out|   32|  ap_ctrl_hs|  residual_norm_and_write_Pipeline_NORM_WRITE_PACK|  return value|
|grp_fu_1048_p_din1            |  out|   32|  ap_ctrl_hs|  residual_norm_and_write_Pipeline_NORM_WRITE_PACK|  return value|
|grp_fu_1048_p_opcode          |  out|    2|  ap_ctrl_hs|  residual_norm_and_write_Pipeline_NORM_WRITE_PACK|  return value|
|grp_fu_1048_p_dout0           |   in|   32|  ap_ctrl_hs|  residual_norm_and_write_Pipeline_NORM_WRITE_PACK|  return value|
|grp_fu_1048_p_ce              |  out|    1|  ap_ctrl_hs|  residual_norm_and_write_Pipeline_NORM_WRITE_PACK|  return value|
|grp_fu_1060_p_din0            |  out|   32|  ap_ctrl_hs|  residual_norm_and_write_Pipeline_NORM_WRITE_PACK|  return value|
|grp_fu_1060_p_din1            |  out|   32|  ap_ctrl_hs|  residual_norm_and_write_Pipeline_NORM_WRITE_PACK|  return value|
|grp_fu_1060_p_opcode          |  out|    2|  ap_ctrl_hs|  residual_norm_and_write_Pipeline_NORM_WRITE_PACK|  return value|
|grp_fu_1060_p_dout0           |   in|   32|  ap_ctrl_hs|  residual_norm_and_write_Pipeline_NORM_WRITE_PACK|  return value|
|grp_fu_1060_p_ce              |  out|    1|  ap_ctrl_hs|  residual_norm_and_write_Pipeline_NORM_WRITE_PACK|  return value|
|grp_fu_1064_p_din0            |  out|   32|  ap_ctrl_hs|  residual_norm_and_write_Pipeline_NORM_WRITE_PACK|  return value|
|grp_fu_1064_p_din1            |  out|   32|  ap_ctrl_hs|  residual_norm_and_write_Pipeline_NORM_WRITE_PACK|  return value|
|grp_fu_1064_p_opcode          |  out|    2|  ap_ctrl_hs|  residual_norm_and_write_Pipeline_NORM_WRITE_PACK|  return value|
|grp_fu_1064_p_dout0           |   in|   32|  ap_ctrl_hs|  residual_norm_and_write_Pipeline_NORM_WRITE_PACK|  return value|
|grp_fu_1064_p_ce              |  out|    1|  ap_ctrl_hs|  residual_norm_and_write_Pipeline_NORM_WRITE_PACK|  return value|
|grp_fu_1068_p_din0            |  out|   32|  ap_ctrl_hs|  residual_norm_and_write_Pipeline_NORM_WRITE_PACK|  return value|
|grp_fu_1068_p_din1            |  out|   32|  ap_ctrl_hs|  residual_norm_and_write_Pipeline_NORM_WRITE_PACK|  return value|
|grp_fu_1068_p_opcode          |  out|    2|  ap_ctrl_hs|  residual_norm_and_write_Pipeline_NORM_WRITE_PACK|  return value|
|grp_fu_1068_p_dout0           |   in|   32|  ap_ctrl_hs|  residual_norm_and_write_Pipeline_NORM_WRITE_PACK|  return value|
|grp_fu_1068_p_ce              |  out|    1|  ap_ctrl_hs|  residual_norm_and_write_Pipeline_NORM_WRITE_PACK|  return value|
|grp_fu_1072_p_din0            |  out|   32|  ap_ctrl_hs|  residual_norm_and_write_Pipeline_NORM_WRITE_PACK|  return value|
|grp_fu_1072_p_din1            |  out|   32|  ap_ctrl_hs|  residual_norm_and_write_Pipeline_NORM_WRITE_PACK|  return value|
|grp_fu_1072_p_opcode          |  out|    2|  ap_ctrl_hs|  residual_norm_and_write_Pipeline_NORM_WRITE_PACK|  return value|
|grp_fu_1072_p_dout0           |   in|   32|  ap_ctrl_hs|  residual_norm_and_write_Pipeline_NORM_WRITE_PACK|  return value|
|grp_fu_1072_p_ce              |  out|    1|  ap_ctrl_hs|  residual_norm_and_write_Pipeline_NORM_WRITE_PACK|  return value|
|grp_fu_1076_p_din0            |  out|   32|  ap_ctrl_hs|  residual_norm_and_write_Pipeline_NORM_WRITE_PACK|  return value|
|grp_fu_1076_p_din1            |  out|   32|  ap_ctrl_hs|  residual_norm_and_write_Pipeline_NORM_WRITE_PACK|  return value|
|grp_fu_1076_p_opcode          |  out|    2|  ap_ctrl_hs|  residual_norm_and_write_Pipeline_NORM_WRITE_PACK|  return value|
|grp_fu_1076_p_dout0           |   in|   32|  ap_ctrl_hs|  residual_norm_and_write_Pipeline_NORM_WRITE_PACK|  return value|
|grp_fu_1076_p_ce              |  out|    1|  ap_ctrl_hs|  residual_norm_and_write_Pipeline_NORM_WRITE_PACK|  return value|
|grp_fu_1080_p_din0            |  out|   32|  ap_ctrl_hs|  residual_norm_and_write_Pipeline_NORM_WRITE_PACK|  return value|
|grp_fu_1080_p_din1            |  out|   32|  ap_ctrl_hs|  residual_norm_and_write_Pipeline_NORM_WRITE_PACK|  return value|
|grp_fu_1080_p_opcode          |  out|    2|  ap_ctrl_hs|  residual_norm_and_write_Pipeline_NORM_WRITE_PACK|  return value|
|grp_fu_1080_p_dout0           |   in|   32|  ap_ctrl_hs|  residual_norm_and_write_Pipeline_NORM_WRITE_PACK|  return value|
|grp_fu_1080_p_ce              |  out|    1|  ap_ctrl_hs|  residual_norm_and_write_Pipeline_NORM_WRITE_PACK|  return value|
|grp_fu_1084_p_din0            |  out|   32|  ap_ctrl_hs|  residual_norm_and_write_Pipeline_NORM_WRITE_PACK|  return value|
|grp_fu_1084_p_din1            |  out|   32|  ap_ctrl_hs|  residual_norm_and_write_Pipeline_NORM_WRITE_PACK|  return value|
|grp_fu_1084_p_opcode          |  out|    2|  ap_ctrl_hs|  residual_norm_and_write_Pipeline_NORM_WRITE_PACK|  return value|
|grp_fu_1084_p_dout0           |   in|   32|  ap_ctrl_hs|  residual_norm_and_write_Pipeline_NORM_WRITE_PACK|  return value|
|grp_fu_1084_p_ce              |  out|    1|  ap_ctrl_hs|  residual_norm_and_write_Pipeline_NORM_WRITE_PACK|  return value|
|grp_fu_1088_p_din0            |  out|   32|  ap_ctrl_hs|  residual_norm_and_write_Pipeline_NORM_WRITE_PACK|  return value|
|grp_fu_1088_p_din1            |  out|   32|  ap_ctrl_hs|  residual_norm_and_write_Pipeline_NORM_WRITE_PACK|  return value|
|grp_fu_1088_p_opcode          |  out|    2|  ap_ctrl_hs|  residual_norm_and_write_Pipeline_NORM_WRITE_PACK|  return value|
|grp_fu_1088_p_dout0           |   in|   32|  ap_ctrl_hs|  residual_norm_and_write_Pipeline_NORM_WRITE_PACK|  return value|
|grp_fu_1088_p_ce              |  out|    1|  ap_ctrl_hs|  residual_norm_and_write_Pipeline_NORM_WRITE_PACK|  return value|
|grp_fu_1092_p_din0            |  out|   32|  ap_ctrl_hs|  residual_norm_and_write_Pipeline_NORM_WRITE_PACK|  return value|
|grp_fu_1092_p_din1            |  out|   32|  ap_ctrl_hs|  residual_norm_and_write_Pipeline_NORM_WRITE_PACK|  return value|
|grp_fu_1092_p_opcode          |  out|    2|  ap_ctrl_hs|  residual_norm_and_write_Pipeline_NORM_WRITE_PACK|  return value|
|grp_fu_1092_p_dout0           |   in|   32|  ap_ctrl_hs|  residual_norm_and_write_Pipeline_NORM_WRITE_PACK|  return value|
|grp_fu_1092_p_ce              |  out|    1|  ap_ctrl_hs|  residual_norm_and_write_Pipeline_NORM_WRITE_PACK|  return value|
|grp_fu_1096_p_din0            |  out|   32|  ap_ctrl_hs|  residual_norm_and_write_Pipeline_NORM_WRITE_PACK|  return value|
|grp_fu_1096_p_din1            |  out|   32|  ap_ctrl_hs|  residual_norm_and_write_Pipeline_NORM_WRITE_PACK|  return value|
|grp_fu_1096_p_opcode          |  out|    2|  ap_ctrl_hs|  residual_norm_and_write_Pipeline_NORM_WRITE_PACK|  return value|
|grp_fu_1096_p_dout0           |   in|   32|  ap_ctrl_hs|  residual_norm_and_write_Pipeline_NORM_WRITE_PACK|  return value|
|grp_fu_1096_p_ce              |  out|    1|  ap_ctrl_hs|  residual_norm_and_write_Pipeline_NORM_WRITE_PACK|  return value|
|grp_fu_1100_p_din0            |  out|   32|  ap_ctrl_hs|  residual_norm_and_write_Pipeline_NORM_WRITE_PACK|  return value|
|grp_fu_1100_p_din1            |  out|   32|  ap_ctrl_hs|  residual_norm_and_write_Pipeline_NORM_WRITE_PACK|  return value|
|grp_fu_1100_p_opcode          |  out|    2|  ap_ctrl_hs|  residual_norm_and_write_Pipeline_NORM_WRITE_PACK|  return value|
|grp_fu_1100_p_dout0           |   in|   32|  ap_ctrl_hs|  residual_norm_and_write_Pipeline_NORM_WRITE_PACK|  return value|
|grp_fu_1100_p_ce              |  out|    1|  ap_ctrl_hs|  residual_norm_and_write_Pipeline_NORM_WRITE_PACK|  return value|
|grp_fu_1104_p_din0            |  out|   32|  ap_ctrl_hs|  residual_norm_and_write_Pipeline_NORM_WRITE_PACK|  return value|
|grp_fu_1104_p_din1            |  out|   32|  ap_ctrl_hs|  residual_norm_and_write_Pipeline_NORM_WRITE_PACK|  return value|
|grp_fu_1104_p_opcode          |  out|    2|  ap_ctrl_hs|  residual_norm_and_write_Pipeline_NORM_WRITE_PACK|  return value|
|grp_fu_1104_p_dout0           |   in|   32|  ap_ctrl_hs|  residual_norm_and_write_Pipeline_NORM_WRITE_PACK|  return value|
|grp_fu_1104_p_ce              |  out|    1|  ap_ctrl_hs|  residual_norm_and_write_Pipeline_NORM_WRITE_PACK|  return value|
|grp_fu_1108_p_din0            |  out|   32|  ap_ctrl_hs|  residual_norm_and_write_Pipeline_NORM_WRITE_PACK|  return value|
|grp_fu_1108_p_din1            |  out|   32|  ap_ctrl_hs|  residual_norm_and_write_Pipeline_NORM_WRITE_PACK|  return value|
|grp_fu_1108_p_opcode          |  out|    1|  ap_ctrl_hs|  residual_norm_and_write_Pipeline_NORM_WRITE_PACK|  return value|
|grp_fu_1108_p_dout0           |   in|   32|  ap_ctrl_hs|  residual_norm_and_write_Pipeline_NORM_WRITE_PACK|  return value|
|grp_fu_1108_p_ce              |  out|    1|  ap_ctrl_hs|  residual_norm_and_write_Pipeline_NORM_WRITE_PACK|  return value|
|grp_fu_1112_p_din0            |  out|   32|  ap_ctrl_hs|  residual_norm_and_write_Pipeline_NORM_WRITE_PACK|  return value|
|grp_fu_1112_p_din1            |  out|   32|  ap_ctrl_hs|  residual_norm_and_write_Pipeline_NORM_WRITE_PACK|  return value|
|grp_fu_1112_p_opcode          |  out|    1|  ap_ctrl_hs|  residual_norm_and_write_Pipeline_NORM_WRITE_PACK|  return value|
|grp_fu_1112_p_dout0           |   in|   32|  ap_ctrl_hs|  residual_norm_and_write_Pipeline_NORM_WRITE_PACK|  return value|
|grp_fu_1112_p_ce              |  out|    1|  ap_ctrl_hs|  residual_norm_and_write_Pipeline_NORM_WRITE_PACK|  return value|
|grp_fu_1116_p_din0            |  out|   32|  ap_ctrl_hs|  residual_norm_and_write_Pipeline_NORM_WRITE_PACK|  return value|
|grp_fu_1116_p_din1            |  out|   32|  ap_ctrl_hs|  residual_norm_and_write_Pipeline_NORM_WRITE_PACK|  return value|
|grp_fu_1116_p_opcode          |  out|    1|  ap_ctrl_hs|  residual_norm_and_write_Pipeline_NORM_WRITE_PACK|  return value|
|grp_fu_1116_p_dout0           |   in|   32|  ap_ctrl_hs|  residual_norm_and_write_Pipeline_NORM_WRITE_PACK|  return value|
|grp_fu_1116_p_ce              |  out|    1|  ap_ctrl_hs|  residual_norm_and_write_Pipeline_NORM_WRITE_PACK|  return value|
|grp_fu_1120_p_din0            |  out|   32|  ap_ctrl_hs|  residual_norm_and_write_Pipeline_NORM_WRITE_PACK|  return value|
|grp_fu_1120_p_din1            |  out|   32|  ap_ctrl_hs|  residual_norm_and_write_Pipeline_NORM_WRITE_PACK|  return value|
|grp_fu_1120_p_opcode          |  out|    1|  ap_ctrl_hs|  residual_norm_and_write_Pipeline_NORM_WRITE_PACK|  return value|
|grp_fu_1120_p_dout0           |   in|   32|  ap_ctrl_hs|  residual_norm_and_write_Pipeline_NORM_WRITE_PACK|  return value|
|grp_fu_1120_p_ce              |  out|    1|  ap_ctrl_hs|  residual_norm_and_write_Pipeline_NORM_WRITE_PACK|  return value|
|grp_fu_1124_p_din0            |  out|   32|  ap_ctrl_hs|  residual_norm_and_write_Pipeline_NORM_WRITE_PACK|  return value|
|grp_fu_1124_p_din1            |  out|   32|  ap_ctrl_hs|  residual_norm_and_write_Pipeline_NORM_WRITE_PACK|  return value|
|grp_fu_1124_p_opcode          |  out|    1|  ap_ctrl_hs|  residual_norm_and_write_Pipeline_NORM_WRITE_PACK|  return value|
|grp_fu_1124_p_dout0           |   in|   32|  ap_ctrl_hs|  residual_norm_and_write_Pipeline_NORM_WRITE_PACK|  return value|
|grp_fu_1124_p_ce              |  out|    1|  ap_ctrl_hs|  residual_norm_and_write_Pipeline_NORM_WRITE_PACK|  return value|
|grp_fu_1128_p_din0            |  out|   32|  ap_ctrl_hs|  residual_norm_and_write_Pipeline_NORM_WRITE_PACK|  return value|
|grp_fu_1128_p_din1            |  out|   32|  ap_ctrl_hs|  residual_norm_and_write_Pipeline_NORM_WRITE_PACK|  return value|
|grp_fu_1128_p_opcode          |  out|    1|  ap_ctrl_hs|  residual_norm_and_write_Pipeline_NORM_WRITE_PACK|  return value|
|grp_fu_1128_p_dout0           |   in|   32|  ap_ctrl_hs|  residual_norm_and_write_Pipeline_NORM_WRITE_PACK|  return value|
|grp_fu_1128_p_ce              |  out|    1|  ap_ctrl_hs|  residual_norm_and_write_Pipeline_NORM_WRITE_PACK|  return value|
|grp_fu_1132_p_din0            |  out|   32|  ap_ctrl_hs|  residual_norm_and_write_Pipeline_NORM_WRITE_PACK|  return value|
|grp_fu_1132_p_din1            |  out|   32|  ap_ctrl_hs|  residual_norm_and_write_Pipeline_NORM_WRITE_PACK|  return value|
|grp_fu_1132_p_opcode          |  out|    1|  ap_ctrl_hs|  residual_norm_and_write_Pipeline_NORM_WRITE_PACK|  return value|
|grp_fu_1132_p_dout0           |   in|   32|  ap_ctrl_hs|  residual_norm_and_write_Pipeline_NORM_WRITE_PACK|  return value|
|grp_fu_1132_p_ce              |  out|    1|  ap_ctrl_hs|  residual_norm_and_write_Pipeline_NORM_WRITE_PACK|  return value|
|grp_fu_1136_p_din0            |  out|   32|  ap_ctrl_hs|  residual_norm_and_write_Pipeline_NORM_WRITE_PACK|  return value|
|grp_fu_1136_p_din1            |  out|   32|  ap_ctrl_hs|  residual_norm_and_write_Pipeline_NORM_WRITE_PACK|  return value|
|grp_fu_1136_p_opcode          |  out|    1|  ap_ctrl_hs|  residual_norm_and_write_Pipeline_NORM_WRITE_PACK|  return value|
|grp_fu_1136_p_dout0           |   in|   32|  ap_ctrl_hs|  residual_norm_and_write_Pipeline_NORM_WRITE_PACK|  return value|
|grp_fu_1136_p_ce              |  out|    1|  ap_ctrl_hs|  residual_norm_and_write_Pipeline_NORM_WRITE_PACK|  return value|
|grp_fu_1140_p_din0            |  out|   32|  ap_ctrl_hs|  residual_norm_and_write_Pipeline_NORM_WRITE_PACK|  return value|
|grp_fu_1140_p_din1            |  out|   32|  ap_ctrl_hs|  residual_norm_and_write_Pipeline_NORM_WRITE_PACK|  return value|
|grp_fu_1140_p_opcode          |  out|    1|  ap_ctrl_hs|  residual_norm_and_write_Pipeline_NORM_WRITE_PACK|  return value|
|grp_fu_1140_p_dout0           |   in|   32|  ap_ctrl_hs|  residual_norm_and_write_Pipeline_NORM_WRITE_PACK|  return value|
|grp_fu_1140_p_ce              |  out|    1|  ap_ctrl_hs|  residual_norm_and_write_Pipeline_NORM_WRITE_PACK|  return value|
|grp_fu_1144_p_din0            |  out|   32|  ap_ctrl_hs|  residual_norm_and_write_Pipeline_NORM_WRITE_PACK|  return value|
|grp_fu_1144_p_din1            |  out|   32|  ap_ctrl_hs|  residual_norm_and_write_Pipeline_NORM_WRITE_PACK|  return value|
|grp_fu_1144_p_opcode          |  out|    1|  ap_ctrl_hs|  residual_norm_and_write_Pipeline_NORM_WRITE_PACK|  return value|
|grp_fu_1144_p_dout0           |   in|   32|  ap_ctrl_hs|  residual_norm_and_write_Pipeline_NORM_WRITE_PACK|  return value|
|grp_fu_1144_p_ce              |  out|    1|  ap_ctrl_hs|  residual_norm_and_write_Pipeline_NORM_WRITE_PACK|  return value|
|grp_fu_1148_p_din0            |  out|   32|  ap_ctrl_hs|  residual_norm_and_write_Pipeline_NORM_WRITE_PACK|  return value|
|grp_fu_1148_p_din1            |  out|   32|  ap_ctrl_hs|  residual_norm_and_write_Pipeline_NORM_WRITE_PACK|  return value|
|grp_fu_1148_p_opcode          |  out|    1|  ap_ctrl_hs|  residual_norm_and_write_Pipeline_NORM_WRITE_PACK|  return value|
|grp_fu_1148_p_dout0           |   in|   32|  ap_ctrl_hs|  residual_norm_and_write_Pipeline_NORM_WRITE_PACK|  return value|
|grp_fu_1148_p_ce              |  out|    1|  ap_ctrl_hs|  residual_norm_and_write_Pipeline_NORM_WRITE_PACK|  return value|
|grp_fu_1152_p_din0            |  out|   32|  ap_ctrl_hs|  residual_norm_and_write_Pipeline_NORM_WRITE_PACK|  return value|
|grp_fu_1152_p_din1            |  out|   32|  ap_ctrl_hs|  residual_norm_and_write_Pipeline_NORM_WRITE_PACK|  return value|
|grp_fu_1152_p_opcode          |  out|    1|  ap_ctrl_hs|  residual_norm_and_write_Pipeline_NORM_WRITE_PACK|  return value|
|grp_fu_1152_p_dout0           |   in|   32|  ap_ctrl_hs|  residual_norm_and_write_Pipeline_NORM_WRITE_PACK|  return value|
|grp_fu_1152_p_ce              |  out|    1|  ap_ctrl_hs|  residual_norm_and_write_Pipeline_NORM_WRITE_PACK|  return value|
|grp_fu_1156_p_din0            |  out|   32|  ap_ctrl_hs|  residual_norm_and_write_Pipeline_NORM_WRITE_PACK|  return value|
|grp_fu_1156_p_din1            |  out|   32|  ap_ctrl_hs|  residual_norm_and_write_Pipeline_NORM_WRITE_PACK|  return value|
|grp_fu_1156_p_opcode          |  out|    1|  ap_ctrl_hs|  residual_norm_and_write_Pipeline_NORM_WRITE_PACK|  return value|
|grp_fu_1156_p_dout0           |   in|   32|  ap_ctrl_hs|  residual_norm_and_write_Pipeline_NORM_WRITE_PACK|  return value|
|grp_fu_1156_p_ce              |  out|    1|  ap_ctrl_hs|  residual_norm_and_write_Pipeline_NORM_WRITE_PACK|  return value|
|grp_fu_1160_p_din0            |  out|   32|  ap_ctrl_hs|  residual_norm_and_write_Pipeline_NORM_WRITE_PACK|  return value|
|grp_fu_1160_p_din1            |  out|   32|  ap_ctrl_hs|  residual_norm_and_write_Pipeline_NORM_WRITE_PACK|  return value|
|grp_fu_1160_p_opcode          |  out|    1|  ap_ctrl_hs|  residual_norm_and_write_Pipeline_NORM_WRITE_PACK|  return value|
|grp_fu_1160_p_dout0           |   in|   32|  ap_ctrl_hs|  residual_norm_and_write_Pipeline_NORM_WRITE_PACK|  return value|
|grp_fu_1160_p_ce              |  out|    1|  ap_ctrl_hs|  residual_norm_and_write_Pipeline_NORM_WRITE_PACK|  return value|
|grp_fu_1164_p_din0            |  out|   32|  ap_ctrl_hs|  residual_norm_and_write_Pipeline_NORM_WRITE_PACK|  return value|
|grp_fu_1164_p_din1            |  out|   32|  ap_ctrl_hs|  residual_norm_and_write_Pipeline_NORM_WRITE_PACK|  return value|
|grp_fu_1164_p_opcode          |  out|    1|  ap_ctrl_hs|  residual_norm_and_write_Pipeline_NORM_WRITE_PACK|  return value|
|grp_fu_1164_p_dout0           |   in|   32|  ap_ctrl_hs|  residual_norm_and_write_Pipeline_NORM_WRITE_PACK|  return value|
|grp_fu_1164_p_ce              |  out|    1|  ap_ctrl_hs|  residual_norm_and_write_Pipeline_NORM_WRITE_PACK|  return value|
|grp_fu_1168_p_din0            |  out|   32|  ap_ctrl_hs|  residual_norm_and_write_Pipeline_NORM_WRITE_PACK|  return value|
|grp_fu_1168_p_din1            |  out|   32|  ap_ctrl_hs|  residual_norm_and_write_Pipeline_NORM_WRITE_PACK|  return value|
|grp_fu_1168_p_opcode          |  out|    1|  ap_ctrl_hs|  residual_norm_and_write_Pipeline_NORM_WRITE_PACK|  return value|
|grp_fu_1168_p_dout0           |   in|   32|  ap_ctrl_hs|  residual_norm_and_write_Pipeline_NORM_WRITE_PACK|  return value|
|grp_fu_1168_p_ce              |  out|    1|  ap_ctrl_hs|  residual_norm_and_write_Pipeline_NORM_WRITE_PACK|  return value|
|grp_fu_1172_p_din0            |  out|   32|  ap_ctrl_hs|  residual_norm_and_write_Pipeline_NORM_WRITE_PACK|  return value|
|grp_fu_1172_p_din1            |  out|   32|  ap_ctrl_hs|  residual_norm_and_write_Pipeline_NORM_WRITE_PACK|  return value|
|grp_fu_1172_p_opcode          |  out|    2|  ap_ctrl_hs|  residual_norm_and_write_Pipeline_NORM_WRITE_PACK|  return value|
|grp_fu_1172_p_dout0           |   in|   32|  ap_ctrl_hs|  residual_norm_and_write_Pipeline_NORM_WRITE_PACK|  return value|
|grp_fu_1172_p_ce              |  out|    1|  ap_ctrl_hs|  residual_norm_and_write_Pipeline_NORM_WRITE_PACK|  return value|
|grp_fu_1176_p_din0            |  out|   32|  ap_ctrl_hs|  residual_norm_and_write_Pipeline_NORM_WRITE_PACK|  return value|
|grp_fu_1176_p_din1            |  out|   32|  ap_ctrl_hs|  residual_norm_and_write_Pipeline_NORM_WRITE_PACK|  return value|
|grp_fu_1176_p_opcode          |  out|    2|  ap_ctrl_hs|  residual_norm_and_write_Pipeline_NORM_WRITE_PACK|  return value|
|grp_fu_1176_p_dout0           |   in|   32|  ap_ctrl_hs|  residual_norm_and_write_Pipeline_NORM_WRITE_PACK|  return value|
|grp_fu_1176_p_ce              |  out|    1|  ap_ctrl_hs|  residual_norm_and_write_Pipeline_NORM_WRITE_PACK|  return value|
|grp_fu_1180_p_din0            |  out|   32|  ap_ctrl_hs|  residual_norm_and_write_Pipeline_NORM_WRITE_PACK|  return value|
|grp_fu_1180_p_din1            |  out|   32|  ap_ctrl_hs|  residual_norm_and_write_Pipeline_NORM_WRITE_PACK|  return value|
|grp_fu_1180_p_opcode          |  out|    2|  ap_ctrl_hs|  residual_norm_and_write_Pipeline_NORM_WRITE_PACK|  return value|
|grp_fu_1180_p_dout0           |   in|   32|  ap_ctrl_hs|  residual_norm_and_write_Pipeline_NORM_WRITE_PACK|  return value|
|grp_fu_1180_p_ce              |  out|    1|  ap_ctrl_hs|  residual_norm_and_write_Pipeline_NORM_WRITE_PACK|  return value|
|grp_fu_1184_p_din0            |  out|   32|  ap_ctrl_hs|  residual_norm_and_write_Pipeline_NORM_WRITE_PACK|  return value|
|grp_fu_1184_p_din1            |  out|   32|  ap_ctrl_hs|  residual_norm_and_write_Pipeline_NORM_WRITE_PACK|  return value|
|grp_fu_1184_p_opcode          |  out|    2|  ap_ctrl_hs|  residual_norm_and_write_Pipeline_NORM_WRITE_PACK|  return value|
|grp_fu_1184_p_dout0           |   in|   32|  ap_ctrl_hs|  residual_norm_and_write_Pipeline_NORM_WRITE_PACK|  return value|
|grp_fu_1184_p_ce              |  out|    1|  ap_ctrl_hs|  residual_norm_and_write_Pipeline_NORM_WRITE_PACK|  return value|
|grp_fu_1188_p_din0            |  out|   32|  ap_ctrl_hs|  residual_norm_and_write_Pipeline_NORM_WRITE_PACK|  return value|
|grp_fu_1188_p_din1            |  out|   32|  ap_ctrl_hs|  residual_norm_and_write_Pipeline_NORM_WRITE_PACK|  return value|
|grp_fu_1188_p_opcode          |  out|    2|  ap_ctrl_hs|  residual_norm_and_write_Pipeline_NORM_WRITE_PACK|  return value|
|grp_fu_1188_p_dout0           |   in|   32|  ap_ctrl_hs|  residual_norm_and_write_Pipeline_NORM_WRITE_PACK|  return value|
|grp_fu_1188_p_ce              |  out|    1|  ap_ctrl_hs|  residual_norm_and_write_Pipeline_NORM_WRITE_PACK|  return value|
|grp_fu_1192_p_din0            |  out|   32|  ap_ctrl_hs|  residual_norm_and_write_Pipeline_NORM_WRITE_PACK|  return value|
|grp_fu_1192_p_din1            |  out|   32|  ap_ctrl_hs|  residual_norm_and_write_Pipeline_NORM_WRITE_PACK|  return value|
|grp_fu_1192_p_opcode          |  out|    2|  ap_ctrl_hs|  residual_norm_and_write_Pipeline_NORM_WRITE_PACK|  return value|
|grp_fu_1192_p_dout0           |   in|   32|  ap_ctrl_hs|  residual_norm_and_write_Pipeline_NORM_WRITE_PACK|  return value|
|grp_fu_1192_p_ce              |  out|    1|  ap_ctrl_hs|  residual_norm_and_write_Pipeline_NORM_WRITE_PACK|  return value|
|grp_fu_1196_p_din0            |  out|   32|  ap_ctrl_hs|  residual_norm_and_write_Pipeline_NORM_WRITE_PACK|  return value|
|grp_fu_1196_p_din1            |  out|   32|  ap_ctrl_hs|  residual_norm_and_write_Pipeline_NORM_WRITE_PACK|  return value|
|grp_fu_1196_p_opcode          |  out|    2|  ap_ctrl_hs|  residual_norm_and_write_Pipeline_NORM_WRITE_PACK|  return value|
|grp_fu_1196_p_dout0           |   in|   32|  ap_ctrl_hs|  residual_norm_and_write_Pipeline_NORM_WRITE_PACK|  return value|
|grp_fu_1196_p_ce              |  out|    1|  ap_ctrl_hs|  residual_norm_and_write_Pipeline_NORM_WRITE_PACK|  return value|
|grp_fu_1200_p_din0            |  out|   32|  ap_ctrl_hs|  residual_norm_and_write_Pipeline_NORM_WRITE_PACK|  return value|
|grp_fu_1200_p_din1            |  out|   32|  ap_ctrl_hs|  residual_norm_and_write_Pipeline_NORM_WRITE_PACK|  return value|
|grp_fu_1200_p_opcode          |  out|    2|  ap_ctrl_hs|  residual_norm_and_write_Pipeline_NORM_WRITE_PACK|  return value|
|grp_fu_1200_p_dout0           |   in|   32|  ap_ctrl_hs|  residual_norm_and_write_Pipeline_NORM_WRITE_PACK|  return value|
|grp_fu_1200_p_ce              |  out|    1|  ap_ctrl_hs|  residual_norm_and_write_Pipeline_NORM_WRITE_PACK|  return value|
|grp_fu_1204_p_din0            |  out|   32|  ap_ctrl_hs|  residual_norm_and_write_Pipeline_NORM_WRITE_PACK|  return value|
|grp_fu_1204_p_din1            |  out|   32|  ap_ctrl_hs|  residual_norm_and_write_Pipeline_NORM_WRITE_PACK|  return value|
|grp_fu_1204_p_opcode          |  out|    2|  ap_ctrl_hs|  residual_norm_and_write_Pipeline_NORM_WRITE_PACK|  return value|
|grp_fu_1204_p_dout0           |   in|   32|  ap_ctrl_hs|  residual_norm_and_write_Pipeline_NORM_WRITE_PACK|  return value|
|grp_fu_1204_p_ce              |  out|    1|  ap_ctrl_hs|  residual_norm_and_write_Pipeline_NORM_WRITE_PACK|  return value|
|grp_fu_1208_p_din0            |  out|   32|  ap_ctrl_hs|  residual_norm_and_write_Pipeline_NORM_WRITE_PACK|  return value|
|grp_fu_1208_p_din1            |  out|   32|  ap_ctrl_hs|  residual_norm_and_write_Pipeline_NORM_WRITE_PACK|  return value|
|grp_fu_1208_p_opcode          |  out|    2|  ap_ctrl_hs|  residual_norm_and_write_Pipeline_NORM_WRITE_PACK|  return value|
|grp_fu_1208_p_dout0           |   in|   32|  ap_ctrl_hs|  residual_norm_and_write_Pipeline_NORM_WRITE_PACK|  return value|
|grp_fu_1208_p_ce              |  out|    1|  ap_ctrl_hs|  residual_norm_and_write_Pipeline_NORM_WRITE_PACK|  return value|
|grp_fu_1212_p_din0            |  out|   32|  ap_ctrl_hs|  residual_norm_and_write_Pipeline_NORM_WRITE_PACK|  return value|
|grp_fu_1212_p_din1            |  out|   32|  ap_ctrl_hs|  residual_norm_and_write_Pipeline_NORM_WRITE_PACK|  return value|
|grp_fu_1212_p_opcode          |  out|    2|  ap_ctrl_hs|  residual_norm_and_write_Pipeline_NORM_WRITE_PACK|  return value|
|grp_fu_1212_p_dout0           |   in|   32|  ap_ctrl_hs|  residual_norm_and_write_Pipeline_NORM_WRITE_PACK|  return value|
|grp_fu_1212_p_ce              |  out|    1|  ap_ctrl_hs|  residual_norm_and_write_Pipeline_NORM_WRITE_PACK|  return value|
|grp_fu_1216_p_din0            |  out|   32|  ap_ctrl_hs|  residual_norm_and_write_Pipeline_NORM_WRITE_PACK|  return value|
|grp_fu_1216_p_din1            |  out|   32|  ap_ctrl_hs|  residual_norm_and_write_Pipeline_NORM_WRITE_PACK|  return value|
|grp_fu_1216_p_opcode          |  out|    2|  ap_ctrl_hs|  residual_norm_and_write_Pipeline_NORM_WRITE_PACK|  return value|
|grp_fu_1216_p_dout0           |   in|   32|  ap_ctrl_hs|  residual_norm_and_write_Pipeline_NORM_WRITE_PACK|  return value|
|grp_fu_1216_p_ce              |  out|    1|  ap_ctrl_hs|  residual_norm_and_write_Pipeline_NORM_WRITE_PACK|  return value|
|grp_fu_1220_p_din0            |  out|   32|  ap_ctrl_hs|  residual_norm_and_write_Pipeline_NORM_WRITE_PACK|  return value|
|grp_fu_1220_p_din1            |  out|   32|  ap_ctrl_hs|  residual_norm_and_write_Pipeline_NORM_WRITE_PACK|  return value|
|grp_fu_1220_p_opcode          |  out|    2|  ap_ctrl_hs|  residual_norm_and_write_Pipeline_NORM_WRITE_PACK|  return value|
|grp_fu_1220_p_dout0           |   in|   32|  ap_ctrl_hs|  residual_norm_and_write_Pipeline_NORM_WRITE_PACK|  return value|
|grp_fu_1220_p_ce              |  out|    1|  ap_ctrl_hs|  residual_norm_and_write_Pipeline_NORM_WRITE_PACK|  return value|
|grp_fu_1224_p_din0            |  out|   32|  ap_ctrl_hs|  residual_norm_and_write_Pipeline_NORM_WRITE_PACK|  return value|
|grp_fu_1224_p_din1            |  out|   32|  ap_ctrl_hs|  residual_norm_and_write_Pipeline_NORM_WRITE_PACK|  return value|
|grp_fu_1224_p_opcode          |  out|    2|  ap_ctrl_hs|  residual_norm_and_write_Pipeline_NORM_WRITE_PACK|  return value|
|grp_fu_1224_p_dout0           |   in|   32|  ap_ctrl_hs|  residual_norm_and_write_Pipeline_NORM_WRITE_PACK|  return value|
|grp_fu_1224_p_ce              |  out|    1|  ap_ctrl_hs|  residual_norm_and_write_Pipeline_NORM_WRITE_PACK|  return value|
|grp_fu_1228_p_din0            |  out|   32|  ap_ctrl_hs|  residual_norm_and_write_Pipeline_NORM_WRITE_PACK|  return value|
|grp_fu_1228_p_din1            |  out|   32|  ap_ctrl_hs|  residual_norm_and_write_Pipeline_NORM_WRITE_PACK|  return value|
|grp_fu_1228_p_opcode          |  out|    2|  ap_ctrl_hs|  residual_norm_and_write_Pipeline_NORM_WRITE_PACK|  return value|
|grp_fu_1228_p_dout0           |   in|   32|  ap_ctrl_hs|  residual_norm_and_write_Pipeline_NORM_WRITE_PACK|  return value|
|grp_fu_1228_p_ce              |  out|    1|  ap_ctrl_hs|  residual_norm_and_write_Pipeline_NORM_WRITE_PACK|  return value|
|grp_fu_1232_p_din0            |  out|   32|  ap_ctrl_hs|  residual_norm_and_write_Pipeline_NORM_WRITE_PACK|  return value|
|grp_fu_1232_p_din1            |  out|   32|  ap_ctrl_hs|  residual_norm_and_write_Pipeline_NORM_WRITE_PACK|  return value|
|grp_fu_1232_p_opcode          |  out|    2|  ap_ctrl_hs|  residual_norm_and_write_Pipeline_NORM_WRITE_PACK|  return value|
|grp_fu_1232_p_dout0           |   in|   32|  ap_ctrl_hs|  residual_norm_and_write_Pipeline_NORM_WRITE_PACK|  return value|
|grp_fu_1232_p_ce              |  out|    1|  ap_ctrl_hs|  residual_norm_and_write_Pipeline_NORM_WRITE_PACK|  return value|
|grp_fu_410_p_din0             |  out|   32|  ap_ctrl_hs|  residual_norm_and_write_Pipeline_NORM_WRITE_PACK|  return value|
|grp_fu_410_p_din1             |  out|   32|  ap_ctrl_hs|  residual_norm_and_write_Pipeline_NORM_WRITE_PACK|  return value|
|grp_fu_410_p_dout0            |   in|   32|  ap_ctrl_hs|  residual_norm_and_write_Pipeline_NORM_WRITE_PACK|  return value|
|grp_fu_410_p_ce               |  out|    1|  ap_ctrl_hs|  residual_norm_and_write_Pipeline_NORM_WRITE_PACK|  return value|
|grp_fu_415_p_din0             |  out|   32|  ap_ctrl_hs|  residual_norm_and_write_Pipeline_NORM_WRITE_PACK|  return value|
|grp_fu_415_p_din1             |  out|   32|  ap_ctrl_hs|  residual_norm_and_write_Pipeline_NORM_WRITE_PACK|  return value|
|grp_fu_415_p_dout0            |   in|   32|  ap_ctrl_hs|  residual_norm_and_write_Pipeline_NORM_WRITE_PACK|  return value|
|grp_fu_415_p_ce               |  out|    1|  ap_ctrl_hs|  residual_norm_and_write_Pipeline_NORM_WRITE_PACK|  return value|
|grp_fu_1052_p_din0            |  out|   32|  ap_ctrl_hs|  residual_norm_and_write_Pipeline_NORM_WRITE_PACK|  return value|
|grp_fu_1052_p_din1            |  out|   32|  ap_ctrl_hs|  residual_norm_and_write_Pipeline_NORM_WRITE_PACK|  return value|
|grp_fu_1052_p_dout0           |   in|   32|  ap_ctrl_hs|  residual_norm_and_write_Pipeline_NORM_WRITE_PACK|  return value|
|grp_fu_1052_p_ce              |  out|    1|  ap_ctrl_hs|  residual_norm_and_write_Pipeline_NORM_WRITE_PACK|  return value|
|grp_fu_1056_p_din0            |  out|   32|  ap_ctrl_hs|  residual_norm_and_write_Pipeline_NORM_WRITE_PACK|  return value|
|grp_fu_1056_p_din1            |  out|   32|  ap_ctrl_hs|  residual_norm_and_write_Pipeline_NORM_WRITE_PACK|  return value|
|grp_fu_1056_p_dout0           |   in|   32|  ap_ctrl_hs|  residual_norm_and_write_Pipeline_NORM_WRITE_PACK|  return value|
|grp_fu_1056_p_ce              |  out|    1|  ap_ctrl_hs|  residual_norm_and_write_Pipeline_NORM_WRITE_PACK|  return value|
|grp_fu_1236_p_din0            |  out|   32|  ap_ctrl_hs|  residual_norm_and_write_Pipeline_NORM_WRITE_PACK|  return value|
|grp_fu_1236_p_din1            |  out|   32|  ap_ctrl_hs|  residual_norm_and_write_Pipeline_NORM_WRITE_PACK|  return value|
|grp_fu_1236_p_dout0           |   in|   32|  ap_ctrl_hs|  residual_norm_and_write_Pipeline_NORM_WRITE_PACK|  return value|
|grp_fu_1236_p_ce              |  out|    1|  ap_ctrl_hs|  residual_norm_and_write_Pipeline_NORM_WRITE_PACK|  return value|
|grp_fu_1240_p_din0            |  out|   32|  ap_ctrl_hs|  residual_norm_and_write_Pipeline_NORM_WRITE_PACK|  return value|
|grp_fu_1240_p_din1            |  out|   32|  ap_ctrl_hs|  residual_norm_and_write_Pipeline_NORM_WRITE_PACK|  return value|
|grp_fu_1240_p_dout0           |   in|   32|  ap_ctrl_hs|  residual_norm_and_write_Pipeline_NORM_WRITE_PACK|  return value|
|grp_fu_1240_p_ce              |  out|    1|  ap_ctrl_hs|  residual_norm_and_write_Pipeline_NORM_WRITE_PACK|  return value|
|grp_fu_1244_p_din0            |  out|   32|  ap_ctrl_hs|  residual_norm_and_write_Pipeline_NORM_WRITE_PACK|  return value|
|grp_fu_1244_p_din1            |  out|   32|  ap_ctrl_hs|  residual_norm_and_write_Pipeline_NORM_WRITE_PACK|  return value|
|grp_fu_1244_p_dout0           |   in|   32|  ap_ctrl_hs|  residual_norm_and_write_Pipeline_NORM_WRITE_PACK|  return value|
|grp_fu_1244_p_ce              |  out|    1|  ap_ctrl_hs|  residual_norm_and_write_Pipeline_NORM_WRITE_PACK|  return value|
|grp_fu_1248_p_din0            |  out|   32|  ap_ctrl_hs|  residual_norm_and_write_Pipeline_NORM_WRITE_PACK|  return value|
|grp_fu_1248_p_din1            |  out|   32|  ap_ctrl_hs|  residual_norm_and_write_Pipeline_NORM_WRITE_PACK|  return value|
|grp_fu_1248_p_dout0           |   in|   32|  ap_ctrl_hs|  residual_norm_and_write_Pipeline_NORM_WRITE_PACK|  return value|
|grp_fu_1248_p_ce              |  out|    1|  ap_ctrl_hs|  residual_norm_and_write_Pipeline_NORM_WRITE_PACK|  return value|
|grp_fu_1252_p_din0            |  out|   32|  ap_ctrl_hs|  residual_norm_and_write_Pipeline_NORM_WRITE_PACK|  return value|
|grp_fu_1252_p_din1            |  out|   32|  ap_ctrl_hs|  residual_norm_and_write_Pipeline_NORM_WRITE_PACK|  return value|
|grp_fu_1252_p_dout0           |   in|   32|  ap_ctrl_hs|  residual_norm_and_write_Pipeline_NORM_WRITE_PACK|  return value|
|grp_fu_1252_p_ce              |  out|    1|  ap_ctrl_hs|  residual_norm_and_write_Pipeline_NORM_WRITE_PACK|  return value|
|grp_fu_1256_p_din0            |  out|   32|  ap_ctrl_hs|  residual_norm_and_write_Pipeline_NORM_WRITE_PACK|  return value|
|grp_fu_1256_p_din1            |  out|   32|  ap_ctrl_hs|  residual_norm_and_write_Pipeline_NORM_WRITE_PACK|  return value|
|grp_fu_1256_p_dout0           |   in|   32|  ap_ctrl_hs|  residual_norm_and_write_Pipeline_NORM_WRITE_PACK|  return value|
|grp_fu_1256_p_ce              |  out|    1|  ap_ctrl_hs|  residual_norm_and_write_Pipeline_NORM_WRITE_PACK|  return value|
|grp_fu_1260_p_din0            |  out|   32|  ap_ctrl_hs|  residual_norm_and_write_Pipeline_NORM_WRITE_PACK|  return value|
|grp_fu_1260_p_din1            |  out|   32|  ap_ctrl_hs|  residual_norm_and_write_Pipeline_NORM_WRITE_PACK|  return value|
|grp_fu_1260_p_dout0           |   in|   32|  ap_ctrl_hs|  residual_norm_and_write_Pipeline_NORM_WRITE_PACK|  return value|
|grp_fu_1260_p_ce              |  out|    1|  ap_ctrl_hs|  residual_norm_and_write_Pipeline_NORM_WRITE_PACK|  return value|
|grp_fu_1264_p_din0            |  out|   32|  ap_ctrl_hs|  residual_norm_and_write_Pipeline_NORM_WRITE_PACK|  return value|
|grp_fu_1264_p_din1            |  out|   32|  ap_ctrl_hs|  residual_norm_and_write_Pipeline_NORM_WRITE_PACK|  return value|
|grp_fu_1264_p_dout0           |   in|   32|  ap_ctrl_hs|  residual_norm_and_write_Pipeline_NORM_WRITE_PACK|  return value|
|grp_fu_1264_p_ce              |  out|    1|  ap_ctrl_hs|  residual_norm_and_write_Pipeline_NORM_WRITE_PACK|  return value|
|grp_fu_1268_p_din0            |  out|   32|  ap_ctrl_hs|  residual_norm_and_write_Pipeline_NORM_WRITE_PACK|  return value|
|grp_fu_1268_p_din1            |  out|   32|  ap_ctrl_hs|  residual_norm_and_write_Pipeline_NORM_WRITE_PACK|  return value|
|grp_fu_1268_p_dout0           |   in|   32|  ap_ctrl_hs|  residual_norm_and_write_Pipeline_NORM_WRITE_PACK|  return value|
|grp_fu_1268_p_ce              |  out|    1|  ap_ctrl_hs|  residual_norm_and_write_Pipeline_NORM_WRITE_PACK|  return value|
|grp_fu_1272_p_din0            |  out|   32|  ap_ctrl_hs|  residual_norm_and_write_Pipeline_NORM_WRITE_PACK|  return value|
|grp_fu_1272_p_din1            |  out|   32|  ap_ctrl_hs|  residual_norm_and_write_Pipeline_NORM_WRITE_PACK|  return value|
|grp_fu_1272_p_dout0           |   in|   32|  ap_ctrl_hs|  residual_norm_and_write_Pipeline_NORM_WRITE_PACK|  return value|
|grp_fu_1272_p_ce              |  out|    1|  ap_ctrl_hs|  residual_norm_and_write_Pipeline_NORM_WRITE_PACK|  return value|
|grp_fu_1276_p_din0            |  out|   32|  ap_ctrl_hs|  residual_norm_and_write_Pipeline_NORM_WRITE_PACK|  return value|
|grp_fu_1276_p_din1            |  out|   32|  ap_ctrl_hs|  residual_norm_and_write_Pipeline_NORM_WRITE_PACK|  return value|
|grp_fu_1276_p_dout0           |   in|   32|  ap_ctrl_hs|  residual_norm_and_write_Pipeline_NORM_WRITE_PACK|  return value|
|grp_fu_1276_p_ce              |  out|    1|  ap_ctrl_hs|  residual_norm_and_write_Pipeline_NORM_WRITE_PACK|  return value|
|grp_fu_1280_p_din0            |  out|   32|  ap_ctrl_hs|  residual_norm_and_write_Pipeline_NORM_WRITE_PACK|  return value|
|grp_fu_1280_p_din1            |  out|   32|  ap_ctrl_hs|  residual_norm_and_write_Pipeline_NORM_WRITE_PACK|  return value|
|grp_fu_1280_p_dout0           |   in|   32|  ap_ctrl_hs|  residual_norm_and_write_Pipeline_NORM_WRITE_PACK|  return value|
|grp_fu_1280_p_ce              |  out|    1|  ap_ctrl_hs|  residual_norm_and_write_Pipeline_NORM_WRITE_PACK|  return value|
|grp_fu_1284_p_din0            |  out|   32|  ap_ctrl_hs|  residual_norm_and_write_Pipeline_NORM_WRITE_PACK|  return value|
|grp_fu_1284_p_din1            |  out|   32|  ap_ctrl_hs|  residual_norm_and_write_Pipeline_NORM_WRITE_PACK|  return value|
|grp_fu_1284_p_dout0           |   in|   32|  ap_ctrl_hs|  residual_norm_and_write_Pipeline_NORM_WRITE_PACK|  return value|
|grp_fu_1284_p_ce              |  out|    1|  ap_ctrl_hs|  residual_norm_and_write_Pipeline_NORM_WRITE_PACK|  return value|
|grp_fu_1288_p_din0            |  out|   32|  ap_ctrl_hs|  residual_norm_and_write_Pipeline_NORM_WRITE_PACK|  return value|
|grp_fu_1288_p_din1            |  out|   32|  ap_ctrl_hs|  residual_norm_and_write_Pipeline_NORM_WRITE_PACK|  return value|
|grp_fu_1288_p_dout0           |   in|   32|  ap_ctrl_hs|  residual_norm_and_write_Pipeline_NORM_WRITE_PACK|  return value|
|grp_fu_1288_p_ce              |  out|    1|  ap_ctrl_hs|  residual_norm_and_write_Pipeline_NORM_WRITE_PACK|  return value|
|grp_fu_1292_p_din0            |  out|   32|  ap_ctrl_hs|  residual_norm_and_write_Pipeline_NORM_WRITE_PACK|  return value|
|grp_fu_1292_p_din1            |  out|   32|  ap_ctrl_hs|  residual_norm_and_write_Pipeline_NORM_WRITE_PACK|  return value|
|grp_fu_1292_p_dout0           |   in|   32|  ap_ctrl_hs|  residual_norm_and_write_Pipeline_NORM_WRITE_PACK|  return value|
|grp_fu_1292_p_ce              |  out|    1|  ap_ctrl_hs|  residual_norm_and_write_Pipeline_NORM_WRITE_PACK|  return value|
|grp_fu_1296_p_din0            |  out|   32|  ap_ctrl_hs|  residual_norm_and_write_Pipeline_NORM_WRITE_PACK|  return value|
|grp_fu_1296_p_din1            |  out|   32|  ap_ctrl_hs|  residual_norm_and_write_Pipeline_NORM_WRITE_PACK|  return value|
|grp_fu_1296_p_dout0           |   in|   32|  ap_ctrl_hs|  residual_norm_and_write_Pipeline_NORM_WRITE_PACK|  return value|
|grp_fu_1296_p_ce              |  out|    1|  ap_ctrl_hs|  residual_norm_and_write_Pipeline_NORM_WRITE_PACK|  return value|
|grp_fu_1300_p_din0            |  out|   32|  ap_ctrl_hs|  residual_norm_and_write_Pipeline_NORM_WRITE_PACK|  return value|
|grp_fu_1300_p_din1            |  out|   32|  ap_ctrl_hs|  residual_norm_and_write_Pipeline_NORM_WRITE_PACK|  return value|
|grp_fu_1300_p_dout0           |   in|   32|  ap_ctrl_hs|  residual_norm_and_write_Pipeline_NORM_WRITE_PACK|  return value|
|grp_fu_1300_p_ce              |  out|    1|  ap_ctrl_hs|  residual_norm_and_write_Pipeline_NORM_WRITE_PACK|  return value|
|grp_fu_1304_p_din0            |  out|   32|  ap_ctrl_hs|  residual_norm_and_write_Pipeline_NORM_WRITE_PACK|  return value|
|grp_fu_1304_p_din1            |  out|   32|  ap_ctrl_hs|  residual_norm_and_write_Pipeline_NORM_WRITE_PACK|  return value|
|grp_fu_1304_p_dout0           |   in|   32|  ap_ctrl_hs|  residual_norm_and_write_Pipeline_NORM_WRITE_PACK|  return value|
|grp_fu_1304_p_ce              |  out|    1|  ap_ctrl_hs|  residual_norm_and_write_Pipeline_NORM_WRITE_PACK|  return value|
|grp_fu_1308_p_din0            |  out|   32|  ap_ctrl_hs|  residual_norm_and_write_Pipeline_NORM_WRITE_PACK|  return value|
|grp_fu_1308_p_din1            |  out|   32|  ap_ctrl_hs|  residual_norm_and_write_Pipeline_NORM_WRITE_PACK|  return value|
|grp_fu_1308_p_dout0           |   in|   32|  ap_ctrl_hs|  residual_norm_and_write_Pipeline_NORM_WRITE_PACK|  return value|
|grp_fu_1308_p_ce              |  out|    1|  ap_ctrl_hs|  residual_norm_and_write_Pipeline_NORM_WRITE_PACK|  return value|
|grp_fu_1312_p_din0            |  out|   32|  ap_ctrl_hs|  residual_norm_and_write_Pipeline_NORM_WRITE_PACK|  return value|
|grp_fu_1312_p_din1            |  out|   32|  ap_ctrl_hs|  residual_norm_and_write_Pipeline_NORM_WRITE_PACK|  return value|
|grp_fu_1312_p_dout0           |   in|   32|  ap_ctrl_hs|  residual_norm_and_write_Pipeline_NORM_WRITE_PACK|  return value|
|grp_fu_1312_p_ce              |  out|    1|  ap_ctrl_hs|  residual_norm_and_write_Pipeline_NORM_WRITE_PACK|  return value|
|grp_fu_1316_p_din0            |  out|   32|  ap_ctrl_hs|  residual_norm_and_write_Pipeline_NORM_WRITE_PACK|  return value|
|grp_fu_1316_p_din1            |  out|   32|  ap_ctrl_hs|  residual_norm_and_write_Pipeline_NORM_WRITE_PACK|  return value|
|grp_fu_1316_p_dout0           |   in|   32|  ap_ctrl_hs|  residual_norm_and_write_Pipeline_NORM_WRITE_PACK|  return value|
|grp_fu_1316_p_ce              |  out|    1|  ap_ctrl_hs|  residual_norm_and_write_Pipeline_NORM_WRITE_PACK|  return value|
|grp_fu_1320_p_din0            |  out|   32|  ap_ctrl_hs|  residual_norm_and_write_Pipeline_NORM_WRITE_PACK|  return value|
|grp_fu_1320_p_din1            |  out|   32|  ap_ctrl_hs|  residual_norm_and_write_Pipeline_NORM_WRITE_PACK|  return value|
|grp_fu_1320_p_dout0           |   in|   32|  ap_ctrl_hs|  residual_norm_and_write_Pipeline_NORM_WRITE_PACK|  return value|
|grp_fu_1320_p_ce              |  out|    1|  ap_ctrl_hs|  residual_norm_and_write_Pipeline_NORM_WRITE_PACK|  return value|
|grp_fu_1324_p_din0            |  out|   32|  ap_ctrl_hs|  residual_norm_and_write_Pipeline_NORM_WRITE_PACK|  return value|
|grp_fu_1324_p_din1            |  out|   32|  ap_ctrl_hs|  residual_norm_and_write_Pipeline_NORM_WRITE_PACK|  return value|
|grp_fu_1324_p_dout0           |   in|   32|  ap_ctrl_hs|  residual_norm_and_write_Pipeline_NORM_WRITE_PACK|  return value|
|grp_fu_1324_p_ce              |  out|    1|  ap_ctrl_hs|  residual_norm_and_write_Pipeline_NORM_WRITE_PACK|  return value|
|grp_fu_1328_p_din0            |  out|   32|  ap_ctrl_hs|  residual_norm_and_write_Pipeline_NORM_WRITE_PACK|  return value|
|grp_fu_1328_p_din1            |  out|   32|  ap_ctrl_hs|  residual_norm_and_write_Pipeline_NORM_WRITE_PACK|  return value|
|grp_fu_1328_p_dout0           |   in|   32|  ap_ctrl_hs|  residual_norm_and_write_Pipeline_NORM_WRITE_PACK|  return value|
|grp_fu_1328_p_ce              |  out|    1|  ap_ctrl_hs|  residual_norm_and_write_Pipeline_NORM_WRITE_PACK|  return value|
|grp_fu_1332_p_din0            |  out|   32|  ap_ctrl_hs|  residual_norm_and_write_Pipeline_NORM_WRITE_PACK|  return value|
|grp_fu_1332_p_din1            |  out|   32|  ap_ctrl_hs|  residual_norm_and_write_Pipeline_NORM_WRITE_PACK|  return value|
|grp_fu_1332_p_dout0           |   in|   32|  ap_ctrl_hs|  residual_norm_and_write_Pipeline_NORM_WRITE_PACK|  return value|
|grp_fu_1332_p_ce              |  out|    1|  ap_ctrl_hs|  residual_norm_and_write_Pipeline_NORM_WRITE_PACK|  return value|
|grp_fu_1336_p_din0            |  out|   32|  ap_ctrl_hs|  residual_norm_and_write_Pipeline_NORM_WRITE_PACK|  return value|
|grp_fu_1336_p_din1            |  out|   32|  ap_ctrl_hs|  residual_norm_and_write_Pipeline_NORM_WRITE_PACK|  return value|
|grp_fu_1336_p_dout0           |   in|   32|  ap_ctrl_hs|  residual_norm_and_write_Pipeline_NORM_WRITE_PACK|  return value|
|grp_fu_1336_p_ce              |  out|    1|  ap_ctrl_hs|  residual_norm_and_write_Pipeline_NORM_WRITE_PACK|  return value|
|grp_fu_1340_p_din0            |  out|   32|  ap_ctrl_hs|  residual_norm_and_write_Pipeline_NORM_WRITE_PACK|  return value|
|grp_fu_1340_p_din1            |  out|   32|  ap_ctrl_hs|  residual_norm_and_write_Pipeline_NORM_WRITE_PACK|  return value|
|grp_fu_1340_p_dout0           |   in|   32|  ap_ctrl_hs|  residual_norm_and_write_Pipeline_NORM_WRITE_PACK|  return value|
|grp_fu_1340_p_ce              |  out|    1|  ap_ctrl_hs|  residual_norm_and_write_Pipeline_NORM_WRITE_PACK|  return value|
|grp_fu_1344_p_din0            |  out|   32|  ap_ctrl_hs|  residual_norm_and_write_Pipeline_NORM_WRITE_PACK|  return value|
|grp_fu_1344_p_din1            |  out|   32|  ap_ctrl_hs|  residual_norm_and_write_Pipeline_NORM_WRITE_PACK|  return value|
|grp_fu_1344_p_dout0           |   in|   32|  ap_ctrl_hs|  residual_norm_and_write_Pipeline_NORM_WRITE_PACK|  return value|
|grp_fu_1344_p_ce              |  out|    1|  ap_ctrl_hs|  residual_norm_and_write_Pipeline_NORM_WRITE_PACK|  return value|
|m_axi_gmem_attn_mid_AWVALID   |  out|    1|       m_axi|                                     gmem_attn_mid|       pointer|
|m_axi_gmem_attn_mid_AWREADY   |   in|    1|       m_axi|                                     gmem_attn_mid|       pointer|
|m_axi_gmem_attn_mid_AWADDR    |  out|   64|       m_axi|                                     gmem_attn_mid|       pointer|
|m_axi_gmem_attn_mid_AWID      |  out|    1|       m_axi|                                     gmem_attn_mid|       pointer|
|m_axi_gmem_attn_mid_AWLEN     |  out|   32|       m_axi|                                     gmem_attn_mid|       pointer|
|m_axi_gmem_attn_mid_AWSIZE    |  out|    3|       m_axi|                                     gmem_attn_mid|       pointer|
|m_axi_gmem_attn_mid_AWBURST   |  out|    2|       m_axi|                                     gmem_attn_mid|       pointer|
|m_axi_gmem_attn_mid_AWLOCK    |  out|    2|       m_axi|                                     gmem_attn_mid|       pointer|
|m_axi_gmem_attn_mid_AWCACHE   |  out|    4|       m_axi|                                     gmem_attn_mid|       pointer|
|m_axi_gmem_attn_mid_AWPROT    |  out|    3|       m_axi|                                     gmem_attn_mid|       pointer|
|m_axi_gmem_attn_mid_AWQOS     |  out|    4|       m_axi|                                     gmem_attn_mid|       pointer|
|m_axi_gmem_attn_mid_AWREGION  |  out|    4|       m_axi|                                     gmem_attn_mid|       pointer|
|m_axi_gmem_attn_mid_AWUSER    |  out|    1|       m_axi|                                     gmem_attn_mid|       pointer|
|m_axi_gmem_attn_mid_WVALID    |  out|    1|       m_axi|                                     gmem_attn_mid|       pointer|
|m_axi_gmem_attn_mid_WREADY    |   in|    1|       m_axi|                                     gmem_attn_mid|       pointer|
|m_axi_gmem_attn_mid_WDATA     |  out|  512|       m_axi|                                     gmem_attn_mid|       pointer|
|m_axi_gmem_attn_mid_WSTRB     |  out|   64|       m_axi|                                     gmem_attn_mid|       pointer|
|m_axi_gmem_attn_mid_WLAST     |  out|    1|       m_axi|                                     gmem_attn_mid|       pointer|
|m_axi_gmem_attn_mid_WID       |  out|    1|       m_axi|                                     gmem_attn_mid|       pointer|
|m_axi_gmem_attn_mid_WUSER     |  out|    1|       m_axi|                                     gmem_attn_mid|       pointer|
|m_axi_gmem_attn_mid_ARVALID   |  out|    1|       m_axi|                                     gmem_attn_mid|       pointer|
|m_axi_gmem_attn_mid_ARREADY   |   in|    1|       m_axi|                                     gmem_attn_mid|       pointer|
|m_axi_gmem_attn_mid_ARADDR    |  out|   64|       m_axi|                                     gmem_attn_mid|       pointer|
|m_axi_gmem_attn_mid_ARID      |  out|    1|       m_axi|                                     gmem_attn_mid|       pointer|
|m_axi_gmem_attn_mid_ARLEN     |  out|   32|       m_axi|                                     gmem_attn_mid|       pointer|
|m_axi_gmem_attn_mid_ARSIZE    |  out|    3|       m_axi|                                     gmem_attn_mid|       pointer|
|m_axi_gmem_attn_mid_ARBURST   |  out|    2|       m_axi|                                     gmem_attn_mid|       pointer|
|m_axi_gmem_attn_mid_ARLOCK    |  out|    2|       m_axi|                                     gmem_attn_mid|       pointer|
|m_axi_gmem_attn_mid_ARCACHE   |  out|    4|       m_axi|                                     gmem_attn_mid|       pointer|
|m_axi_gmem_attn_mid_ARPROT    |  out|    3|       m_axi|                                     gmem_attn_mid|       pointer|
|m_axi_gmem_attn_mid_ARQOS     |  out|    4|       m_axi|                                     gmem_attn_mid|       pointer|
|m_axi_gmem_attn_mid_ARREGION  |  out|    4|       m_axi|                                     gmem_attn_mid|       pointer|
|m_axi_gmem_attn_mid_ARUSER    |  out|    1|       m_axi|                                     gmem_attn_mid|       pointer|
|m_axi_gmem_attn_mid_RVALID    |   in|    1|       m_axi|                                     gmem_attn_mid|       pointer|
|m_axi_gmem_attn_mid_RREADY    |  out|    1|       m_axi|                                     gmem_attn_mid|       pointer|
|m_axi_gmem_attn_mid_RDATA     |   in|  512|       m_axi|                                     gmem_attn_mid|       pointer|
|m_axi_gmem_attn_mid_RLAST     |   in|    1|       m_axi|                                     gmem_attn_mid|       pointer|
|m_axi_gmem_attn_mid_RID       |   in|    1|       m_axi|                                     gmem_attn_mid|       pointer|
|m_axi_gmem_attn_mid_RFIFONUM  |   in|    9|       m_axi|                                     gmem_attn_mid|       pointer|
|m_axi_gmem_attn_mid_RUSER     |   in|    1|       m_axi|                                     gmem_attn_mid|       pointer|
|m_axi_gmem_attn_mid_RRESP     |   in|    2|       m_axi|                                     gmem_attn_mid|       pointer|
|m_axi_gmem_attn_mid_BVALID    |   in|    1|       m_axi|                                     gmem_attn_mid|       pointer|
|m_axi_gmem_attn_mid_BREADY    |  out|    1|       m_axi|                                     gmem_attn_mid|       pointer|
|m_axi_gmem_attn_mid_BRESP     |   in|    2|       m_axi|                                     gmem_attn_mid|       pointer|
|m_axi_gmem_attn_mid_BID       |   in|    1|       m_axi|                                     gmem_attn_mid|       pointer|
|m_axi_gmem_attn_mid_BUSER     |   in|    1|       m_axi|                                     gmem_attn_mid|       pointer|
|attn_mid_stream_TREADY        |   in|    1|        axis|                                   attn_mid_stream|       pointer|
|attn_mid_stream_TDATA         |  out|  512|        axis|                                   attn_mid_stream|       pointer|
|attn_mid_stream_TVALID        |  out|    1|        axis|                                   attn_mid_stream|       pointer|
|ffn_residual_stream_TREADY    |   in|    1|        axis|                               ffn_residual_stream|       pointer|
|ffn_residual_stream_TDATA     |  out|  512|        axis|                               ffn_residual_stream|       pointer|
|ffn_residual_stream_TVALID    |  out|    1|        axis|                               ffn_residual_stream|       pointer|
|sext_ln230                    |   in|   58|     ap_none|                                        sext_ln230|        scalar|
|sub_ln248                     |   in|   13|     ap_none|                                         sub_ln248|        scalar|
|residual_address0             |  out|   13|   ap_memory|                                          residual|         array|
|residual_ce0                  |  out|    1|   ap_memory|                                          residual|         array|
|residual_q0                   |   in|  512|   ap_memory|                                          residual|         array|
|sub_ln248_1                   |   in|   14|     ap_none|                                       sub_ln248_1|        scalar|
|projected_address0            |  out|   14|   ap_memory|                                         projected|         array|
|projected_ce0                 |  out|    1|   ap_memory|                                         projected|         array|
|projected_q0                  |   in|  256|   ap_memory|                                         projected|         array|
|projected_address1            |  out|   14|   ap_memory|                                         projected|         array|
|projected_ce1                 |  out|    1|   ap_memory|                                         projected|         array|
|projected_q1                  |   in|  256|   ap_memory|                                         projected|         array|
|mean                          |   in|   32|     ap_none|                                              mean|        scalar|
|inv_std                       |   in|   32|     ap_none|                                           inv_std|        scalar|
|gamma_cache1_address0         |  out|    6|   ap_memory|                                      gamma_cache1|         array|
|gamma_cache1_ce0              |  out|    1|   ap_memory|                                      gamma_cache1|         array|
|gamma_cache1_q0               |   in|  512|   ap_memory|                                      gamma_cache1|         array|
|beta_cache2_address0          |  out|    6|   ap_memory|                                       beta_cache2|         array|
|beta_cache2_ce0               |  out|    1|   ap_memory|                                       beta_cache2|         array|
|beta_cache2_q0                |   in|  512|   ap_memory|                                       beta_cache2|         array|
+------------------------------+-----+-----+------------+--------------------------------------------------+--------------+

