

================================================================
== Vitis HLS Report for 'fp32_layernorm_and_store'
================================================================
* Date:           Wed Jul 15 09:39:12 2026

* Version:        2022.1 (Build 3526262 on Mon Apr 18 15:47:01 MDT 2022)
* Project:        proj_bert_ffn_down_residual_norm_fp32_kernel
* Solution:       solution1 (Vivado IP Flow Target)
* Product family: virtexuplus
* Target device:  xcu250-figd2104-2L-e


================================================================
== Performance Estimates
================================================================
+ Timing: 
    * Summary: 
    +--------+---------+----------+------------+
    |  Clock |  Target | Estimated| Uncertainty|
    +--------+---------+----------+------------+
    |ap_clk  |  3.33 ns|  2.470 ns|     0.90 ns|
    +--------+---------+----------+------------+

+ Latency: 
    * Summary: 
    +---------+---------+----------+----------+-------+-------+---------+
    |  Latency (cycles) |  Latency (absolute) |    Interval   | Pipeline|
    |   min   |   max   |    min   |    max   |  min  |  max  |   Type  |
    +---------+---------+----------+----------+-------+-------+---------+
    |    56561|    56561|  0.189 ms|  0.189 ms|  56561|  56561|       no|
    +---------+---------+----------+----------+-------+-------+---------+

    + Detail: 
        * Instance: 
        +--------------------------------------------------------------------+---------------------------------------------------------+---------+---------+----------+----------+-----+-----+---------+
        |                                                                    |                                                         |  Latency (cycles) |  Latency (absolute) |  Interval | Pipeline|
        |                              Instance                              |                          Module                         |   min   |   max   |    min   |    max   | min | max |   Type  |
        +--------------------------------------------------------------------+---------------------------------------------------------+---------+---------+----------+----------+-----+-----+---------+
        |grp_fp32_layernorm_and_store_Pipeline_fp32_norm_load_pack_fu_300    |fp32_layernorm_and_store_Pipeline_fp32_norm_load_pack    |      106|      106|  0.353 us|  0.353 us|  106|  106|       no|
        |grp_fp32_layernorm_and_store_Pipeline_fp32_norm_reduce_pack_fu_312  |fp32_layernorm_and_store_Pipeline_fp32_norm_reduce_pack  |      205|      205|  0.683 us|  0.683 us|  205|  205|       no|
        |grp_fp32_layernorm_and_store_Pipeline_fp32_norm_bank_reduce_fu_381  |fp32_layernorm_and_store_Pipeline_fp32_norm_bank_reduce  |      116|      116|  0.387 us|  0.387 us|  116|  116|       no|
        |grp_fp32_layernorm_and_store_Pipeline_fp32_norm_write_pack_fu_419   |fp32_layernorm_and_store_Pipeline_fp32_norm_write_pack   |       75|       75|  0.250 us|  0.250 us|   75|   75|       no|
        +--------------------------------------------------------------------+---------------------------------------------------------+---------+---------+----------+----------+-----+-----+---------+

        * Loop: 
        +-----------------+---------+---------+----------+-----------+-----------+------+----------+
        |                 |  Latency (cycles) | Iteration|  Initiation Interval  | Trip |          |
        |    Loop Name    |   min   |   max   |  Latency |  achieved |   target  | Count| Pipelined|
        +-----------------+---------+---------+----------+-----------+-----------+------+----------+
        |- fp32_norm_row  |    56448|    56448|       441|          -|          -|   128|        no|
        +-----------------+---------+---------+----------+-----------+-----------+------+----------+



================================================================
== Utilization Estimates
================================================================
* Summary: 
+---------------------+---------+-------+---------+---------+------+
|         Name        | BRAM_18K|  DSP  |    FF   |   LUT   | URAM |
+---------------------+---------+-------+---------+---------+------+
|DSP                  |        -|      -|        -|        -|     -|
|Expression           |        -|      -|        0|       46|     -|
|FIFO                 |        -|      -|        -|        -|     -|
|Instance             |        -|    137|    19460|    10918|     -|
|Memory               |       16|      -|        0|        0|     -|
|Multiplexer          |        -|      -|        -|     1347|     -|
|Register             |        -|      -|      407|        -|     -|
+---------------------+---------+-------+---------+---------+------+
|Total                |       16|    137|    19867|    12311|     0|
+---------------------+---------+-------+---------+---------+------+
|Available SLR        |     1344|   3072|   864000|   432000|   320|
+---------------------+---------+-------+---------+---------+------+
|Utilization SLR (%)  |        1|      4|        2|        2|     0|
+---------------------+---------+-------+---------+---------+------+
|Available            |     5376|  12288|  3456000|  1728000|  1280|
+---------------------+---------+-------+---------+---------+------+
|Utilization (%)      |       ~0|      1|       ~0|       ~0|     0|
+---------------------+---------+-------+---------+---------+------+

+ Detail: 
    * Instance: 
    +--------------------------------------------------------------------+---------------------------------------------------------+---------+-----+-------+------+-----+
    |                              Instance                              |                          Module                         | BRAM_18K| DSP |   FF  |  LUT | URAM|
    +--------------------------------------------------------------------+---------------------------------------------------------+---------+-----+-------+------+-----+
    |fmul_32ns_32ns_32_4_max_dsp_1_U1934                                 |fmul_32ns_32ns_32_4_max_dsp_1                            |        0|    3|    143|    78|    0|
    |fmul_32ns_32ns_32_4_max_dsp_1_U1935                                 |fmul_32ns_32ns_32_4_max_dsp_1                            |        0|    3|    143|    78|    0|
    |fmul_32ns_32ns_32_4_max_dsp_1_U1937                                 |fmul_32ns_32ns_32_4_max_dsp_1                            |        0|    3|    143|    78|    0|
    |fmul_32ns_32ns_32_4_max_dsp_1_U1938                                 |fmul_32ns_32ns_32_4_max_dsp_1                            |        0|    3|    143|    78|    0|
    |grp_fp32_layernorm_and_store_Pipeline_fp32_norm_bank_reduce_fu_381  |fp32_layernorm_and_store_Pipeline_fp32_norm_bank_reduce  |        0|    0|    176|   315|    0|
    |grp_fp32_layernorm_and_store_Pipeline_fp32_norm_load_pack_fu_300    |fp32_layernorm_and_store_Pipeline_fp32_norm_load_pack    |        0|    0|   1302|   363|    0|
    |grp_fp32_layernorm_and_store_Pipeline_fp32_norm_reduce_pack_fu_312  |fp32_layernorm_and_store_Pipeline_fp32_norm_reduce_pack  |        0|    0|   4087|  4052|    0|
    |grp_fp32_layernorm_and_store_Pipeline_fp32_norm_write_pack_fu_419   |fp32_layernorm_and_store_Pipeline_fp32_norm_write_pack   |        0|  116|  12953|  5540|    0|
    |frsqrt_32ns_32ns_32_17_full_dsp_1_U1936                             |frsqrt_32ns_32ns_32_17_full_dsp_1                        |        0|    9|    370|   336|    0|
    +--------------------------------------------------------------------+---------------------------------------------------------+---------+-----+-------+------+-----+
    |Total                                                               |                                                         |        0|  137|  19460| 10918|    0|
    +--------------------------------------------------------------------+---------------------------------------------------------+---------+-----+-------+------+-----+

    * DSP: 
    N/A

    * Memory: 
    +---------------+-------------------------------------------------------+---------+---+----+-----+------+-----+------+-------------+
    |     Memory    |                         Module                        | BRAM_18K| FF| LUT| URAM| Words| Bits| Banks| W*Bits*Banks|
    +---------------+-------------------------------------------------------+---------+---+----+-----+------+-----+------+-------------+
    |gamma_cache_U  |fp32_layernorm_and_store_gamma_cache_RAM_2P_BRAM_2R1W  |        8|  0|   0|    0|    48|  512|     1|        24576|
    |beta_cache_U   |fp32_layernorm_and_store_gamma_cache_RAM_2P_BRAM_2R1W  |        8|  0|   0|    0|    48|  512|     1|        24576|
    +---------------+-------------------------------------------------------+---------+---+----+-----+------+-----+------+-------------+
    |Total          |                                                       |       16|  0|   0|    0|    96| 1024|     2|        49152|
    +---------------+-------------------------------------------------------+---------+---+----+-----+------+-----+------+-------------+

    * FIFO: 
    N/A

    * Expression: 
    +----------------------+----------+----+---+----+------------+------------+
    |     Variable Name    | Operation| DSP| FF| LUT| Bitwidth P0| Bitwidth P1|
    +----------------------+----------+----+---+----+------------+------------+
    |add_ln630_fu_549_p2   |         +|   0|  0|  15|           8|           1|
    |sub_ln649_fu_575_p2   |         -|   0|  0|  20|          13|          13|
    |icmp_ln630_fu_543_p2  |      icmp|   0|  0|  11|           8|           9|
    +----------------------+----------+----+---+----+------------+------------+
    |Total                 |          |   0|  0|  46|          29|          23|
    +----------------------+----------+----+---+----+------------+------------+

    * Multiplexer: 
    +------------------------------------------------------------------------+-----+-----------+-----+-----------+
    |                                  Name                                  | LUT | Input Size| Bits| Total Bits|
    +------------------------------------------------------------------------+-----+-----------+-----+-----------+
    |ap_NS_fsm                                                               |  229|         53|    1|         53|
    |beta_cache_ce0                                                          |    9|          2|    1|          2|
    |beta_cache_ce1                                                          |    9|          2|    1|          2|
    |beta_cache_we1                                                          |    9|          2|    1|          2|
    |gamma_cache_ce0                                                         |    9|          2|    1|          2|
    |gamma_cache_ce1                                                         |    9|          2|    1|          2|
    |gamma_cache_we1                                                         |    9|          2|    1|          2|
    |gmem_out_blk_n_AW                                                       |    9|          2|    1|          2|
    |gmem_out_blk_n_B                                                        |    9|          2|    1|          2|
    |grp_fu_1087_ce                                                          |   14|          3|    1|          3|
    |grp_fu_1087_p0                                                          |   14|          3|   32|         96|
    |grp_fu_1087_p1                                                          |   14|          3|   32|         96|
    |grp_fu_1091_ce                                                          |   14|          3|    1|          3|
    |grp_fu_1091_p0                                                          |   14|          3|   32|         96|
    |grp_fu_1091_p1                                                          |   14|          3|   32|         96|
    |grp_fu_1095_ce                                                          |    9|          2|    1|          2|
    |grp_fu_1099_ce                                                          |    9|          2|    1|          2|
    |grp_fu_1103_ce                                                          |    9|          2|    1|          2|
    |grp_fu_1107_ce                                                          |    9|          2|    1|          2|
    |grp_fu_1111_ce                                                          |    9|          2|    1|          2|
    |grp_fu_1115_ce                                                          |    9|          2|    1|          2|
    |grp_fu_1119_ce                                                          |    9|          2|    1|          2|
    |grp_fu_1123_ce                                                          |    9|          2|    1|          2|
    |grp_fu_1127_ce                                                          |    9|          2|    1|          2|
    |grp_fu_1131_ce                                                          |    9|          2|    1|          2|
    |grp_fu_1135_ce                                                          |    9|          2|    1|          2|
    |grp_fu_1139_ce                                                          |    9|          2|    1|          2|
    |grp_fu_1143_ce                                                          |    9|          2|    1|          2|
    |grp_fu_1147_ce                                                          |    9|          2|    1|          2|
    |grp_fu_1151_ce                                                          |    9|          2|    1|          2|
    |grp_fu_463_ce                                                           |   14|          3|    1|          3|
    |grp_fu_463_opcode                                                       |   26|          5|    2|         10|
    |grp_fu_463_p0                                                           |   26|          5|   32|        160|
    |grp_fu_463_p1                                                           |   26|          5|   32|        160|
    |grp_fu_468_ce                                                           |   14|          3|    1|          3|
    |grp_fu_468_p0                                                           |   26|          5|   32|        160|
    |grp_fu_468_p1                                                           |   20|          4|   32|        128|
    |grp_fu_473_ce                                                           |   14|          3|    1|          3|
    |grp_fu_473_p0                                                           |   20|          4|   32|        128|
    |grp_fu_473_p1                                                           |   20|          4|   32|        128|
    |m_axi_gmem_norm_ARVALID                                                 |    9|          2|    1|          2|
    |m_axi_gmem_norm_RREADY                                                  |    9|          2|    1|          2|
    |m_axi_gmem_out_AWADDR                                                   |   14|          3|   64|        192|
    |m_axi_gmem_out_AWBURST                                                  |    9|          2|    2|          4|
    |m_axi_gmem_out_AWCACHE                                                  |    9|          2|    4|          8|
    |m_axi_gmem_out_AWID                                                     |    9|          2|    1|          2|
    |m_axi_gmem_out_AWLEN                                                    |   14|          3|   32|         96|
    |m_axi_gmem_out_AWLOCK                                                   |    9|          2|    2|          4|
    |m_axi_gmem_out_AWPROT                                                   |    9|          2|    3|          6|
    |m_axi_gmem_out_AWQOS                                                    |    9|          2|    4|          8|
    |m_axi_gmem_out_AWREGION                                                 |    9|          2|    4|          8|
    |m_axi_gmem_out_AWSIZE                                                   |    9|          2|    3|          6|
    |m_axi_gmem_out_AWUSER                                                   |    9|          2|    1|          2|
    |m_axi_gmem_out_AWVALID                                                  |   14|          3|    1|          3|
    |m_axi_gmem_out_BREADY                                                   |   14|          3|    1|          3|
    |m_axi_gmem_out_WVALID                                                   |    9|          2|    1|          2|
    |output_buf_1_address0                                                   |   14|          3|   13|         39|
    |output_buf_1_ce0                                                        |   14|          3|    1|          3|
    |output_buf_2_address0                                                   |   14|          3|   13|         39|
    |output_buf_2_ce0                                                        |   14|          3|    1|          3|
    |output_buf_3_address0                                                   |   14|          3|   13|         39|
    |output_buf_3_ce0                                                        |   14|          3|    1|          3|
    |output_buf_4_address0                                                   |   14|          3|   13|         39|
    |output_buf_4_ce0                                                        |   14|          3|    1|          3|
    |output_buf_5_address0                                                   |   14|          3|   13|         39|
    |output_buf_5_ce0                                                        |   14|          3|    1|          3|
    |output_buf_6_address0                                                   |   14|          3|   13|         39|
    |output_buf_6_ce0                                                        |   14|          3|    1|          3|
    |output_buf_7_address0                                                   |   14|          3|   13|         39|
    |output_buf_7_ce0                                                        |   14|          3|    1|          3|
    |output_buf_8_address0                                                   |   14|          3|   13|         39|
    |output_buf_8_ce0                                                        |   14|          3|    1|          3|
    |output_buf_9_address0                                                   |   14|          3|   13|         39|
    |output_buf_9_ce0                                                        |   14|          3|    1|          3|
    |output_buf_address0                                                     |   14|          3|   13|         39|
    |output_buf_ce0                                                          |   14|          3|    1|          3|
    |p_ZZ39bert_ffn_down_residual_norm_fp32_kernelE10output_buf_10_address0  |   14|          3|   13|         39|
    |p_ZZ39bert_ffn_down_residual_norm_fp32_kernelE10output_buf_10_ce0       |   14|          3|    1|          3|
    |p_ZZ39bert_ffn_down_residual_norm_fp32_kernelE10output_buf_11_address0  |   14|          3|   13|         39|
    |p_ZZ39bert_ffn_down_residual_norm_fp32_kernelE10output_buf_11_ce0       |   14|          3|    1|          3|
    |p_ZZ39bert_ffn_down_residual_norm_fp32_kernelE10output_buf_12_address0  |   14|          3|   13|         39|
    |p_ZZ39bert_ffn_down_residual_norm_fp32_kernelE10output_buf_12_ce0       |   14|          3|    1|          3|
    |p_ZZ39bert_ffn_down_residual_norm_fp32_kernelE10output_buf_13_address0  |   14|          3|   13|         39|
    |p_ZZ39bert_ffn_down_residual_norm_fp32_kernelE10output_buf_13_ce0       |   14|          3|    1|          3|
    |p_ZZ39bert_ffn_down_residual_norm_fp32_kernelE10output_buf_14_address0  |   14|          3|   13|         39|
    |p_ZZ39bert_ffn_down_residual_norm_fp32_kernelE10output_buf_14_ce0       |   14|          3|    1|          3|
    |p_ZZ39bert_ffn_down_residual_norm_fp32_kernelE10output_buf_15_address0  |   14|          3|   13|         39|
    |p_ZZ39bert_ffn_down_residual_norm_fp32_kernelE10output_buf_15_ce0       |   14|          3|    1|          3|
    |s_fu_126                                                                |    9|          2|    8|         16|
    +------------------------------------------------------------------------+-----+-----------+-----+-----------+
    |Total                                                                   | 1347|        292|  708|       2408|
    +------------------------------------------------------------------------+-----+-----------+-----+-----------+

    * Register: 
    +---------------------------------------------------------------------------------+----+----+-----+-----------+
    |                                       Name                                      | FF | LUT| Bits| Const Bits|
    +---------------------------------------------------------------------------------+----+----+-----+-----------+
    |ap_CS_fsm                                                                        |  52|   0|   52|          0|
    |grp_fp32_layernorm_and_store_Pipeline_fp32_norm_bank_reduce_fu_381_ap_start_reg  |   1|   0|    1|          0|
    |grp_fp32_layernorm_and_store_Pipeline_fp32_norm_load_pack_fu_300_ap_start_reg    |   1|   0|    1|          0|
    |grp_fp32_layernorm_and_store_Pipeline_fp32_norm_reduce_pack_fu_312_ap_start_reg  |   1|   0|    1|          0|
    |grp_fp32_layernorm_and_store_Pipeline_fp32_norm_write_pack_fu_419_ap_start_reg   |   1|   0|    1|          0|
    |inv_std_reg_1082                                                                 |  32|   0|   32|          0|
    |mean_reg_1062                                                                    |  32|   0|   32|          0|
    |mul2_reg_1072                                                                    |  32|   0|   32|          0|
    |mul3_reg_1077                                                                    |  32|   0|   32|          0|
    |reg_482                                                                          |  32|   0|   32|          0|
    |s_fu_126                                                                         |   8|   0|    8|          0|
    |sub_ln649_reg_957                                                                |   9|   0|   13|          4|
    |trunc_ln3_reg_944                                                                |  58|   0|   58|          0|
    |trunc_ln612_1_reg_939                                                            |  58|   0|   58|          0|
    |trunc_ln_reg_934                                                                 |  58|   0|   58|          0|
    +---------------------------------------------------------------------------------+----+----+-----+-----------+
    |Total                                                                            | 407|   0|  411|          4|
    +---------------------------------------------------------------------------------+----+----+-----+-----------+



================================================================
== Interface
================================================================
* Summary: 
+------------------------------------------------------------------------+-----+-----+------------+---------------------------------------------------------------+--------------+
|                                RTL Ports                               | Dir | Bits|  Protocol  |                         Source Object                         |    C Type    |
+------------------------------------------------------------------------+-----+-----+------------+---------------------------------------------------------------+--------------+
|ap_clk                                                                  |   in|    1|  ap_ctrl_hs|                                       fp32_layernorm_and_store|  return value|
|ap_rst                                                                  |   in|    1|  ap_ctrl_hs|                                       fp32_layernorm_and_store|  return value|
|ap_start                                                                |   in|    1|  ap_ctrl_hs|                                       fp32_layernorm_and_store|  return value|
|ap_done                                                                 |  out|    1|  ap_ctrl_hs|                                       fp32_layernorm_and_store|  return value|
|ap_idle                                                                 |  out|    1|  ap_ctrl_hs|                                       fp32_layernorm_and_store|  return value|
|ap_ready                                                                |  out|    1|  ap_ctrl_hs|                                       fp32_layernorm_and_store|  return value|
|grp_fu_309_p_din0                                                       |  out|   32|  ap_ctrl_hs|                                       fp32_layernorm_and_store|  return value|
|grp_fu_309_p_din1                                                       |  out|   32|  ap_ctrl_hs|                                       fp32_layernorm_and_store|  return value|
|grp_fu_309_p_opcode                                                     |  out|    1|  ap_ctrl_hs|                                       fp32_layernorm_and_store|  return value|
|grp_fu_309_p_dout0                                                      |   in|   32|  ap_ctrl_hs|                                       fp32_layernorm_and_store|  return value|
|grp_fu_309_p_ce                                                         |  out|    1|  ap_ctrl_hs|                                       fp32_layernorm_and_store|  return value|
|grp_fu_313_p_din0                                                       |  out|   32|  ap_ctrl_hs|                                       fp32_layernorm_and_store|  return value|
|grp_fu_313_p_din1                                                       |  out|   32|  ap_ctrl_hs|                                       fp32_layernorm_and_store|  return value|
|grp_fu_313_p_opcode                                                     |  out|    1|  ap_ctrl_hs|                                       fp32_layernorm_and_store|  return value|
|grp_fu_313_p_dout0                                                      |   in|   32|  ap_ctrl_hs|                                       fp32_layernorm_and_store|  return value|
|grp_fu_313_p_ce                                                         |  out|    1|  ap_ctrl_hs|                                       fp32_layernorm_and_store|  return value|
|grp_fu_317_p_din0                                                       |  out|   32|  ap_ctrl_hs|                                       fp32_layernorm_and_store|  return value|
|grp_fu_317_p_din1                                                       |  out|   32|  ap_ctrl_hs|                                       fp32_layernorm_and_store|  return value|
|grp_fu_317_p_opcode                                                     |  out|    1|  ap_ctrl_hs|                                       fp32_layernorm_and_store|  return value|
|grp_fu_317_p_dout0                                                      |   in|   32|  ap_ctrl_hs|                                       fp32_layernorm_and_store|  return value|
|grp_fu_317_p_ce                                                         |  out|    1|  ap_ctrl_hs|                                       fp32_layernorm_and_store|  return value|
|grp_fu_321_p_din0                                                       |  out|   32|  ap_ctrl_hs|                                       fp32_layernorm_and_store|  return value|
|grp_fu_321_p_din1                                                       |  out|   32|  ap_ctrl_hs|                                       fp32_layernorm_and_store|  return value|
|grp_fu_321_p_opcode                                                     |  out|    1|  ap_ctrl_hs|                                       fp32_layernorm_and_store|  return value|
|grp_fu_321_p_dout0                                                      |   in|   32|  ap_ctrl_hs|                                       fp32_layernorm_and_store|  return value|
|grp_fu_321_p_ce                                                         |  out|    1|  ap_ctrl_hs|                                       fp32_layernorm_and_store|  return value|
|grp_fu_325_p_din0                                                       |  out|   32|  ap_ctrl_hs|                                       fp32_layernorm_and_store|  return value|
|grp_fu_325_p_din1                                                       |  out|   32|  ap_ctrl_hs|                                       fp32_layernorm_and_store|  return value|
|grp_fu_325_p_opcode                                                     |  out|    1|  ap_ctrl_hs|                                       fp32_layernorm_and_store|  return value|
|grp_fu_325_p_dout0                                                      |   in|   32|  ap_ctrl_hs|                                       fp32_layernorm_and_store|  return value|
|grp_fu_325_p_ce                                                         |  out|    1|  ap_ctrl_hs|                                       fp32_layernorm_and_store|  return value|
|grp_fu_329_p_din0                                                       |  out|   32|  ap_ctrl_hs|                                       fp32_layernorm_and_store|  return value|
|grp_fu_329_p_din1                                                       |  out|   32|  ap_ctrl_hs|                                       fp32_layernorm_and_store|  return value|
|grp_fu_329_p_opcode                                                     |  out|    1|  ap_ctrl_hs|                                       fp32_layernorm_and_store|  return value|
|grp_fu_329_p_dout0                                                      |   in|   32|  ap_ctrl_hs|                                       fp32_layernorm_and_store|  return value|
|grp_fu_329_p_ce                                                         |  out|    1|  ap_ctrl_hs|                                       fp32_layernorm_and_store|  return value|
|grp_fu_333_p_din0                                                       |  out|   32|  ap_ctrl_hs|                                       fp32_layernorm_and_store|  return value|
|grp_fu_333_p_din1                                                       |  out|   32|  ap_ctrl_hs|                                       fp32_layernorm_and_store|  return value|
|grp_fu_333_p_opcode                                                     |  out|    1|  ap_ctrl_hs|                                       fp32_layernorm_and_store|  return value|
|grp_fu_333_p_dout0                                                      |   in|   32|  ap_ctrl_hs|                                       fp32_layernorm_and_store|  return value|
|grp_fu_333_p_ce                                                         |  out|    1|  ap_ctrl_hs|                                       fp32_layernorm_and_store|  return value|
|grp_fu_337_p_din0                                                       |  out|   32|  ap_ctrl_hs|                                       fp32_layernorm_and_store|  return value|
|grp_fu_337_p_din1                                                       |  out|   32|  ap_ctrl_hs|                                       fp32_layernorm_and_store|  return value|
|grp_fu_337_p_opcode                                                     |  out|    1|  ap_ctrl_hs|                                       fp32_layernorm_and_store|  return value|
|grp_fu_337_p_dout0                                                      |   in|   32|  ap_ctrl_hs|                                       fp32_layernorm_and_store|  return value|
|grp_fu_337_p_ce                                                         |  out|    1|  ap_ctrl_hs|                                       fp32_layernorm_and_store|  return value|
|grp_fu_341_p_din0                                                       |  out|   32|  ap_ctrl_hs|                                       fp32_layernorm_and_store|  return value|
|grp_fu_341_p_din1                                                       |  out|   32|  ap_ctrl_hs|                                       fp32_layernorm_and_store|  return value|
|grp_fu_341_p_opcode                                                     |  out|    1|  ap_ctrl_hs|                                       fp32_layernorm_and_store|  return value|
|grp_fu_341_p_dout0                                                      |   in|   32|  ap_ctrl_hs|                                       fp32_layernorm_and_store|  return value|
|grp_fu_341_p_ce                                                         |  out|    1|  ap_ctrl_hs|                                       fp32_layernorm_and_store|  return value|
|grp_fu_345_p_din0                                                       |  out|   32|  ap_ctrl_hs|                                       fp32_layernorm_and_store|  return value|
|grp_fu_345_p_din1                                                       |  out|   32|  ap_ctrl_hs|                                       fp32_layernorm_and_store|  return value|
|grp_fu_345_p_opcode                                                     |  out|    1|  ap_ctrl_hs|                                       fp32_layernorm_and_store|  return value|
|grp_fu_345_p_dout0                                                      |   in|   32|  ap_ctrl_hs|                                       fp32_layernorm_and_store|  return value|
|grp_fu_345_p_ce                                                         |  out|    1|  ap_ctrl_hs|                                       fp32_layernorm_and_store|  return value|
|grp_fu_349_p_din0                                                       |  out|   32|  ap_ctrl_hs|                                       fp32_layernorm_and_store|  return value|
|grp_fu_349_p_din1                                                       |  out|   32|  ap_ctrl_hs|                                       fp32_layernorm_and_store|  return value|
|grp_fu_349_p_opcode                                                     |  out|    1|  ap_ctrl_hs|                                       fp32_layernorm_and_store|  return value|
|grp_fu_349_p_dout0                                                      |   in|   32|  ap_ctrl_hs|                                       fp32_layernorm_and_store|  return value|
|grp_fu_349_p_ce                                                         |  out|    1|  ap_ctrl_hs|                                       fp32_layernorm_and_store|  return value|
|grp_fu_353_p_din0                                                       |  out|   32|  ap_ctrl_hs|                                       fp32_layernorm_and_store|  return value|
|grp_fu_353_p_din1                                                       |  out|   32|  ap_ctrl_hs|                                       fp32_layernorm_and_store|  return value|
|grp_fu_353_p_opcode                                                     |  out|    1|  ap_ctrl_hs|                                       fp32_layernorm_and_store|  return value|
|grp_fu_353_p_dout0                                                      |   in|   32|  ap_ctrl_hs|                                       fp32_layernorm_and_store|  return value|
|grp_fu_353_p_ce                                                         |  out|    1|  ap_ctrl_hs|                                       fp32_layernorm_and_store|  return value|
|grp_fu_357_p_din0                                                       |  out|   32|  ap_ctrl_hs|                                       fp32_layernorm_and_store|  return value|
|grp_fu_357_p_din1                                                       |  out|   32|  ap_ctrl_hs|                                       fp32_layernorm_and_store|  return value|
|grp_fu_357_p_opcode                                                     |  out|    1|  ap_ctrl_hs|                                       fp32_layernorm_and_store|  return value|
|grp_fu_357_p_dout0                                                      |   in|   32|  ap_ctrl_hs|                                       fp32_layernorm_and_store|  return value|
|grp_fu_357_p_ce                                                         |  out|    1|  ap_ctrl_hs|                                       fp32_layernorm_and_store|  return value|
|grp_fu_361_p_din0                                                       |  out|   32|  ap_ctrl_hs|                                       fp32_layernorm_and_store|  return value|
|grp_fu_361_p_din1                                                       |  out|   32|  ap_ctrl_hs|                                       fp32_layernorm_and_store|  return value|
|grp_fu_361_p_opcode                                                     |  out|    1|  ap_ctrl_hs|                                       fp32_layernorm_and_store|  return value|
|grp_fu_361_p_dout0                                                      |   in|   32|  ap_ctrl_hs|                                       fp32_layernorm_and_store|  return value|
|grp_fu_361_p_ce                                                         |  out|    1|  ap_ctrl_hs|                                       fp32_layernorm_and_store|  return value|
|grp_fu_365_p_din0                                                       |  out|   32|  ap_ctrl_hs|                                       fp32_layernorm_and_store|  return value|
|grp_fu_365_p_din1                                                       |  out|   32|  ap_ctrl_hs|                                       fp32_layernorm_and_store|  return value|
|grp_fu_365_p_opcode                                                     |  out|    1|  ap_ctrl_hs|                                       fp32_layernorm_and_store|  return value|
|grp_fu_365_p_dout0                                                      |   in|   32|  ap_ctrl_hs|                                       fp32_layernorm_and_store|  return value|
|grp_fu_365_p_ce                                                         |  out|    1|  ap_ctrl_hs|                                       fp32_layernorm_and_store|  return value|
|grp_fu_305_p_din0                                                       |  out|   32|  ap_ctrl_hs|                                       fp32_layernorm_and_store|  return value|
|grp_fu_305_p_din1                                                       |  out|   32|  ap_ctrl_hs|                                       fp32_layernorm_and_store|  return value|
|grp_fu_305_p_opcode                                                     |  out|    2|  ap_ctrl_hs|                                       fp32_layernorm_and_store|  return value|
|grp_fu_305_p_dout0                                                      |   in|   32|  ap_ctrl_hs|                                       fp32_layernorm_and_store|  return value|
|grp_fu_305_p_ce                                                         |  out|    1|  ap_ctrl_hs|                                       fp32_layernorm_and_store|  return value|
|m_axi_gmem_norm_AWVALID                                                 |  out|    1|       m_axi|                                                      gmem_norm|       pointer|
|m_axi_gmem_norm_AWREADY                                                 |   in|    1|       m_axi|                                                      gmem_norm|       pointer|
|m_axi_gmem_norm_AWADDR                                                  |  out|   64|       m_axi|                                                      gmem_norm|       pointer|
|m_axi_gmem_norm_AWID                                                    |  out|    1|       m_axi|                                                      gmem_norm|       pointer|
|m_axi_gmem_norm_AWLEN                                                   |  out|   32|       m_axi|                                                      gmem_norm|       pointer|
|m_axi_gmem_norm_AWSIZE                                                  |  out|    3|       m_axi|                                                      gmem_norm|       pointer|
|m_axi_gmem_norm_AWBURST                                                 |  out|    2|       m_axi|                                                      gmem_norm|       pointer|
|m_axi_gmem_norm_AWLOCK                                                  |  out|    2|       m_axi|                                                      gmem_norm|       pointer|
|m_axi_gmem_norm_AWCACHE                                                 |  out|    4|       m_axi|                                                      gmem_norm|       pointer|
|m_axi_gmem_norm_AWPROT                                                  |  out|    3|       m_axi|                                                      gmem_norm|       pointer|
|m_axi_gmem_norm_AWQOS                                                   |  out|    4|       m_axi|                                                      gmem_norm|       pointer|
|m_axi_gmem_norm_AWREGION                                                |  out|    4|       m_axi|                                                      gmem_norm|       pointer|
|m_axi_gmem_norm_AWUSER                                                  |  out|    1|       m_axi|                                                      gmem_norm|       pointer|
|m_axi_gmem_norm_WVALID                                                  |  out|    1|       m_axi|                                                      gmem_norm|       pointer|
|m_axi_gmem_norm_WREADY                                                  |   in|    1|       m_axi|                                                      gmem_norm|       pointer|
|m_axi_gmem_norm_WDATA                                                   |  out|  512|       m_axi|                                                      gmem_norm|       pointer|
|m_axi_gmem_norm_WSTRB                                                   |  out|   64|       m_axi|                                                      gmem_norm|       pointer|
|m_axi_gmem_norm_WLAST                                                   |  out|    1|       m_axi|                                                      gmem_norm|       pointer|
|m_axi_gmem_norm_WID                                                     |  out|    1|       m_axi|                                                      gmem_norm|       pointer|
|m_axi_gmem_norm_WUSER                                                   |  out|    1|       m_axi|                                                      gmem_norm|       pointer|
|m_axi_gmem_norm_ARVALID                                                 |  out|    1|       m_axi|                                                      gmem_norm|       pointer|
|m_axi_gmem_norm_ARREADY                                                 |   in|    1|       m_axi|                                                      gmem_norm|       pointer|
|m_axi_gmem_norm_ARADDR                                                  |  out|   64|       m_axi|                                                      gmem_norm|       pointer|
|m_axi_gmem_norm_ARID                                                    |  out|    1|       m_axi|                                                      gmem_norm|       pointer|
|m_axi_gmem_norm_ARLEN                                                   |  out|   32|       m_axi|                                                      gmem_norm|       pointer|
|m_axi_gmem_norm_ARSIZE                                                  |  out|    3|       m_axi|                                                      gmem_norm|       pointer|
|m_axi_gmem_norm_ARBURST                                                 |  out|    2|       m_axi|                                                      gmem_norm|       pointer|
|m_axi_gmem_norm_ARLOCK                                                  |  out|    2|       m_axi|                                                      gmem_norm|       pointer|
|m_axi_gmem_norm_ARCACHE                                                 |  out|    4|       m_axi|                                                      gmem_norm|       pointer|
|m_axi_gmem_norm_ARPROT                                                  |  out|    3|       m_axi|                                                      gmem_norm|       pointer|
|m_axi_gmem_norm_ARQOS                                                   |  out|    4|       m_axi|                                                      gmem_norm|       pointer|
|m_axi_gmem_norm_ARREGION                                                |  out|    4|       m_axi|                                                      gmem_norm|       pointer|
|m_axi_gmem_norm_ARUSER                                                  |  out|    1|       m_axi|                                                      gmem_norm|       pointer|
|m_axi_gmem_norm_RVALID                                                  |   in|    1|       m_axi|                                                      gmem_norm|       pointer|
|m_axi_gmem_norm_RREADY                                                  |  out|    1|       m_axi|                                                      gmem_norm|       pointer|
|m_axi_gmem_norm_RDATA                                                   |   in|  512|       m_axi|                                                      gmem_norm|       pointer|
|m_axi_gmem_norm_RLAST                                                   |   in|    1|       m_axi|                                                      gmem_norm|       pointer|
|m_axi_gmem_norm_RID                                                     |   in|    1|       m_axi|                                                      gmem_norm|       pointer|
|m_axi_gmem_norm_RFIFONUM                                                |   in|    9|       m_axi|                                                      gmem_norm|       pointer|
|m_axi_gmem_norm_RUSER                                                   |   in|    1|       m_axi|                                                      gmem_norm|       pointer|
|m_axi_gmem_norm_RRESP                                                   |   in|    2|       m_axi|                                                      gmem_norm|       pointer|
|m_axi_gmem_norm_BVALID                                                  |   in|    1|       m_axi|                                                      gmem_norm|       pointer|
|m_axi_gmem_norm_BREADY                                                  |  out|    1|       m_axi|                                                      gmem_norm|       pointer|
|m_axi_gmem_norm_BRESP                                                   |   in|    2|       m_axi|                                                      gmem_norm|       pointer|
|m_axi_gmem_norm_BID                                                     |   in|    1|       m_axi|                                                      gmem_norm|       pointer|
|m_axi_gmem_norm_BUSER                                                   |   in|    1|       m_axi|                                                      gmem_norm|       pointer|
|gamma                                                                   |   in|   64|     ap_none|                                                          gamma|        scalar|
|beta                                                                    |   in|   64|     ap_none|                                                           beta|        scalar|
|m_axi_gmem_out_AWVALID                                                  |  out|    1|       m_axi|                                                       gmem_out|       pointer|
|m_axi_gmem_out_AWREADY                                                  |   in|    1|       m_axi|                                                       gmem_out|       pointer|
|m_axi_gmem_out_AWADDR                                                   |  out|   64|       m_axi|                                                       gmem_out|       pointer|
|m_axi_gmem_out_AWID                                                     |  out|    1|       m_axi|                                                       gmem_out|       pointer|
|m_axi_gmem_out_AWLEN                                                    |  out|   32|       m_axi|                                                       gmem_out|       pointer|
|m_axi_gmem_out_AWSIZE                                                   |  out|    3|       m_axi|                                                       gmem_out|       pointer|
|m_axi_gmem_out_AWBURST                                                  |  out|    2|       m_axi|                                                       gmem_out|       pointer|
|m_axi_gmem_out_AWLOCK                                                   |  out|    2|       m_axi|                                                       gmem_out|       pointer|
|m_axi_gmem_out_AWCACHE                                                  |  out|    4|       m_axi|                                                       gmem_out|       pointer|
|m_axi_gmem_out_AWPROT                                                   |  out|    3|       m_axi|                                                       gmem_out|       pointer|
|m_axi_gmem_out_AWQOS                                                    |  out|    4|       m_axi|                                                       gmem_out|       pointer|
|m_axi_gmem_out_AWREGION                                                 |  out|    4|       m_axi|                                                       gmem_out|       pointer|
|m_axi_gmem_out_AWUSER                                                   |  out|    1|       m_axi|                                                       gmem_out|       pointer|
|m_axi_gmem_out_WVALID                                                   |  out|    1|       m_axi|                                                       gmem_out|       pointer|
|m_axi_gmem_out_WREADY                                                   |   in|    1|       m_axi|                                                       gmem_out|       pointer|
|m_axi_gmem_out_WDATA                                                    |  out|  512|       m_axi|                                                       gmem_out|       pointer|
|m_axi_gmem_out_WSTRB                                                    |  out|   64|       m_axi|                                                       gmem_out|       pointer|
|m_axi_gmem_out_WLAST                                                    |  out|    1|       m_axi|                                                       gmem_out|       pointer|
|m_axi_gmem_out_WID                                                      |  out|    1|       m_axi|                                                       gmem_out|       pointer|
|m_axi_gmem_out_WUSER                                                    |  out|    1|       m_axi|                                                       gmem_out|       pointer|
|m_axi_gmem_out_ARVALID                                                  |  out|    1|       m_axi|                                                       gmem_out|       pointer|
|m_axi_gmem_out_ARREADY                                                  |   in|    1|       m_axi|                                                       gmem_out|       pointer|
|m_axi_gmem_out_ARADDR                                                   |  out|   64|       m_axi|                                                       gmem_out|       pointer|
|m_axi_gmem_out_ARID                                                     |  out|    1|       m_axi|                                                       gmem_out|       pointer|
|m_axi_gmem_out_ARLEN                                                    |  out|   32|       m_axi|                                                       gmem_out|       pointer|
|m_axi_gmem_out_ARSIZE                                                   |  out|    3|       m_axi|                                                       gmem_out|       pointer|
|m_axi_gmem_out_ARBURST                                                  |  out|    2|       m_axi|                                                       gmem_out|       pointer|
|m_axi_gmem_out_ARLOCK                                                   |  out|    2|       m_axi|                                                       gmem_out|       pointer|
|m_axi_gmem_out_ARCACHE                                                  |  out|    4|       m_axi|                                                       gmem_out|       pointer|
|m_axi_gmem_out_ARPROT                                                   |  out|    3|       m_axi|                                                       gmem_out|       pointer|
|m_axi_gmem_out_ARQOS                                                    |  out|    4|       m_axi|                                                       gmem_out|       pointer|
|m_axi_gmem_out_ARREGION                                                 |  out|    4|       m_axi|                                                       gmem_out|       pointer|
|m_axi_gmem_out_ARUSER                                                   |  out|    1|       m_axi|                                                       gmem_out|       pointer|
|m_axi_gmem_out_RVALID                                                   |   in|    1|       m_axi|                                                       gmem_out|       pointer|
|m_axi_gmem_out_RREADY                                                   |  out|    1|       m_axi|                                                       gmem_out|       pointer|
|m_axi_gmem_out_RDATA                                                    |   in|  512|       m_axi|                                                       gmem_out|       pointer|
|m_axi_gmem_out_RLAST                                                    |   in|    1|       m_axi|                                                       gmem_out|       pointer|
|m_axi_gmem_out_RID                                                      |   in|    1|       m_axi|                                                       gmem_out|       pointer|
|m_axi_gmem_out_RFIFONUM                                                 |   in|    9|       m_axi|                                                       gmem_out|       pointer|
|m_axi_gmem_out_RUSER                                                    |   in|    1|       m_axi|                                                       gmem_out|       pointer|
|m_axi_gmem_out_RRESP                                                    |   in|    2|       m_axi|                                                       gmem_out|       pointer|
|m_axi_gmem_out_BVALID                                                   |   in|    1|       m_axi|                                                       gmem_out|       pointer|
|m_axi_gmem_out_BREADY                                                   |  out|    1|       m_axi|                                                       gmem_out|       pointer|
|m_axi_gmem_out_BRESP                                                    |   in|    2|       m_axi|                                                       gmem_out|       pointer|
|m_axi_gmem_out_BID                                                      |   in|    1|       m_axi|                                                       gmem_out|       pointer|
|m_axi_gmem_out_BUSER                                                    |   in|    1|       m_axi|                                                       gmem_out|       pointer|
|output_hidden                                                           |   in|   64|     ap_none|                                                  output_hidden|        scalar|
|output_buf_address0                                                     |  out|   13|   ap_memory|                                                     output_buf|         array|
|output_buf_ce0                                                          |  out|    1|   ap_memory|                                                     output_buf|         array|
|output_buf_q0                                                           |   in|   32|   ap_memory|                                                     output_buf|         array|
|output_buf_1_address0                                                   |  out|   13|   ap_memory|                                                   output_buf_1|         array|
|output_buf_1_ce0                                                        |  out|    1|   ap_memory|                                                   output_buf_1|         array|
|output_buf_1_q0                                                         |   in|   32|   ap_memory|                                                   output_buf_1|         array|
|output_buf_2_address0                                                   |  out|   13|   ap_memory|                                                   output_buf_2|         array|
|output_buf_2_ce0                                                        |  out|    1|   ap_memory|                                                   output_buf_2|         array|
|output_buf_2_q0                                                         |   in|   32|   ap_memory|                                                   output_buf_2|         array|
|output_buf_3_address0                                                   |  out|   13|   ap_memory|                                                   output_buf_3|         array|
|output_buf_3_ce0                                                        |  out|    1|   ap_memory|                                                   output_buf_3|         array|
|output_buf_3_q0                                                         |   in|   32|   ap_memory|                                                   output_buf_3|         array|
|output_buf_4_address0                                                   |  out|   13|   ap_memory|                                                   output_buf_4|         array|
|output_buf_4_ce0                                                        |  out|    1|   ap_memory|                                                   output_buf_4|         array|
|output_buf_4_q0                                                         |   in|   32|   ap_memory|                                                   output_buf_4|         array|
|output_buf_5_address0                                                   |  out|   13|   ap_memory|                                                   output_buf_5|         array|
|output_buf_5_ce0                                                        |  out|    1|   ap_memory|                                                   output_buf_5|         array|
|output_buf_5_q0                                                         |   in|   32|   ap_memory|                                                   output_buf_5|         array|
|output_buf_6_address0                                                   |  out|   13|   ap_memory|                                                   output_buf_6|         array|
|output_buf_6_ce0                                                        |  out|    1|   ap_memory|                                                   output_buf_6|         array|
|output_buf_6_q0                                                         |   in|   32|   ap_memory|                                                   output_buf_6|         array|
|output_buf_7_address0                                                   |  out|   13|   ap_memory|                                                   output_buf_7|         array|
|output_buf_7_ce0                                                        |  out|    1|   ap_memory|                                                   output_buf_7|         array|
|output_buf_7_q0                                                         |   in|   32|   ap_memory|                                                   output_buf_7|         array|
|output_buf_8_address0                                                   |  out|   13|   ap_memory|                                                   output_buf_8|         array|
|output_buf_8_ce0                                                        |  out|    1|   ap_memory|                                                   output_buf_8|         array|
|output_buf_8_q0                                                         |   in|   32|   ap_memory|                                                   output_buf_8|         array|
|output_buf_9_address0                                                   |  out|   13|   ap_memory|                                                   output_buf_9|         array|
|output_buf_9_ce0                                                        |  out|    1|   ap_memory|                                                   output_buf_9|         array|
|output_buf_9_q0                                                         |   in|   32|   ap_memory|                                                   output_buf_9|         array|
|p_ZZ39bert_ffn_down_residual_norm_fp32_kernelE10output_buf_10_address0  |  out|   13|   ap_memory|  p_ZZ39bert_ffn_down_residual_norm_fp32_kernelE10output_buf_10|         array|
|p_ZZ39bert_ffn_down_residual_norm_fp32_kernelE10output_buf_10_ce0       |  out|    1|   ap_memory|  p_ZZ39bert_ffn_down_residual_norm_fp32_kernelE10output_buf_10|         array|
|p_ZZ39bert_ffn_down_residual_norm_fp32_kernelE10output_buf_10_q0        |   in|   32|   ap_memory|  p_ZZ39bert_ffn_down_residual_norm_fp32_kernelE10output_buf_10|         array|
|p_ZZ39bert_ffn_down_residual_norm_fp32_kernelE10output_buf_11_address0  |  out|   13|   ap_memory|  p_ZZ39bert_ffn_down_residual_norm_fp32_kernelE10output_buf_11|         array|
|p_ZZ39bert_ffn_down_residual_norm_fp32_kernelE10output_buf_11_ce0       |  out|    1|   ap_memory|  p_ZZ39bert_ffn_down_residual_norm_fp32_kernelE10output_buf_11|         array|
|p_ZZ39bert_ffn_down_residual_norm_fp32_kernelE10output_buf_11_q0        |   in|   32|   ap_memory|  p_ZZ39bert_ffn_down_residual_norm_fp32_kernelE10output_buf_11|         array|
|p_ZZ39bert_ffn_down_residual_norm_fp32_kernelE10output_buf_12_address0  |  out|   13|   ap_memory|  p_ZZ39bert_ffn_down_residual_norm_fp32_kernelE10output_buf_12|         array|
|p_ZZ39bert_ffn_down_residual_norm_fp32_kernelE10output_buf_12_ce0       |  out|    1|   ap_memory|  p_ZZ39bert_ffn_down_residual_norm_fp32_kernelE10output_buf_12|         array|
|p_ZZ39bert_ffn_down_residual_norm_fp32_kernelE10output_buf_12_q0        |   in|   32|   ap_memory|  p_ZZ39bert_ffn_down_residual_norm_fp32_kernelE10output_buf_12|         array|
|p_ZZ39bert_ffn_down_residual_norm_fp32_kernelE10output_buf_13_address0  |  out|   13|   ap_memory|  p_ZZ39bert_ffn_down_residual_norm_fp32_kernelE10output_buf_13|         array|
|p_ZZ39bert_ffn_down_residual_norm_fp32_kernelE10output_buf_13_ce0       |  out|    1|   ap_memory|  p_ZZ39bert_ffn_down_residual_norm_fp32_kernelE10output_buf_13|         array|
|p_ZZ39bert_ffn_down_residual_norm_fp32_kernelE10output_buf_13_q0        |   in|   32|   ap_memory|  p_ZZ39bert_ffn_down_residual_norm_fp32_kernelE10output_buf_13|         array|
|p_ZZ39bert_ffn_down_residual_norm_fp32_kernelE10output_buf_14_address0  |  out|   13|   ap_memory|  p_ZZ39bert_ffn_down_residual_norm_fp32_kernelE10output_buf_14|         array|
|p_ZZ39bert_ffn_down_residual_norm_fp32_kernelE10output_buf_14_ce0       |  out|    1|   ap_memory|  p_ZZ39bert_ffn_down_residual_norm_fp32_kernelE10output_buf_14|         array|
|p_ZZ39bert_ffn_down_residual_norm_fp32_kernelE10output_buf_14_q0        |   in|   32|   ap_memory|  p_ZZ39bert_ffn_down_residual_norm_fp32_kernelE10output_buf_14|         array|
|p_ZZ39bert_ffn_down_residual_norm_fp32_kernelE10output_buf_15_address0  |  out|   13|   ap_memory|  p_ZZ39bert_ffn_down_residual_norm_fp32_kernelE10output_buf_15|         array|
|p_ZZ39bert_ffn_down_residual_norm_fp32_kernelE10output_buf_15_ce0       |  out|    1|   ap_memory|  p_ZZ39bert_ffn_down_residual_norm_fp32_kernelE10output_buf_15|         array|
|p_ZZ39bert_ffn_down_residual_norm_fp32_kernelE10output_buf_15_q0        |   in|   32|   ap_memory|  p_ZZ39bert_ffn_down_residual_norm_fp32_kernelE10output_buf_15|         array|
+------------------------------------------------------------------------+-----+-----+------------+---------------------------------------------------------------+--------------+

