

================================================================
== Vitis HLS Report for 'load_output_bias32_Pipeline_LOAD_OUT_BIAS_PACK'
================================================================
* Date:           Mon Jul 13 10:38:54 2026

* Version:        2022.1 (Build 3526262 on Mon Apr 18 15:47:01 MDT 2022)
* Project:        proj_bert_attn_out_norm_kernel
* Solution:       solution1 (Vivado IP Flow Target)
* Product family: virtexuplus
* Target device:  xcu250-figd2104-2L-e


================================================================
== Performance Estimates
================================================================
+ Timing: 
    * Summary: 
    +--------+---------+----------+------------+
    |  Clock |  Target | Estimated| Uncertainty|
    +--------+---------+----------+------------+
    |ap_clk  |  3.33 ns|  2.500 ns|     0.83 ns|
    +--------+---------+----------+------------+

+ Latency: 
    * Summary: 
    +---------+---------+-----------+-----------+-----+-----+---------+
    |  Latency (cycles) |   Latency (absolute)  |  Interval | Pipeline|
    |   min   |   max   |    min    |    max    | min | max |   Type  |
    +---------+---------+-----------+-----------+-----+-----+---------+
    |        5|        5|  16.665 ns|  16.665 ns|    5|    5|       no|
    +---------+---------+-----------+-----------+-----+-----+---------+

    + Detail: 
        * Instance: 
        N/A

        * Loop: 
        +----------------------+---------+---------+----------+-----------+-----------+------+----------+
        |                      |  Latency (cycles) | Iteration|  Initiation Interval  | Trip |          |
        |       Loop Name      |   min   |   max   |  Latency |  achieved |   target  | Count| Pipelined|
        +----------------------+---------+---------+----------+-----------+-----------+------+----------+
        |- LOAD_OUT_BIAS_PACK  |        3|        3|         3|          1|          1|     2|       yes|
        +----------------------+---------+---------+----------+-----------+-----------+------+----------+



================================================================
== Utilization Estimates
================================================================
* Summary: 
+---------------------+---------+-------+---------+---------+------+
|         Name        | BRAM_18K|  DSP  |    FF   |   LUT   | URAM |
+---------------------+---------+-------+---------+---------+------+
|DSP                  |        -|      -|        -|        -|     -|
|Expression           |        -|      -|        0|       25|     -|
|FIFO                 |        -|      -|        -|        -|     -|
|Instance             |        -|      -|        -|        -|     -|
|Memory               |        -|      -|        -|        -|     -|
|Multiplexer          |        -|      -|        -|       45|     -|
|Register             |        -|      -|      524|        -|     -|
+---------------------+---------+-------+---------+---------+------+
|Total                |        0|      0|      524|       70|     0|
+---------------------+---------+-------+---------+---------+------+
|Available SLR        |     1344|   3072|   864000|   432000|   320|
+---------------------+---------+-------+---------+---------+------+
|Utilization SLR (%)  |        0|      0|       ~0|       ~0|     0|
+---------------------+---------+-------+---------+---------+------+
|Available            |     5376|  12288|  3456000|  1728000|  1280|
+---------------------+---------+-------+---------+---------+------+
|Utilization (%)      |        0|      0|       ~0|       ~0|     0|
+---------------------+---------+-------+---------+---------+------+

+ Detail: 
    * Instance: 
    N/A

    * DSP: 
    N/A

    * Memory: 
    N/A

    * FIFO: 
    N/A

    * Expression: 
    +----------------------------------+----------+----+---+----+------------+------------+
    |           Variable Name          | Operation| DSP| FF| LUT| Bitwidth P0| Bitwidth P1|
    +----------------------------------+----------+----+---+----+------------+------------+
    |add_ln56_fu_357_p2                |         +|   0|  0|   9|           2|           1|
    |ap_block_pp0_stage0_11001         |       and|   0|  0|   2|           1|           1|
    |ap_block_state2_pp0_stage0_iter1  |       and|   0|  0|   2|           1|           1|
    |icmp_ln56_fu_351_p2               |      icmp|   0|  0|   8|           2|           3|
    |or_ln64_fu_609_p2                 |        or|   0|  0|   2|           2|           1|
    |ap_enable_pp0                     |       xor|   0|  0|   2|           1|           2|
    +----------------------------------+----------+----+---+----+------------+------------+
    |Total                             |          |   0|  0|  25|           9|           9|
    +----------------------------------+----------+----+---+----+------------+------------+

    * Multiplexer: 
    +-------------------------+----+-----------+-----+-----------+
    |           Name          | LUT| Input Size| Bits| Total Bits|
    +-------------------------+----+-----------+-----+-----------+
    |ap_done_int              |   9|          2|    1|          2|
    |ap_enable_reg_pp0_iter2  |   9|          2|    1|          2|
    |ap_sig_allocacmp_p_3     |   9|          2|    2|          4|
    |gmem_o_blk_n_R           |   9|          2|    1|          2|
    |p_fu_124                 |   9|          2|    2|          4|
    +-------------------------+----+-----------+-----+-----------+
    |Total                    |  45|         10|    7|         14|
    +-------------------------+----+-----------+-----+-----------+

    * Register: 
    +----------------------------------+----+----+-----+-----------+
    |               Name               | FF | LUT| Bits| Const Bits|
    +----------------------------------+----+----+-----+-----------+
    |ap_CS_fsm                         |   1|   0|    1|          0|
    |ap_done_reg                       |   1|   0|    1|          0|
    |ap_enable_reg_pp0_iter1           |   1|   0|    1|          0|
    |ap_enable_reg_pp0_iter2           |   1|   0|    1|          0|
    |ap_loop_exit_ready_pp0_iter1_reg  |   1|   0|    1|          0|
    |conv_16_reg_653                   |  32|   0|   32|          0|
    |conv_17_reg_658                   |  32|   0|   32|          0|
    |conv_18_reg_663                   |  32|   0|   32|          0|
    |conv_19_reg_668                   |  32|   0|   32|          0|
    |conv_20_reg_673                   |  32|   0|   32|          0|
    |conv_21_reg_678                   |  32|   0|   32|          0|
    |conv_22_reg_683                   |  32|   0|   32|          0|
    |conv_23_reg_688                   |  32|   0|   32|          0|
    |conv_24_reg_693                   |  32|   0|   32|          0|
    |conv_25_reg_698                   |  32|   0|   32|          0|
    |conv_26_reg_703                   |  32|   0|   32|          0|
    |conv_27_reg_708                   |  32|   0|   32|          0|
    |conv_28_reg_713                   |  32|   0|   32|          0|
    |conv_29_reg_718                   |  32|   0|   32|          0|
    |conv_30_reg_723                   |  32|   0|   32|          0|
    |conv_reg_648                      |  32|   0|   32|          0|
    |icmp_ln56_reg_644                 |   1|   0|    1|          0|
    |p_3_reg_639                       |   2|   0|    2|          0|
    |p_3_reg_639_pp0_iter1_reg         |   2|   0|    2|          0|
    |p_fu_124                          |   2|   0|    2|          0|
    +----------------------------------+----+----+-----+-----------+
    |Total                             | 524|   0|  524|          0|
    +----------------------------------+----+----+-----+-----------+



================================================================
== Interface
================================================================
* Summary: 
+-----------------------+-----+-----+------------+------------------------------------------------+--------------+
|       RTL Ports       | Dir | Bits|  Protocol  |                  Source Object                 |    C Type    |
+-----------------------+-----+-----+------------+------------------------------------------------+--------------+
|ap_clk                 |   in|    1|  ap_ctrl_hs|  load_output_bias32_Pipeline_LOAD_OUT_BIAS_PACK|  return value|
|ap_rst                 |   in|    1|  ap_ctrl_hs|  load_output_bias32_Pipeline_LOAD_OUT_BIAS_PACK|  return value|
|ap_start               |   in|    1|  ap_ctrl_hs|  load_output_bias32_Pipeline_LOAD_OUT_BIAS_PACK|  return value|
|ap_done                |  out|    1|  ap_ctrl_hs|  load_output_bias32_Pipeline_LOAD_OUT_BIAS_PACK|  return value|
|ap_idle                |  out|    1|  ap_ctrl_hs|  load_output_bias32_Pipeline_LOAD_OUT_BIAS_PACK|  return value|
|ap_ready               |  out|    1|  ap_ctrl_hs|  load_output_bias32_Pipeline_LOAD_OUT_BIAS_PACK|  return value|
|m_axi_gmem_o_AWVALID   |  out|    1|       m_axi|                                          gmem_o|       pointer|
|m_axi_gmem_o_AWREADY   |   in|    1|       m_axi|                                          gmem_o|       pointer|
|m_axi_gmem_o_AWADDR    |  out|   64|       m_axi|                                          gmem_o|       pointer|
|m_axi_gmem_o_AWID      |  out|    1|       m_axi|                                          gmem_o|       pointer|
|m_axi_gmem_o_AWLEN     |  out|   32|       m_axi|                                          gmem_o|       pointer|
|m_axi_gmem_o_AWSIZE    |  out|    3|       m_axi|                                          gmem_o|       pointer|
|m_axi_gmem_o_AWBURST   |  out|    2|       m_axi|                                          gmem_o|       pointer|
|m_axi_gmem_o_AWLOCK    |  out|    2|       m_axi|                                          gmem_o|       pointer|
|m_axi_gmem_o_AWCACHE   |  out|    4|       m_axi|                                          gmem_o|       pointer|
|m_axi_gmem_o_AWPROT    |  out|    3|       m_axi|                                          gmem_o|       pointer|
|m_axi_gmem_o_AWQOS     |  out|    4|       m_axi|                                          gmem_o|       pointer|
|m_axi_gmem_o_AWREGION  |  out|    4|       m_axi|                                          gmem_o|       pointer|
|m_axi_gmem_o_AWUSER    |  out|    1|       m_axi|                                          gmem_o|       pointer|
|m_axi_gmem_o_WVALID    |  out|    1|       m_axi|                                          gmem_o|       pointer|
|m_axi_gmem_o_WREADY    |   in|    1|       m_axi|                                          gmem_o|       pointer|
|m_axi_gmem_o_WDATA     |  out|  512|       m_axi|                                          gmem_o|       pointer|
|m_axi_gmem_o_WSTRB     |  out|   64|       m_axi|                                          gmem_o|       pointer|
|m_axi_gmem_o_WLAST     |  out|    1|       m_axi|                                          gmem_o|       pointer|
|m_axi_gmem_o_WID       |  out|    1|       m_axi|                                          gmem_o|       pointer|
|m_axi_gmem_o_WUSER     |  out|    1|       m_axi|                                          gmem_o|       pointer|
|m_axi_gmem_o_ARVALID   |  out|    1|       m_axi|                                          gmem_o|       pointer|
|m_axi_gmem_o_ARREADY   |   in|    1|       m_axi|                                          gmem_o|       pointer|
|m_axi_gmem_o_ARADDR    |  out|   64|       m_axi|                                          gmem_o|       pointer|
|m_axi_gmem_o_ARID      |  out|    1|       m_axi|                                          gmem_o|       pointer|
|m_axi_gmem_o_ARLEN     |  out|   32|       m_axi|                                          gmem_o|       pointer|
|m_axi_gmem_o_ARSIZE    |  out|    3|       m_axi|                                          gmem_o|       pointer|
|m_axi_gmem_o_ARBURST   |  out|    2|       m_axi|                                          gmem_o|       pointer|
|m_axi_gmem_o_ARLOCK    |  out|    2|       m_axi|                                          gmem_o|       pointer|
|m_axi_gmem_o_ARCACHE   |  out|    4|       m_axi|                                          gmem_o|       pointer|
|m_axi_gmem_o_ARPROT    |  out|    3|       m_axi|                                          gmem_o|       pointer|
|m_axi_gmem_o_ARQOS     |  out|    4|       m_axi|                                          gmem_o|       pointer|
|m_axi_gmem_o_ARREGION  |  out|    4|       m_axi|                                          gmem_o|       pointer|
|m_axi_gmem_o_ARUSER    |  out|    1|       m_axi|                                          gmem_o|       pointer|
|m_axi_gmem_o_RVALID    |   in|    1|       m_axi|                                          gmem_o|       pointer|
|m_axi_gmem_o_RREADY    |  out|    1|       m_axi|                                          gmem_o|       pointer|
|m_axi_gmem_o_RDATA     |   in|  512|       m_axi|                                          gmem_o|       pointer|
|m_axi_gmem_o_RLAST     |   in|    1|       m_axi|                                          gmem_o|       pointer|
|m_axi_gmem_o_RID       |   in|    1|       m_axi|                                          gmem_o|       pointer|
|m_axi_gmem_o_RFIFONUM  |   in|    9|       m_axi|                                          gmem_o|       pointer|
|m_axi_gmem_o_RUSER     |   in|    1|       m_axi|                                          gmem_o|       pointer|
|m_axi_gmem_o_RRESP     |   in|    2|       m_axi|                                          gmem_o|       pointer|
|m_axi_gmem_o_BVALID    |   in|    1|       m_axi|                                          gmem_o|       pointer|
|m_axi_gmem_o_BREADY    |  out|    1|       m_axi|                                          gmem_o|       pointer|
|m_axi_gmem_o_BRESP     |   in|    2|       m_axi|                                          gmem_o|       pointer|
|m_axi_gmem_o_BID       |   in|    1|       m_axi|                                          gmem_o|       pointer|
|m_axi_gmem_o_BUSER     |   in|    1|       m_axi|                                          gmem_o|       pointer|
|sext_ln56              |   in|   58|     ap_none|                                       sext_ln56|        scalar|
|bias_tile_7_address0   |  out|    2|   ap_memory|                                     bias_tile_7|         array|
|bias_tile_7_ce0        |  out|    1|   ap_memory|                                     bias_tile_7|         array|
|bias_tile_7_we0        |  out|    1|   ap_memory|                                     bias_tile_7|         array|
|bias_tile_7_d0         |  out|   32|   ap_memory|                                     bias_tile_7|         array|
|bias_tile_7_address1   |  out|    2|   ap_memory|                                     bias_tile_7|         array|
|bias_tile_7_ce1        |  out|    1|   ap_memory|                                     bias_tile_7|         array|
|bias_tile_7_we1        |  out|    1|   ap_memory|                                     bias_tile_7|         array|
|bias_tile_7_d1         |  out|   32|   ap_memory|                                     bias_tile_7|         array|
|bias_tile_6_address0   |  out|    2|   ap_memory|                                     bias_tile_6|         array|
|bias_tile_6_ce0        |  out|    1|   ap_memory|                                     bias_tile_6|         array|
|bias_tile_6_we0        |  out|    1|   ap_memory|                                     bias_tile_6|         array|
|bias_tile_6_d0         |  out|   32|   ap_memory|                                     bias_tile_6|         array|
|bias_tile_6_address1   |  out|    2|   ap_memory|                                     bias_tile_6|         array|
|bias_tile_6_ce1        |  out|    1|   ap_memory|                                     bias_tile_6|         array|
|bias_tile_6_we1        |  out|    1|   ap_memory|                                     bias_tile_6|         array|
|bias_tile_6_d1         |  out|   32|   ap_memory|                                     bias_tile_6|         array|
|bias_tile_5_address0   |  out|    2|   ap_memory|                                     bias_tile_5|         array|
|bias_tile_5_ce0        |  out|    1|   ap_memory|                                     bias_tile_5|         array|
|bias_tile_5_we0        |  out|    1|   ap_memory|                                     bias_tile_5|         array|
|bias_tile_5_d0         |  out|   32|   ap_memory|                                     bias_tile_5|         array|
|bias_tile_5_address1   |  out|    2|   ap_memory|                                     bias_tile_5|         array|
|bias_tile_5_ce1        |  out|    1|   ap_memory|                                     bias_tile_5|         array|
|bias_tile_5_we1        |  out|    1|   ap_memory|                                     bias_tile_5|         array|
|bias_tile_5_d1         |  out|   32|   ap_memory|                                     bias_tile_5|         array|
|bias_tile_4_address0   |  out|    2|   ap_memory|                                     bias_tile_4|         array|
|bias_tile_4_ce0        |  out|    1|   ap_memory|                                     bias_tile_4|         array|
|bias_tile_4_we0        |  out|    1|   ap_memory|                                     bias_tile_4|         array|
|bias_tile_4_d0         |  out|   32|   ap_memory|                                     bias_tile_4|         array|
|bias_tile_4_address1   |  out|    2|   ap_memory|                                     bias_tile_4|         array|
|bias_tile_4_ce1        |  out|    1|   ap_memory|                                     bias_tile_4|         array|
|bias_tile_4_we1        |  out|    1|   ap_memory|                                     bias_tile_4|         array|
|bias_tile_4_d1         |  out|   32|   ap_memory|                                     bias_tile_4|         array|
|bias_tile_3_address0   |  out|    2|   ap_memory|                                     bias_tile_3|         array|
|bias_tile_3_ce0        |  out|    1|   ap_memory|                                     bias_tile_3|         array|
|bias_tile_3_we0        |  out|    1|   ap_memory|                                     bias_tile_3|         array|
|bias_tile_3_d0         |  out|   32|   ap_memory|                                     bias_tile_3|         array|
|bias_tile_3_address1   |  out|    2|   ap_memory|                                     bias_tile_3|         array|
|bias_tile_3_ce1        |  out|    1|   ap_memory|                                     bias_tile_3|         array|
|bias_tile_3_we1        |  out|    1|   ap_memory|                                     bias_tile_3|         array|
|bias_tile_3_d1         |  out|   32|   ap_memory|                                     bias_tile_3|         array|
|bias_tile_2_address0   |  out|    2|   ap_memory|                                     bias_tile_2|         array|
|bias_tile_2_ce0        |  out|    1|   ap_memory|                                     bias_tile_2|         array|
|bias_tile_2_we0        |  out|    1|   ap_memory|                                     bias_tile_2|         array|
|bias_tile_2_d0         |  out|   32|   ap_memory|                                     bias_tile_2|         array|
|bias_tile_2_address1   |  out|    2|   ap_memory|                                     bias_tile_2|         array|
|bias_tile_2_ce1        |  out|    1|   ap_memory|                                     bias_tile_2|         array|
|bias_tile_2_we1        |  out|    1|   ap_memory|                                     bias_tile_2|         array|
|bias_tile_2_d1         |  out|   32|   ap_memory|                                     bias_tile_2|         array|
|bias_tile_1_address0   |  out|    2|   ap_memory|                                     bias_tile_1|         array|
|bias_tile_1_ce0        |  out|    1|   ap_memory|                                     bias_tile_1|         array|
|bias_tile_1_we0        |  out|    1|   ap_memory|                                     bias_tile_1|         array|
|bias_tile_1_d0         |  out|   32|   ap_memory|                                     bias_tile_1|         array|
|bias_tile_1_address1   |  out|    2|   ap_memory|                                     bias_tile_1|         array|
|bias_tile_1_ce1        |  out|    1|   ap_memory|                                     bias_tile_1|         array|
|bias_tile_1_we1        |  out|    1|   ap_memory|                                     bias_tile_1|         array|
|bias_tile_1_d1         |  out|   32|   ap_memory|                                     bias_tile_1|         array|
|bias_tile_0_address0   |  out|    2|   ap_memory|                                     bias_tile_0|         array|
|bias_tile_0_ce0        |  out|    1|   ap_memory|                                     bias_tile_0|         array|
|bias_tile_0_we0        |  out|    1|   ap_memory|                                     bias_tile_0|         array|
|bias_tile_0_d0         |  out|   32|   ap_memory|                                     bias_tile_0|         array|
|bias_tile_0_address1   |  out|    2|   ap_memory|                                     bias_tile_0|         array|
|bias_tile_0_ce1        |  out|    1|   ap_memory|                                     bias_tile_0|         array|
|bias_tile_0_we1        |  out|    1|   ap_memory|                                     bias_tile_0|         array|
|bias_tile_0_d1         |  out|   32|   ap_memory|                                     bias_tile_0|         array|
+-----------------------+-----+-----+------------+------------------------------------------------+--------------+

