

================================================================
== Vitis HLS Report for 'fp32_layernorm_and_route_full_model'
================================================================
* Date:           Wed Jul 15 12:36:07 2026

* Version:        2022.1 (Build 3526262 on Mon Apr 18 15:47:01 MDT 2022)
* Project:        proj_bert_ffn_down_norm_feedback_12layer_kernel
* Solution:       solution1 (Vivado IP Flow Target)
* Product family: virtexuplus
* Target device:  xcu250-figd2104-2L-e


================================================================
== Performance Estimates
================================================================
+ Timing: 
    * Summary: 
    +--------+---------+----------+------------+
    |  Clock |  Target | Estimated| Uncertainty|
    +--------+---------+----------+------------+
    |ap_clk  |  3.33 ns|  2.470 ns|     0.90 ns|
    +--------+---------+----------+------------+

+ Latency: 
    * Summary: 
    +---------+---------+----------+----------+-------+-------+---------+
    |  Latency (cycles) |  Latency (absolute) |    Interval   | Pipeline|
    |   min   |   max   |    min   |    max   |  min  |  max  |   Type  |
    +---------+---------+----------+----------+-------+-------+---------+
    |    57196|    57196|  0.191 ms|  0.191 ms|  57196|  57196|       no|
    +---------+---------+----------+----------+-------+-------+---------+

    + Detail: 
        * Instance: 
        +-------------------------------------------------------------------------------+--------------------------------------------------------------------+---------+---------+----------+----------+-----+-----+---------+
        |                                                                               |                                                                    |  Latency (cycles) |  Latency (absolute) |  Interval | Pipeline|
        |                                    Instance                                   |                               Module                               |   min   |   max   |    min   |    max   | min | max |   Type  |
        +-------------------------------------------------------------------------------+--------------------------------------------------------------------+---------+---------+----------+----------+-----+-----+---------+
        |grp_fp32_layernorm_and_route_full_model_Pipeline_full_norm_load_pack_fu_308    |fp32_layernorm_and_route_full_model_Pipeline_full_norm_load_pack    |      106|      106|  0.353 us|  0.353 us|  106|  106|       no|
        |grp_fp32_layernorm_and_route_full_model_Pipeline_full_norm_reduce_pack_fu_320  |fp32_layernorm_and_route_full_model_Pipeline_full_norm_reduce_pack  |      205|      205|  0.683 us|  0.683 us|  205|  205|       no|
        |grp_fp32_layernorm_and_route_full_model_Pipeline_full_norm_bank_reduce_fu_389  |fp32_layernorm_and_route_full_model_Pipeline_full_norm_bank_reduce  |      116|      116|  0.387 us|  0.387 us|  116|  116|       no|
        |grp_fp32_layernorm_and_route_full_model_Pipeline_full_norm_write_pack_fu_427   |fp32_layernorm_and_route_full_model_Pipeline_full_norm_write_pack   |       80|       80|  0.267 us|  0.267 us|   80|   80|       no|
        +-------------------------------------------------------------------------------+--------------------------------------------------------------------+---------+---------+----------+----------+-----+-----+---------+

        * Loop: 
        +-----------------+---------+---------+----------+-----------+-----------+------+----------+
        |                 |  Latency (cycles) | Iteration|  Initiation Interval  | Trip |          |
        |    Loop Name    |   min   |   max   |  Latency |  achieved |   target  | Count| Pipelined|
        +-----------------+---------+---------+----------+-----------+-----------+------+----------+
        |- full_norm_row  |    57088|    57088|       446|          -|          -|   128|        no|
        +-----------------+---------+---------+----------+-----------+-----------+------+----------+



================================================================
== Utilization Estimates
================================================================
* Summary: 
+---------------------+---------+-------+---------+---------+------+
|         Name        | BRAM_18K|  DSP  |    FF   |   LUT   | URAM |
+---------------------+---------+-------+---------+---------+------+
|DSP                  |        -|      -|        -|        -|     -|
|Expression           |        -|      -|        0|       69|     -|
|FIFO                 |        -|      -|        -|        -|     -|
|Instance             |        -|    137|    19463|    11015|     -|
|Memory               |       16|      -|        0|        0|     -|
|Multiplexer          |        -|      -|        -|     1190|     -|
|Register             |        -|      -|      354|        -|     -|
+---------------------+---------+-------+---------+---------+------+
|Total                |       16|    137|    19817|    12274|     0|
+---------------------+---------+-------+---------+---------+------+
|Available SLR        |     1344|   3072|   864000|   432000|   320|
+---------------------+---------+-------+---------+---------+------+
|Utilization SLR (%)  |        1|      4|        2|        2|     0|
+---------------------+---------+-------+---------+---------+------+
|Available            |     5376|  12288|  3456000|  1728000|  1280|
+---------------------+---------+-------+---------+---------+------+
|Utilization (%)      |       ~0|      1|       ~0|       ~0|     0|
+---------------------+---------+-------+---------+---------+------+

+ Detail: 
    * Instance: 
    +-------------------------------------------------------------------------------+--------------------------------------------------------------------+---------+-----+-------+------+-----+
    |                                    Instance                                   |                               Module                               | BRAM_18K| DSP |   FF  |  LUT | URAM|
    +-------------------------------------------------------------------------------+--------------------------------------------------------------------+---------+-----+-------+------+-----+
    |fmul_32ns_32ns_32_4_max_dsp_1_U1937                                            |fmul_32ns_32ns_32_4_max_dsp_1                                       |        0|    3|    143|    78|    0|
    |fmul_32ns_32ns_32_4_max_dsp_1_U1938                                            |fmul_32ns_32ns_32_4_max_dsp_1                                       |        0|    3|    143|    78|    0|
    |fmul_32ns_32ns_32_4_max_dsp_1_U1940                                            |fmul_32ns_32ns_32_4_max_dsp_1                                       |        0|    3|    143|    78|    0|
    |fmul_32ns_32ns_32_4_max_dsp_1_U1941                                            |fmul_32ns_32ns_32_4_max_dsp_1                                       |        0|    3|    143|    78|    0|
    |grp_fp32_layernorm_and_route_full_model_Pipeline_full_norm_bank_reduce_fu_389  |fp32_layernorm_and_route_full_model_Pipeline_full_norm_bank_reduce  |        0|    0|    176|   315|    0|
    |grp_fp32_layernorm_and_route_full_model_Pipeline_full_norm_load_pack_fu_308    |fp32_layernorm_and_route_full_model_Pipeline_full_norm_load_pack    |        0|    0|   1302|   363|    0|
    |grp_fp32_layernorm_and_route_full_model_Pipeline_full_norm_reduce_pack_fu_320  |fp32_layernorm_and_route_full_model_Pipeline_full_norm_reduce_pack  |        0|    0|   4087|  4052|    0|
    |grp_fp32_layernorm_and_route_full_model_Pipeline_full_norm_write_pack_fu_427   |fp32_layernorm_and_route_full_model_Pipeline_full_norm_write_pack   |        0|  116|  12956|  5637|    0|
    |frsqrt_32ns_32ns_32_17_full_dsp_1_U1939                                        |frsqrt_32ns_32ns_32_17_full_dsp_1                                   |        0|    9|    370|   336|    0|
    +-------------------------------------------------------------------------------+--------------------------------------------------------------------+---------+-----+-------+------+-----+
    |Total                                                                          |                                                                    |        0|  137|  19463| 11015|    0|
    +-------------------------------------------------------------------------------+--------------------------------------------------------------------+---------+-----+-------+------+-----+

    * DSP: 
    N/A

    * Memory: 
    +---------------+------------------------------------------------------------------+---------+---+----+-----+------+-----+------+-------------+
    |     Memory    |                              Module                              | BRAM_18K| FF| LUT| URAM| Words| Bits| Banks| W*Bits*Banks|
    +---------------+------------------------------------------------------------------+---------+---+----+-----+------+-----+------+-------------+
    |gamma_cache_U  |fp32_layernorm_and_route_full_model_gamma_cache_RAM_2P_BRAM_2R1W  |        8|  0|   0|    0|    48|  512|     1|        24576|
    |beta_cache_U   |fp32_layernorm_and_route_full_model_gamma_cache_RAM_2P_BRAM_2R1W  |        8|  0|   0|    0|    48|  512|     1|        24576|
    +---------------+------------------------------------------------------------------+---------+---+----+-----+------+-----+------+-------------+
    |Total          |                                                                  |       16|  0|   0|    0|    96| 1024|     2|        49152|
    +---------------+------------------------------------------------------------------+---------+---+----+-----+------+-----+------+-------------+

    * FIFO: 
    N/A

    * Expression: 
    +--------------------------------------------------------------------------------------------------------+----------+----+---+----+------------+------------+
    |                                              Variable Name                                             | Operation| DSP| FF| LUT| Bitwidth P0| Bitwidth P1|
    +--------------------------------------------------------------------------------------------------------+----------+----+---+----+------------+------------+
    |add_ln726_fu_540_p2                                                                                     |         +|   0|  0|  15|           8|           1|
    |sub_ln745_fu_566_p2                                                                                     |         -|   0|  0|  20|          13|          13|
    |sub_ln779_fu_589_p2                                                                                     |         -|   0|  0|  21|          14|          14|
    |grp_fp32_layernorm_and_route_full_model_Pipeline_full_norm_write_pack_fu_427_next_hidden_stream_TREADY  |       and|   0|  0|   2|           1|           1|
    |icmp_ln726_fu_534_p2                                                                                    |      icmp|   0|  0|  11|           8|           9|
    +--------------------------------------------------------------------------------------------------------+----------+----+---+----+------------+------------+
    |Total                                                                                                   |          |   0|  0|  69|          44|          38|
    +--------------------------------------------------------------------------------------------------------+----------+----+---+----+------------+------------+

    * Multiplexer: 
    +---------------------------------------------------------------------------+-----+-----------+-----+-----------+
    |                                    Name                                   | LUT | Input Size| Bits| Total Bits|
    +---------------------------------------------------------------------------+-----+-----------+-----+-----------+
    |ap_NS_fsm                                                                  |  209|         48|    1|         48|
    |beta_cache_ce0                                                             |    9|          2|    1|          2|
    |beta_cache_ce1                                                             |    9|          2|    1|          2|
    |beta_cache_we1                                                             |    9|          2|    1|          2|
    |gamma_cache_ce0                                                            |    9|          2|    1|          2|
    |gamma_cache_ce1                                                            |    9|          2|    1|          2|
    |gamma_cache_we1                                                            |    9|          2|    1|          2|
    |grp_fu_1105_ce                                                             |   14|          3|    1|          3|
    |grp_fu_1105_p0                                                             |   14|          3|   32|         96|
    |grp_fu_1105_p1                                                             |   14|          3|   32|         96|
    |grp_fu_1109_ce                                                             |   14|          3|    1|          3|
    |grp_fu_1109_p0                                                             |   14|          3|   32|         96|
    |grp_fu_1109_p1                                                             |   14|          3|   32|         96|
    |grp_fu_1113_ce                                                             |    9|          2|    1|          2|
    |grp_fu_1117_ce                                                             |    9|          2|    1|          2|
    |grp_fu_1121_ce                                                             |    9|          2|    1|          2|
    |grp_fu_1125_ce                                                             |    9|          2|    1|          2|
    |grp_fu_1129_ce                                                             |    9|          2|    1|          2|
    |grp_fu_1133_ce                                                             |    9|          2|    1|          2|
    |grp_fu_1137_ce                                                             |    9|          2|    1|          2|
    |grp_fu_1141_ce                                                             |    9|          2|    1|          2|
    |grp_fu_1145_ce                                                             |    9|          2|    1|          2|
    |grp_fu_1149_ce                                                             |    9|          2|    1|          2|
    |grp_fu_1153_ce                                                             |    9|          2|    1|          2|
    |grp_fu_1157_ce                                                             |    9|          2|    1|          2|
    |grp_fu_1161_ce                                                             |    9|          2|    1|          2|
    |grp_fu_1165_ce                                                             |    9|          2|    1|          2|
    |grp_fu_1169_ce                                                             |    9|          2|    1|          2|
    |grp_fu_475_ce                                                              |   14|          3|    1|          3|
    |grp_fu_475_opcode                                                          |   26|          5|    2|         10|
    |grp_fu_475_p0                                                              |   26|          5|   32|        160|
    |grp_fu_475_p1                                                              |   26|          5|   32|        160|
    |grp_fu_480_ce                                                              |   14|          3|    1|          3|
    |grp_fu_480_p0                                                              |   26|          5|   32|        160|
    |grp_fu_480_p1                                                              |   20|          4|   32|        128|
    |grp_fu_485_ce                                                              |   14|          3|    1|          3|
    |grp_fu_485_p0                                                              |   20|          4|   32|        128|
    |grp_fu_485_p1                                                              |   20|          4|   32|        128|
    |m_axi_gmem_norm_ARVALID                                                    |    9|          2|    1|          2|
    |m_axi_gmem_norm_RREADY                                                     |    9|          2|    1|          2|
    |m_axi_gmem_out_AWVALID                                                     |    9|          2|    1|          2|
    |m_axi_gmem_out_BREADY                                                      |    9|          2|    1|          2|
    |m_axi_gmem_out_WVALID                                                      |    9|          2|    1|          2|
    |output_buf_1_address0                                                      |   14|          3|   13|         39|
    |output_buf_1_ce0                                                           |   14|          3|    1|          3|
    |output_buf_2_address0                                                      |   14|          3|   13|         39|
    |output_buf_2_ce0                                                           |   14|          3|    1|          3|
    |output_buf_3_address0                                                      |   14|          3|   13|         39|
    |output_buf_3_ce0                                                           |   14|          3|    1|          3|
    |output_buf_4_address0                                                      |   14|          3|   13|         39|
    |output_buf_4_ce0                                                           |   14|          3|    1|          3|
    |output_buf_5_address0                                                      |   14|          3|   13|         39|
    |output_buf_5_ce0                                                           |   14|          3|    1|          3|
    |output_buf_6_address0                                                      |   14|          3|   13|         39|
    |output_buf_6_ce0                                                           |   14|          3|    1|          3|
    |output_buf_7_address0                                                      |   14|          3|   13|         39|
    |output_buf_7_ce0                                                           |   14|          3|    1|          3|
    |output_buf_8_address0                                                      |   14|          3|   13|         39|
    |output_buf_8_ce0                                                           |   14|          3|    1|          3|
    |output_buf_9_address0                                                      |   14|          3|   13|         39|
    |output_buf_9_ce0                                                           |   14|          3|    1|          3|
    |output_buf_address0                                                        |   14|          3|   13|         39|
    |output_buf_ce0                                                             |   14|          3|    1|          3|
    |p_ZZ42bert_ffn_down_norm_feedback_12layer_kernelE10output_buf_10_address0  |   14|          3|   13|         39|
    |p_ZZ42bert_ffn_down_norm_feedback_12layer_kernelE10output_buf_10_ce0       |   14|          3|    1|          3|
    |p_ZZ42bert_ffn_down_norm_feedback_12layer_kernelE10output_buf_11_address0  |   14|          3|   13|         39|
    |p_ZZ42bert_ffn_down_norm_feedback_12layer_kernelE10output_buf_11_ce0       |   14|          3|    1|          3|
    |p_ZZ42bert_ffn_down_norm_feedback_12layer_kernelE10output_buf_12_address0  |   14|          3|   13|         39|
    |p_ZZ42bert_ffn_down_norm_feedback_12layer_kernelE10output_buf_12_ce0       |   14|          3|    1|          3|
    |p_ZZ42bert_ffn_down_norm_feedback_12layer_kernelE10output_buf_13_address0  |   14|          3|   13|         39|
    |p_ZZ42bert_ffn_down_norm_feedback_12layer_kernelE10output_buf_13_ce0       |   14|          3|    1|          3|
    |p_ZZ42bert_ffn_down_norm_feedback_12layer_kernelE10output_buf_14_address0  |   14|          3|   13|         39|
    |p_ZZ42bert_ffn_down_norm_feedback_12layer_kernelE10output_buf_14_ce0       |   14|          3|    1|          3|
    |p_ZZ42bert_ffn_down_norm_feedback_12layer_kernelE10output_buf_15_address0  |   14|          3|   13|         39|
    |p_ZZ42bert_ffn_down_norm_feedback_12layer_kernelE10output_buf_15_ce0       |   14|          3|    1|          3|
    |s_fu_136                                                                   |    9|          2|    8|         16|
    +---------------------------------------------------------------------------+-----+-----------+-----+-----------+
    |Total                                                                      | 1190|        257|  586|       2061|
    +---------------------------------------------------------------------------+-----+-----------+-----+-----------+

    * Register: 
    +--------------------------------------------------------------------------------------------+----+----+-----+-----------+
    |                                            Name                                            | FF | LUT| Bits| Const Bits|
    +--------------------------------------------------------------------------------------------+----+----+-----+-----------+
    |ap_CS_fsm                                                                                   |  47|   0|   47|          0|
    |grp_fp32_layernorm_and_route_full_model_Pipeline_full_norm_bank_reduce_fu_389_ap_start_reg  |   1|   0|    1|          0|
    |grp_fp32_layernorm_and_route_full_model_Pipeline_full_norm_load_pack_fu_308_ap_start_reg    |   1|   0|    1|          0|
    |grp_fp32_layernorm_and_route_full_model_Pipeline_full_norm_reduce_pack_fu_320_ap_start_reg  |   1|   0|    1|          0|
    |grp_fp32_layernorm_and_route_full_model_Pipeline_full_norm_write_pack_fu_427_ap_start_reg   |   1|   0|    1|          0|
    |inv_std_reg_1100                                                                            |  32|   0|   32|          0|
    |mean_reg_1080                                                                               |  32|   0|   32|          0|
    |mul2_reg_1090                                                                               |  32|   0|   32|          0|
    |mul3_reg_1095                                                                               |  32|   0|   32|          0|
    |reg_494                                                                                     |  32|   0|   32|          0|
    |s_fu_136                                                                                    |   8|   0|    8|          0|
    |sub_ln745_reg_970                                                                           |   9|   0|   13|          4|
    |sub_ln779_reg_976                                                                           |  10|   0|   14|          4|
    |trunc_ln708_1_reg_952                                                                       |  58|   0|   58|          0|
    |trunc_ln_reg_947                                                                            |  58|   0|   58|          0|
    +--------------------------------------------------------------------------------------------+----+----+-----+-----------+
    |Total                                                                                       | 354|   0|  362|          8|
    +--------------------------------------------------------------------------------------------+----+----+-----+-----------+



================================================================
== Interface
================================================================
* Summary: 
+---------------------------------------------------------------------------+-----+-----+------------+------------------------------------------------------------------+--------------+
|                                 RTL Ports                                 | Dir | Bits|  Protocol  |                           Source Object                          |    C Type    |
+---------------------------------------------------------------------------+-----+-----+------------+------------------------------------------------------------------+--------------+
|ap_clk                                                                     |   in|    1|  ap_ctrl_hs|                               fp32_layernorm_and_route_full_model|  return value|
|ap_rst                                                                     |   in|    1|  ap_ctrl_hs|                               fp32_layernorm_and_route_full_model|  return value|
|ap_start                                                                   |   in|    1|  ap_ctrl_hs|                               fp32_layernorm_and_route_full_model|  return value|
|ap_done                                                                    |  out|    1|  ap_ctrl_hs|                               fp32_layernorm_and_route_full_model|  return value|
|ap_idle                                                                    |  out|    1|  ap_ctrl_hs|                               fp32_layernorm_and_route_full_model|  return value|
|ap_ready                                                                   |  out|    1|  ap_ctrl_hs|                               fp32_layernorm_and_route_full_model|  return value|
|grp_fu_500_p_din0                                                          |  out|   32|  ap_ctrl_hs|                               fp32_layernorm_and_route_full_model|  return value|
|grp_fu_500_p_din1                                                          |  out|   32|  ap_ctrl_hs|                               fp32_layernorm_and_route_full_model|  return value|
|grp_fu_500_p_opcode                                                        |  out|    1|  ap_ctrl_hs|                               fp32_layernorm_and_route_full_model|  return value|
|grp_fu_500_p_dout0                                                         |   in|   32|  ap_ctrl_hs|                               fp32_layernorm_and_route_full_model|  return value|
|grp_fu_500_p_ce                                                            |  out|    1|  ap_ctrl_hs|                               fp32_layernorm_and_route_full_model|  return value|
|grp_fu_504_p_din0                                                          |  out|   32|  ap_ctrl_hs|                               fp32_layernorm_and_route_full_model|  return value|
|grp_fu_504_p_din1                                                          |  out|   32|  ap_ctrl_hs|                               fp32_layernorm_and_route_full_model|  return value|
|grp_fu_504_p_opcode                                                        |  out|    1|  ap_ctrl_hs|                               fp32_layernorm_and_route_full_model|  return value|
|grp_fu_504_p_dout0                                                         |   in|   32|  ap_ctrl_hs|                               fp32_layernorm_and_route_full_model|  return value|
|grp_fu_504_p_ce                                                            |  out|    1|  ap_ctrl_hs|                               fp32_layernorm_and_route_full_model|  return value|
|grp_fu_508_p_din0                                                          |  out|   32|  ap_ctrl_hs|                               fp32_layernorm_and_route_full_model|  return value|
|grp_fu_508_p_din1                                                          |  out|   32|  ap_ctrl_hs|                               fp32_layernorm_and_route_full_model|  return value|
|grp_fu_508_p_opcode                                                        |  out|    1|  ap_ctrl_hs|                               fp32_layernorm_and_route_full_model|  return value|
|grp_fu_508_p_dout0                                                         |   in|   32|  ap_ctrl_hs|                               fp32_layernorm_and_route_full_model|  return value|
|grp_fu_508_p_ce                                                            |  out|    1|  ap_ctrl_hs|                               fp32_layernorm_and_route_full_model|  return value|
|grp_fu_512_p_din0                                                          |  out|   32|  ap_ctrl_hs|                               fp32_layernorm_and_route_full_model|  return value|
|grp_fu_512_p_din1                                                          |  out|   32|  ap_ctrl_hs|                               fp32_layernorm_and_route_full_model|  return value|
|grp_fu_512_p_opcode                                                        |  out|    1|  ap_ctrl_hs|                               fp32_layernorm_and_route_full_model|  return value|
|grp_fu_512_p_dout0                                                         |   in|   32|  ap_ctrl_hs|                               fp32_layernorm_and_route_full_model|  return value|
|grp_fu_512_p_ce                                                            |  out|    1|  ap_ctrl_hs|                               fp32_layernorm_and_route_full_model|  return value|
|grp_fu_516_p_din0                                                          |  out|   32|  ap_ctrl_hs|                               fp32_layernorm_and_route_full_model|  return value|
|grp_fu_516_p_din1                                                          |  out|   32|  ap_ctrl_hs|                               fp32_layernorm_and_route_full_model|  return value|
|grp_fu_516_p_opcode                                                        |  out|    1|  ap_ctrl_hs|                               fp32_layernorm_and_route_full_model|  return value|
|grp_fu_516_p_dout0                                                         |   in|   32|  ap_ctrl_hs|                               fp32_layernorm_and_route_full_model|  return value|
|grp_fu_516_p_ce                                                            |  out|    1|  ap_ctrl_hs|                               fp32_layernorm_and_route_full_model|  return value|
|grp_fu_520_p_din0                                                          |  out|   32|  ap_ctrl_hs|                               fp32_layernorm_and_route_full_model|  return value|
|grp_fu_520_p_din1                                                          |  out|   32|  ap_ctrl_hs|                               fp32_layernorm_and_route_full_model|  return value|
|grp_fu_520_p_opcode                                                        |  out|    1|  ap_ctrl_hs|                               fp32_layernorm_and_route_full_model|  return value|
|grp_fu_520_p_dout0                                                         |   in|   32|  ap_ctrl_hs|                               fp32_layernorm_and_route_full_model|  return value|
|grp_fu_520_p_ce                                                            |  out|    1|  ap_ctrl_hs|                               fp32_layernorm_and_route_full_model|  return value|
|grp_fu_524_p_din0                                                          |  out|   32|  ap_ctrl_hs|                               fp32_layernorm_and_route_full_model|  return value|
|grp_fu_524_p_din1                                                          |  out|   32|  ap_ctrl_hs|                               fp32_layernorm_and_route_full_model|  return value|
|grp_fu_524_p_opcode                                                        |  out|    1|  ap_ctrl_hs|                               fp32_layernorm_and_route_full_model|  return value|
|grp_fu_524_p_dout0                                                         |   in|   32|  ap_ctrl_hs|                               fp32_layernorm_and_route_full_model|  return value|
|grp_fu_524_p_ce                                                            |  out|    1|  ap_ctrl_hs|                               fp32_layernorm_and_route_full_model|  return value|
|grp_fu_528_p_din0                                                          |  out|   32|  ap_ctrl_hs|                               fp32_layernorm_and_route_full_model|  return value|
|grp_fu_528_p_din1                                                          |  out|   32|  ap_ctrl_hs|                               fp32_layernorm_and_route_full_model|  return value|
|grp_fu_528_p_opcode                                                        |  out|    1|  ap_ctrl_hs|                               fp32_layernorm_and_route_full_model|  return value|
|grp_fu_528_p_dout0                                                         |   in|   32|  ap_ctrl_hs|                               fp32_layernorm_and_route_full_model|  return value|
|grp_fu_528_p_ce                                                            |  out|    1|  ap_ctrl_hs|                               fp32_layernorm_and_route_full_model|  return value|
|grp_fu_532_p_din0                                                          |  out|   32|  ap_ctrl_hs|                               fp32_layernorm_and_route_full_model|  return value|
|grp_fu_532_p_din1                                                          |  out|   32|  ap_ctrl_hs|                               fp32_layernorm_and_route_full_model|  return value|
|grp_fu_532_p_opcode                                                        |  out|    1|  ap_ctrl_hs|                               fp32_layernorm_and_route_full_model|  return value|
|grp_fu_532_p_dout0                                                         |   in|   32|  ap_ctrl_hs|                               fp32_layernorm_and_route_full_model|  return value|
|grp_fu_532_p_ce                                                            |  out|    1|  ap_ctrl_hs|                               fp32_layernorm_and_route_full_model|  return value|
|grp_fu_536_p_din0                                                          |  out|   32|  ap_ctrl_hs|                               fp32_layernorm_and_route_full_model|  return value|
|grp_fu_536_p_din1                                                          |  out|   32|  ap_ctrl_hs|                               fp32_layernorm_and_route_full_model|  return value|
|grp_fu_536_p_opcode                                                        |  out|    1|  ap_ctrl_hs|                               fp32_layernorm_and_route_full_model|  return value|
|grp_fu_536_p_dout0                                                         |   in|   32|  ap_ctrl_hs|                               fp32_layernorm_and_route_full_model|  return value|
|grp_fu_536_p_ce                                                            |  out|    1|  ap_ctrl_hs|                               fp32_layernorm_and_route_full_model|  return value|
|grp_fu_540_p_din0                                                          |  out|   32|  ap_ctrl_hs|                               fp32_layernorm_and_route_full_model|  return value|
|grp_fu_540_p_din1                                                          |  out|   32|  ap_ctrl_hs|                               fp32_layernorm_and_route_full_model|  return value|
|grp_fu_540_p_opcode                                                        |  out|    1|  ap_ctrl_hs|                               fp32_layernorm_and_route_full_model|  return value|
|grp_fu_540_p_dout0                                                         |   in|   32|  ap_ctrl_hs|                               fp32_layernorm_and_route_full_model|  return value|
|grp_fu_540_p_ce                                                            |  out|    1|  ap_ctrl_hs|                               fp32_layernorm_and_route_full_model|  return value|
|grp_fu_544_p_din0                                                          |  out|   32|  ap_ctrl_hs|                               fp32_layernorm_and_route_full_model|  return value|
|grp_fu_544_p_din1                                                          |  out|   32|  ap_ctrl_hs|                               fp32_layernorm_and_route_full_model|  return value|
|grp_fu_544_p_opcode                                                        |  out|    1|  ap_ctrl_hs|                               fp32_layernorm_and_route_full_model|  return value|
|grp_fu_544_p_dout0                                                         |   in|   32|  ap_ctrl_hs|                               fp32_layernorm_and_route_full_model|  return value|
|grp_fu_544_p_ce                                                            |  out|    1|  ap_ctrl_hs|                               fp32_layernorm_and_route_full_model|  return value|
|grp_fu_548_p_din0                                                          |  out|   32|  ap_ctrl_hs|                               fp32_layernorm_and_route_full_model|  return value|
|grp_fu_548_p_din1                                                          |  out|   32|  ap_ctrl_hs|                               fp32_layernorm_and_route_full_model|  return value|
|grp_fu_548_p_opcode                                                        |  out|    1|  ap_ctrl_hs|                               fp32_layernorm_and_route_full_model|  return value|
|grp_fu_548_p_dout0                                                         |   in|   32|  ap_ctrl_hs|                               fp32_layernorm_and_route_full_model|  return value|
|grp_fu_548_p_ce                                                            |  out|    1|  ap_ctrl_hs|                               fp32_layernorm_and_route_full_model|  return value|
|grp_fu_552_p_din0                                                          |  out|   32|  ap_ctrl_hs|                               fp32_layernorm_and_route_full_model|  return value|
|grp_fu_552_p_din1                                                          |  out|   32|  ap_ctrl_hs|                               fp32_layernorm_and_route_full_model|  return value|
|grp_fu_552_p_opcode                                                        |  out|    1|  ap_ctrl_hs|                               fp32_layernorm_and_route_full_model|  return value|
|grp_fu_552_p_dout0                                                         |   in|   32|  ap_ctrl_hs|                               fp32_layernorm_and_route_full_model|  return value|
|grp_fu_552_p_ce                                                            |  out|    1|  ap_ctrl_hs|                               fp32_layernorm_and_route_full_model|  return value|
|grp_fu_556_p_din0                                                          |  out|   32|  ap_ctrl_hs|                               fp32_layernorm_and_route_full_model|  return value|
|grp_fu_556_p_din1                                                          |  out|   32|  ap_ctrl_hs|                               fp32_layernorm_and_route_full_model|  return value|
|grp_fu_556_p_opcode                                                        |  out|    1|  ap_ctrl_hs|                               fp32_layernorm_and_route_full_model|  return value|
|grp_fu_556_p_dout0                                                         |   in|   32|  ap_ctrl_hs|                               fp32_layernorm_and_route_full_model|  return value|
|grp_fu_556_p_ce                                                            |  out|    1|  ap_ctrl_hs|                               fp32_layernorm_and_route_full_model|  return value|
|grp_fu_496_p_din0                                                          |  out|   32|  ap_ctrl_hs|                               fp32_layernorm_and_route_full_model|  return value|
|grp_fu_496_p_din1                                                          |  out|   32|  ap_ctrl_hs|                               fp32_layernorm_and_route_full_model|  return value|
|grp_fu_496_p_opcode                                                        |  out|    2|  ap_ctrl_hs|                               fp32_layernorm_and_route_full_model|  return value|
|grp_fu_496_p_dout0                                                         |   in|   32|  ap_ctrl_hs|                               fp32_layernorm_and_route_full_model|  return value|
|grp_fu_496_p_ce                                                            |  out|    1|  ap_ctrl_hs|                               fp32_layernorm_and_route_full_model|  return value|
|m_axi_gmem_norm_AWVALID                                                    |  out|    1|       m_axi|                                                         gmem_norm|       pointer|
|m_axi_gmem_norm_AWREADY                                                    |   in|    1|       m_axi|                                                         gmem_norm|       pointer|
|m_axi_gmem_norm_AWADDR                                                     |  out|   64|       m_axi|                                                         gmem_norm|       pointer|
|m_axi_gmem_norm_AWID                                                       |  out|    1|       m_axi|                                                         gmem_norm|       pointer|
|m_axi_gmem_norm_AWLEN                                                      |  out|   32|       m_axi|                                                         gmem_norm|       pointer|
|m_axi_gmem_norm_AWSIZE                                                     |  out|    3|       m_axi|                                                         gmem_norm|       pointer|
|m_axi_gmem_norm_AWBURST                                                    |  out|    2|       m_axi|                                                         gmem_norm|       pointer|
|m_axi_gmem_norm_AWLOCK                                                     |  out|    2|       m_axi|                                                         gmem_norm|       pointer|
|m_axi_gmem_norm_AWCACHE                                                    |  out|    4|       m_axi|                                                         gmem_norm|       pointer|
|m_axi_gmem_norm_AWPROT                                                     |  out|    3|       m_axi|                                                         gmem_norm|       pointer|
|m_axi_gmem_norm_AWQOS                                                      |  out|    4|       m_axi|                                                         gmem_norm|       pointer|
|m_axi_gmem_norm_AWREGION                                                   |  out|    4|       m_axi|                                                         gmem_norm|       pointer|
|m_axi_gmem_norm_AWUSER                                                     |  out|    1|       m_axi|                                                         gmem_norm|       pointer|
|m_axi_gmem_norm_WVALID                                                     |  out|    1|       m_axi|                                                         gmem_norm|       pointer|
|m_axi_gmem_norm_WREADY                                                     |   in|    1|       m_axi|                                                         gmem_norm|       pointer|
|m_axi_gmem_norm_WDATA                                                      |  out|  512|       m_axi|                                                         gmem_norm|       pointer|
|m_axi_gmem_norm_WSTRB                                                      |  out|   64|       m_axi|                                                         gmem_norm|       pointer|
|m_axi_gmem_norm_WLAST                                                      |  out|    1|       m_axi|                                                         gmem_norm|       pointer|
|m_axi_gmem_norm_WID                                                        |  out|    1|       m_axi|                                                         gmem_norm|       pointer|
|m_axi_gmem_norm_WUSER                                                      |  out|    1|       m_axi|                                                         gmem_norm|       pointer|
|m_axi_gmem_norm_ARVALID                                                    |  out|    1|       m_axi|                                                         gmem_norm|       pointer|
|m_axi_gmem_norm_ARREADY                                                    |   in|    1|       m_axi|                                                         gmem_norm|       pointer|
|m_axi_gmem_norm_ARADDR                                                     |  out|   64|       m_axi|                                                         gmem_norm|       pointer|
|m_axi_gmem_norm_ARID                                                       |  out|    1|       m_axi|                                                         gmem_norm|       pointer|
|m_axi_gmem_norm_ARLEN                                                      |  out|   32|       m_axi|                                                         gmem_norm|       pointer|
|m_axi_gmem_norm_ARSIZE                                                     |  out|    3|       m_axi|                                                         gmem_norm|       pointer|
|m_axi_gmem_norm_ARBURST                                                    |  out|    2|       m_axi|                                                         gmem_norm|       pointer|
|m_axi_gmem_norm_ARLOCK                                                     |  out|    2|       m_axi|                                                         gmem_norm|       pointer|
|m_axi_gmem_norm_ARCACHE                                                    |  out|    4|       m_axi|                                                         gmem_norm|       pointer|
|m_axi_gmem_norm_ARPROT                                                     |  out|    3|       m_axi|                                                         gmem_norm|       pointer|
|m_axi_gmem_norm_ARQOS                                                      |  out|    4|       m_axi|                                                         gmem_norm|       pointer|
|m_axi_gmem_norm_ARREGION                                                   |  out|    4|       m_axi|                                                         gmem_norm|       pointer|
|m_axi_gmem_norm_ARUSER                                                     |  out|    1|       m_axi|                                                         gmem_norm|       pointer|
|m_axi_gmem_norm_RVALID                                                     |   in|    1|       m_axi|                                                         gmem_norm|       pointer|
|m_axi_gmem_norm_RREADY                                                     |  out|    1|       m_axi|                                                         gmem_norm|       pointer|
|m_axi_gmem_norm_RDATA                                                      |   in|  512|       m_axi|                                                         gmem_norm|       pointer|
|m_axi_gmem_norm_RLAST                                                      |   in|    1|       m_axi|                                                         gmem_norm|       pointer|
|m_axi_gmem_norm_RID                                                        |   in|    1|       m_axi|                                                         gmem_norm|       pointer|
|m_axi_gmem_norm_RFIFONUM                                                   |   in|    9|       m_axi|                                                         gmem_norm|       pointer|
|m_axi_gmem_norm_RUSER                                                      |   in|    1|       m_axi|                                                         gmem_norm|       pointer|
|m_axi_gmem_norm_RRESP                                                      |   in|    2|       m_axi|                                                         gmem_norm|       pointer|
|m_axi_gmem_norm_BVALID                                                     |   in|    1|       m_axi|                                                         gmem_norm|       pointer|
|m_axi_gmem_norm_BREADY                                                     |  out|    1|       m_axi|                                                         gmem_norm|       pointer|
|m_axi_gmem_norm_BRESP                                                      |   in|    2|       m_axi|                                                         gmem_norm|       pointer|
|m_axi_gmem_norm_BID                                                        |   in|    1|       m_axi|                                                         gmem_norm|       pointer|
|m_axi_gmem_norm_BUSER                                                      |   in|    1|       m_axi|                                                         gmem_norm|       pointer|
|gamma                                                                      |   in|   64|     ap_none|                                                             gamma|        scalar|
|beta                                                                       |   in|   64|     ap_none|                                                              beta|        scalar|
|final_layer                                                                |   in|    1|     ap_none|                                                       final_layer|        scalar|
|next_hidden_stream_TDATA                                                   |  out|  512|        axis|                                                next_hidden_stream|       pointer|
|next_hidden_stream_TVALID                                                  |  out|    1|        axis|                                                next_hidden_stream|       pointer|
|next_hidden_stream_TREADY                                                  |   in|    1|        axis|                                                next_hidden_stream|       pointer|
|m_axi_gmem_out_AWVALID                                                     |  out|    1|       m_axi|                                                          gmem_out|       pointer|
|m_axi_gmem_out_AWREADY                                                     |   in|    1|       m_axi|                                                          gmem_out|       pointer|
|m_axi_gmem_out_AWADDR                                                      |  out|   64|       m_axi|                                                          gmem_out|       pointer|
|m_axi_gmem_out_AWID                                                        |  out|    1|       m_axi|                                                          gmem_out|       pointer|
|m_axi_gmem_out_AWLEN                                                       |  out|   32|       m_axi|                                                          gmem_out|       pointer|
|m_axi_gmem_out_AWSIZE                                                      |  out|    3|       m_axi|                                                          gmem_out|       pointer|
|m_axi_gmem_out_AWBURST                                                     |  out|    2|       m_axi|                                                          gmem_out|       pointer|
|m_axi_gmem_out_AWLOCK                                                      |  out|    2|       m_axi|                                                          gmem_out|       pointer|
|m_axi_gmem_out_AWCACHE                                                     |  out|    4|       m_axi|                                                          gmem_out|       pointer|
|m_axi_gmem_out_AWPROT                                                      |  out|    3|       m_axi|                                                          gmem_out|       pointer|
|m_axi_gmem_out_AWQOS                                                       |  out|    4|       m_axi|                                                          gmem_out|       pointer|
|m_axi_gmem_out_AWREGION                                                    |  out|    4|       m_axi|                                                          gmem_out|       pointer|
|m_axi_gmem_out_AWUSER                                                      |  out|    1|       m_axi|                                                          gmem_out|       pointer|
|m_axi_gmem_out_WVALID                                                      |  out|    1|       m_axi|                                                          gmem_out|       pointer|
|m_axi_gmem_out_WREADY                                                      |   in|    1|       m_axi|                                                          gmem_out|       pointer|
|m_axi_gmem_out_WDATA                                                       |  out|  512|       m_axi|                                                          gmem_out|       pointer|
|m_axi_gmem_out_WSTRB                                                       |  out|   64|       m_axi|                                                          gmem_out|       pointer|
|m_axi_gmem_out_WLAST                                                       |  out|    1|       m_axi|                                                          gmem_out|       pointer|
|m_axi_gmem_out_WID                                                         |  out|    1|       m_axi|                                                          gmem_out|       pointer|
|m_axi_gmem_out_WUSER                                                       |  out|    1|       m_axi|                                                          gmem_out|       pointer|
|m_axi_gmem_out_ARVALID                                                     |  out|    1|       m_axi|                                                          gmem_out|       pointer|
|m_axi_gmem_out_ARREADY                                                     |   in|    1|       m_axi|                                                          gmem_out|       pointer|
|m_axi_gmem_out_ARADDR                                                      |  out|   64|       m_axi|                                                          gmem_out|       pointer|
|m_axi_gmem_out_ARID                                                        |  out|    1|       m_axi|                                                          gmem_out|       pointer|
|m_axi_gmem_out_ARLEN                                                       |  out|   32|       m_axi|                                                          gmem_out|       pointer|
|m_axi_gmem_out_ARSIZE                                                      |  out|    3|       m_axi|                                                          gmem_out|       pointer|
|m_axi_gmem_out_ARBURST                                                     |  out|    2|       m_axi|                                                          gmem_out|       pointer|
|m_axi_gmem_out_ARLOCK                                                      |  out|    2|       m_axi|                                                          gmem_out|       pointer|
|m_axi_gmem_out_ARCACHE                                                     |  out|    4|       m_axi|                                                          gmem_out|       pointer|
|m_axi_gmem_out_ARPROT                                                      |  out|    3|       m_axi|                                                          gmem_out|       pointer|
|m_axi_gmem_out_ARQOS                                                       |  out|    4|       m_axi|                                                          gmem_out|       pointer|
|m_axi_gmem_out_ARREGION                                                    |  out|    4|       m_axi|                                                          gmem_out|       pointer|
|m_axi_gmem_out_ARUSER                                                      |  out|    1|       m_axi|                                                          gmem_out|       pointer|
|m_axi_gmem_out_RVALID                                                      |   in|    1|       m_axi|                                                          gmem_out|       pointer|
|m_axi_gmem_out_RREADY                                                      |  out|    1|       m_axi|                                                          gmem_out|       pointer|
|m_axi_gmem_out_RDATA                                                       |   in|  512|       m_axi|                                                          gmem_out|       pointer|
|m_axi_gmem_out_RLAST                                                       |   in|    1|       m_axi|                                                          gmem_out|       pointer|
|m_axi_gmem_out_RID                                                         |   in|    1|       m_axi|                                                          gmem_out|       pointer|
|m_axi_gmem_out_RFIFONUM                                                    |   in|    9|       m_axi|                                                          gmem_out|       pointer|
|m_axi_gmem_out_RUSER                                                       |   in|    1|       m_axi|                                                          gmem_out|       pointer|
|m_axi_gmem_out_RRESP                                                       |   in|    2|       m_axi|                                                          gmem_out|       pointer|
|m_axi_gmem_out_BVALID                                                      |   in|    1|       m_axi|                                                          gmem_out|       pointer|
|m_axi_gmem_out_BREADY                                                      |  out|    1|       m_axi|                                                          gmem_out|       pointer|
|m_axi_gmem_out_BRESP                                                       |   in|    2|       m_axi|                                                          gmem_out|       pointer|
|m_axi_gmem_out_BID                                                         |   in|    1|       m_axi|                                                          gmem_out|       pointer|
|m_axi_gmem_out_BUSER                                                       |   in|    1|       m_axi|                                                          gmem_out|       pointer|
|final_output_hidden                                                        |   in|   64|     ap_none|                                               final_output_hidden|        scalar|
|output_buf_address0                                                        |  out|   13|   ap_memory|                                                        output_buf|         array|
|output_buf_ce0                                                             |  out|    1|   ap_memory|                                                        output_buf|         array|
|output_buf_q0                                                              |   in|   32|   ap_memory|                                                        output_buf|         array|
|output_buf_1_address0                                                      |  out|   13|   ap_memory|                                                      output_buf_1|         array|
|output_buf_1_ce0                                                           |  out|    1|   ap_memory|                                                      output_buf_1|         array|
|output_buf_1_q0                                                            |   in|   32|   ap_memory|                                                      output_buf_1|         array|
|output_buf_2_address0                                                      |  out|   13|   ap_memory|                                                      output_buf_2|         array|
|output_buf_2_ce0                                                           |  out|    1|   ap_memory|                                                      output_buf_2|         array|
|output_buf_2_q0                                                            |   in|   32|   ap_memory|                                                      output_buf_2|         array|
|output_buf_3_address0                                                      |  out|   13|   ap_memory|                                                      output_buf_3|         array|
|output_buf_3_ce0                                                           |  out|    1|   ap_memory|                                                      output_buf_3|         array|
|output_buf_3_q0                                                            |   in|   32|   ap_memory|                                                      output_buf_3|         array|
|output_buf_4_address0                                                      |  out|   13|   ap_memory|                                                      output_buf_4|         array|
|output_buf_4_ce0                                                           |  out|    1|   ap_memory|                                                      output_buf_4|         array|
|output_buf_4_q0                                                            |   in|   32|   ap_memory|                                                      output_buf_4|         array|
|output_buf_5_address0                                                      |  out|   13|   ap_memory|                                                      output_buf_5|         array|
|output_buf_5_ce0                                                           |  out|    1|   ap_memory|                                                      output_buf_5|         array|
|output_buf_5_q0                                                            |   in|   32|   ap_memory|                                                      output_buf_5|         array|
|output_buf_6_address0                                                      |  out|   13|   ap_memory|                                                      output_buf_6|         array|
|output_buf_6_ce0                                                           |  out|    1|   ap_memory|                                                      output_buf_6|         array|
|output_buf_6_q0                                                            |   in|   32|   ap_memory|                                                      output_buf_6|         array|
|output_buf_7_address0                                                      |  out|   13|   ap_memory|                                                      output_buf_7|         array|
|output_buf_7_ce0                                                           |  out|    1|   ap_memory|                                                      output_buf_7|         array|
|output_buf_7_q0                                                            |   in|   32|   ap_memory|                                                      output_buf_7|         array|
|output_buf_8_address0                                                      |  out|   13|   ap_memory|                                                      output_buf_8|         array|
|output_buf_8_ce0                                                           |  out|    1|   ap_memory|                                                      output_buf_8|         array|
|output_buf_8_q0                                                            |   in|   32|   ap_memory|                                                      output_buf_8|         array|
|output_buf_9_address0                                                      |  out|   13|   ap_memory|                                                      output_buf_9|         array|
|output_buf_9_ce0                                                           |  out|    1|   ap_memory|                                                      output_buf_9|         array|
|output_buf_9_q0                                                            |   in|   32|   ap_memory|                                                      output_buf_9|         array|
|p_ZZ42bert_ffn_down_norm_feedback_12layer_kernelE10output_buf_10_address0  |  out|   13|   ap_memory|  p_ZZ42bert_ffn_down_norm_feedback_12layer_kernelE10output_buf_10|         array|
|p_ZZ42bert_ffn_down_norm_feedback_12layer_kernelE10output_buf_10_ce0       |  out|    1|   ap_memory|  p_ZZ42bert_ffn_down_norm_feedback_12layer_kernelE10output_buf_10|         array|
|p_ZZ42bert_ffn_down_norm_feedback_12layer_kernelE10output_buf_10_q0        |   in|   32|   ap_memory|  p_ZZ42bert_ffn_down_norm_feedback_12layer_kernelE10output_buf_10|         array|
|p_ZZ42bert_ffn_down_norm_feedback_12layer_kernelE10output_buf_11_address0  |  out|   13|   ap_memory|  p_ZZ42bert_ffn_down_norm_feedback_12layer_kernelE10output_buf_11|         array|
|p_ZZ42bert_ffn_down_norm_feedback_12layer_kernelE10output_buf_11_ce0       |  out|    1|   ap_memory|  p_ZZ42bert_ffn_down_norm_feedback_12layer_kernelE10output_buf_11|         array|
|p_ZZ42bert_ffn_down_norm_feedback_12layer_kernelE10output_buf_11_q0        |   in|   32|   ap_memory|  p_ZZ42bert_ffn_down_norm_feedback_12layer_kernelE10output_buf_11|         array|
|p_ZZ42bert_ffn_down_norm_feedback_12layer_kernelE10output_buf_12_address0  |  out|   13|   ap_memory|  p_ZZ42bert_ffn_down_norm_feedback_12layer_kernelE10output_buf_12|         array|
|p_ZZ42bert_ffn_down_norm_feedback_12layer_kernelE10output_buf_12_ce0       |  out|    1|   ap_memory|  p_ZZ42bert_ffn_down_norm_feedback_12layer_kernelE10output_buf_12|         array|
|p_ZZ42bert_ffn_down_norm_feedback_12layer_kernelE10output_buf_12_q0        |   in|   32|   ap_memory|  p_ZZ42bert_ffn_down_norm_feedback_12layer_kernelE10output_buf_12|         array|
|p_ZZ42bert_ffn_down_norm_feedback_12layer_kernelE10output_buf_13_address0  |  out|   13|   ap_memory|  p_ZZ42bert_ffn_down_norm_feedback_12layer_kernelE10output_buf_13|         array|
|p_ZZ42bert_ffn_down_norm_feedback_12layer_kernelE10output_buf_13_ce0       |  out|    1|   ap_memory|  p_ZZ42bert_ffn_down_norm_feedback_12layer_kernelE10output_buf_13|         array|
|p_ZZ42bert_ffn_down_norm_feedback_12layer_kernelE10output_buf_13_q0        |   in|   32|   ap_memory|  p_ZZ42bert_ffn_down_norm_feedback_12layer_kernelE10output_buf_13|         array|
|p_ZZ42bert_ffn_down_norm_feedback_12layer_kernelE10output_buf_14_address0  |  out|   13|   ap_memory|  p_ZZ42bert_ffn_down_norm_feedback_12layer_kernelE10output_buf_14|         array|
|p_ZZ42bert_ffn_down_norm_feedback_12layer_kernelE10output_buf_14_ce0       |  out|    1|   ap_memory|  p_ZZ42bert_ffn_down_norm_feedback_12layer_kernelE10output_buf_14|         array|
|p_ZZ42bert_ffn_down_norm_feedback_12layer_kernelE10output_buf_14_q0        |   in|   32|   ap_memory|  p_ZZ42bert_ffn_down_norm_feedback_12layer_kernelE10output_buf_14|         array|
|p_ZZ42bert_ffn_down_norm_feedback_12layer_kernelE10output_buf_15_address0  |  out|   13|   ap_memory|  p_ZZ42bert_ffn_down_norm_feedback_12layer_kernelE10output_buf_15|         array|
|p_ZZ42bert_ffn_down_norm_feedback_12layer_kernelE10output_buf_15_ce0       |  out|    1|   ap_memory|  p_ZZ42bert_ffn_down_norm_feedback_12layer_kernelE10output_buf_15|         array|
|p_ZZ42bert_ffn_down_norm_feedback_12layer_kernelE10output_buf_15_q0        |   in|   32|   ap_memory|  p_ZZ42bert_ffn_down_norm_feedback_12layer_kernelE10output_buf_15|         array|
+---------------------------------------------------------------------------+-----+-----+------------+------------------------------------------------------------------+--------------+

