

================================================================
== Vitis HLS Report for 'write_context_group_stream'
================================================================
* Date:           Wed Jul 15 12:01:36 2026

* Version:        2022.1 (Build 3526262 on Mon Apr 18 15:47:01 MDT 2022)
* Project:        proj_bert_attn_core_12layer_kernel
* Solution:       solution1 (Vivado IP Flow Target)
* Product family: virtexuplus
* Target device:  xcu250-figd2104-2L-e


================================================================
== Performance Estimates
================================================================
+ Timing: 
    * Summary: 
    +--------+---------+----------+------------+
    |  Clock |  Target | Estimated| Uncertainty|
    +--------+---------+----------+------------+
    |ap_clk  |  3.33 ns|  2.102 ns|     0.90 ns|
    +--------+---------+----------+------------+

+ Latency: 
    * Summary: 
    +---------+---------+----------+----------+------+------+---------+
    |  Latency (cycles) |  Latency (absolute) |   Interval  | Pipeline|
    |   min   |   max   |    min   |    max   |  min |  max |   Type  |
    +---------+---------+----------+----------+------+------+---------+
    |     1027|     1027|  3.423 us|  3.423 us|  1027|  1027|       no|
    +---------+---------+----------+----------+------+------+---------+

    + Detail: 
        * Instance: 
        N/A

        * Loop: 
        +----------------------------------------+---------+---------+----------+-----------+-----------+------+----------+
        |                                        |  Latency (cycles) | Iteration|  Initiation Interval  | Trip |          |
        |                Loop Name               |   min   |   max   |  Latency |  achieved |   target  | Count| Pipelined|
        +----------------------------------------+---------+---------+----------+-----------+-----------+------+----------+
        |- WRITE_CONTEXT_ROW_WRITE_CONTEXT_PACK  |     1025|     1025|         3|          1|          1|  1024|       yes|
        +----------------------------------------+---------+---------+----------+-----------+-----------+------+----------+



================================================================
== Utilization Estimates
================================================================
* Summary: 
+---------------------+---------+-------+---------+---------+------+
|         Name        | BRAM_18K|  DSP  |    FF   |   LUT   | URAM |
+---------------------+---------+-------+---------+---------+------+
|DSP                  |        -|      -|        -|        -|     -|
|Expression           |        -|      -|        0|       99|     -|
|FIFO                 |        -|      -|        -|        -|     -|
|Instance             |        -|      -|        -|        -|     -|
|Memory               |        -|      -|        -|        -|     -|
|Multiplexer          |        -|      -|        -|       81|     -|
|Register             |        -|      -|       38|        -|     -|
+---------------------+---------+-------+---------+---------+------+
|Total                |        0|      0|       38|      180|     0|
+---------------------+---------+-------+---------+---------+------+
|Available SLR        |     1344|   3072|   864000|   432000|   320|
+---------------------+---------+-------+---------+---------+------+
|Utilization SLR (%)  |        0|      0|       ~0|       ~0|     0|
+---------------------+---------+-------+---------+---------+------+
|Available            |     5376|  12288|  3456000|  1728000|  1280|
+---------------------+---------+-------+---------+---------+------+
|Utilization (%)      |        0|      0|       ~0|       ~0|     0|
+---------------------+---------+-------+---------+---------+------+

+ Detail: 
    * Instance: 
    N/A

    * DSP: 
    N/A

    * Memory: 
    N/A

    * FIFO: 
    N/A

    * Expression: 
    +---------------------------+----------+----+---+----+------------+------------+
    |       Variable Name       | Operation| DSP| FF| LUT| Bitwidth P0| Bitwidth P1|
    +---------------------------+----------+----+---+----+------------+------------+
    |add_ln304_1_fu_121_p2      |         +|   0|  0|  18|          11|           1|
    |add_ln304_fu_133_p2        |         +|   0|  0|  15|           8|           1|
    |add_ln306_fu_183_p2        |         +|   0|  0|  12|           4|           1|
    |add_ln313_fu_177_p2        |         +|   0|  0|  17|          10|          10|
    |ap_block_pp0_stage0_01001  |       and|   0|  0|   2|           1|           1|
    |icmp_ln304_fu_115_p2       |      icmp|   0|  0|  12|          11|          12|
    |icmp_ln306_fu_139_p2       |      icmp|   0|  0|   9|           4|           5|
    |select_ln304_1_fu_153_p3   |    select|   0|  0|   8|           1|           8|
    |select_ln304_fu_145_p3     |    select|   0|  0|   4|           1|           1|
    |ap_enable_pp0              |       xor|   0|  0|   2|           1|           2|
    +---------------------------+----------+----+---+----+------------+------------+
    |Total                      |          |   0|  0|  99|          52|          42|
    +---------------------------+----------+----+---+----+------------+------------+

    * Multiplexer: 
    +--------------------------------------+----+-----------+-----+-----------+
    |                 Name                 | LUT| Input Size| Bits| Total Bits|
    +--------------------------------------+----+-----------+-----+-----------+
    |ap_done_int                           |   9|          2|    1|          2|
    |ap_enable_reg_pp0_iter1               |   9|          2|    1|          2|
    |ap_sig_allocacmp_indvar_flatten_load  |   9|          2|   11|         22|
    |ap_sig_allocacmp_p_load               |   9|          2|    4|          8|
    |ap_sig_allocacmp_s_load               |   9|          2|    8|         16|
    |context_stream_TDATA_blk_n            |   9|          2|    1|          2|
    |indvar_flatten_fu_72                  |   9|          2|   11|         22|
    |p_fu_64                               |   9|          2|    4|          8|
    |s_fu_68                               |   9|          2|    8|         16|
    +--------------------------------------+----+-----------+-----+-----------+
    |Total                                 |  81|         18|   49|         98|
    +--------------------------------------+----+-----------+-----+-----------+

    * Register: 
    +----------------------------------+----+----+-----+-----------+
    |               Name               | FF | LUT| Bits| Const Bits|
    +----------------------------------+----+----+-----+-----------+
    |add_ln313_reg_233                 |  10|   0|   10|          0|
    |ap_CS_fsm                         |   1|   0|    1|          0|
    |ap_done_reg                       |   1|   0|    1|          0|
    |ap_enable_reg_pp0_iter1           |   1|   0|    1|          0|
    |ap_enable_reg_pp0_iter2           |   1|   0|    1|          0|
    |ap_loop_exit_ready_pp0_iter1_reg  |   1|   0|    1|          0|
    |indvar_flatten_fu_72              |  11|   0|   11|          0|
    |p_fu_64                           |   4|   0|    4|          0|
    |s_fu_68                           |   8|   0|    8|          0|
    +----------------------------------+----+----+-----+-----------+
    |Total                             |  38|   0|   38|          0|
    +----------------------------------+----+----+-----+-----------+



================================================================
== Interface
================================================================
* Summary: 
+-----------------------+-----+-----+------------+----------------------------+--------------+
|       RTL Ports       | Dir | Bits|  Protocol  |        Source Object       |    C Type    |
+-----------------------+-----+-----+------------+----------------------------+--------------+
|ap_clk                 |   in|    1|  ap_ctrl_hs|  write_context_group_stream|  return value|
|ap_rst                 |   in|    1|  ap_ctrl_hs|  write_context_group_stream|  return value|
|ap_start               |   in|    1|  ap_ctrl_hs|  write_context_group_stream|  return value|
|ap_done                |  out|    1|  ap_ctrl_hs|  write_context_group_stream|  return value|
|ap_idle                |  out|    1|  ap_ctrl_hs|  write_context_group_stream|  return value|
|ap_ready               |  out|    1|  ap_ctrl_hs|  write_context_group_stream|  return value|
|context_stream_TREADY  |   in|    1|        axis|              context_stream|       pointer|
|context_stream_TDATA   |  out|  512|        axis|              context_stream|       pointer|
|context_stream_TVALID  |  out|    1|        axis|              context_stream|       pointer|
|context_address0       |  out|   10|   ap_memory|                     context|         array|
|context_ce0            |  out|    1|   ap_memory|                     context|         array|
|context_q0             |   in|  512|   ap_memory|                     context|         array|
+-----------------------+-----+-----+------------+----------------------------+--------------+

