

================================================================
== Vitis HLS Report for 'load_qkv_bias64'
================================================================
* Date:           Mon Jul 13 11:08:08 2026

* Version:        2022.1 (Build 3526262 on Mon Apr 18 15:47:01 MDT 2022)
* Project:        proj_bert_qkv_kernel
* Solution:       solution1 (Vivado IP Flow Target)
* Product family: virtexuplus
* Target device:  xcu250-figd2104-2L-e


================================================================
== Performance Estimates
================================================================
+ Timing: 
    * Summary: 
    +--------+---------+----------+------------+
    |  Clock |  Target | Estimated| Uncertainty|
    +--------+---------+----------+------------+
    |ap_clk  |  3.33 ns|  2.433 ns|     0.90 ns|
    +--------+---------+----------+------------+

+ Latency: 
    * Summary: 
    +---------+---------+-----------+-----------+-----+-----+---------+
    |  Latency (cycles) |   Latency (absolute)  |  Interval | Pipeline|
    |   min   |   max   |    min    |    max    | min | max |   Type  |
    +---------+---------+-----------+-----------+-----+-----+---------+
    |       16|       16|  53.328 ns|  53.328 ns|   16|   16|       no|
    +---------+---------+-----------+-----------+-----+-----+---------+

    + Detail: 
        * Instance: 
        +----------------------------------------------------+-----------------------------------------+---------+---------+-----------+-----------+-----+-----+---------+
        |                                                    |                                         |  Latency (cycles) |   Latency (absolute)  |  Interval | Pipeline|
        |                      Instance                      |                  Module                 |   min   |   max   |    min    |    max    | min | max |   Type  |
        +----------------------------------------------------+-----------------------------------------+---------+---------+-----------+-----------+-----+-----+---------+
        |grp_load_qkv_bias64_Pipeline_LOAD_BIAS_PACK_fu_153  |load_qkv_bias64_Pipeline_LOAD_BIAS_PACK  |        7|        7|  23.331 ns|  23.331 ns|    7|    7|       no|
        +----------------------------------------------------+-----------------------------------------+---------+---------+-----------+-----------+-----+-----+---------+

        * Loop: 
        N/A



================================================================
== Utilization Estimates
================================================================
* Summary: 
+---------------------+---------+-------+---------+---------+------+
|         Name        | BRAM_18K|  DSP  |    FF   |   LUT   | URAM |
+---------------------+---------+-------+---------+---------+------+
|DSP                  |        -|      -|        -|        -|     -|
|Expression           |        -|      -|        0|      215|     -|
|FIFO                 |        -|      -|        -|        -|     -|
|Instance             |        -|      -|     1551|       91|     -|
|Memory               |        -|      -|        -|        -|     -|
|Multiplexer          |        -|      -|        -|      482|     -|
|Register             |        -|      -|      185|        -|     -|
+---------------------+---------+-------+---------+---------+------+
|Total                |        0|      0|     1736|      788|     0|
+---------------------+---------+-------+---------+---------+------+
|Available SLR        |     1344|   3072|   864000|   432000|   320|
+---------------------+---------+-------+---------+---------+------+
|Utilization SLR (%)  |        0|      0|       ~0|       ~0|     0|
+---------------------+---------+-------+---------+---------+------+
|Available            |     5376|  12288|  3456000|  1728000|  1280|
+---------------------+---------+-------+---------+---------+------+
|Utilization (%)      |        0|      0|       ~0|       ~0|     0|
+---------------------+---------+-------+---------+---------+------+

+ Detail: 
    * Instance: 
    +----------------------------------------------------+-----------------------------------------+---------+----+------+----+-----+
    |                      Instance                      |                  Module                 | BRAM_18K| DSP|  FF  | LUT| URAM|
    +----------------------------------------------------+-----------------------------------------+---------+----+------+----+-----+
    |grp_load_qkv_bias64_Pipeline_LOAD_BIAS_PACK_fu_153  |load_qkv_bias64_Pipeline_LOAD_BIAS_PACK  |        0|   0|  1551|  91|    0|
    +----------------------------------------------------+-----------------------------------------+---------+----+------+----+-----+
    |Total                                               |                                         |        0|   0|  1551|  91|    0|
    +----------------------------------------------------+-----------------------------------------+---------+----+------+----+-----+

    * DSP: 
    N/A

    * Memory: 
    N/A

    * FIFO: 
    N/A

    * Expression: 
    +----------------------+----------+----+---+----+------------+------------+
    |     Variable Name    | Operation| DSP| FF| LUT| Bitwidth P0| Bitwidth P1|
    +----------------------+----------+----+---+----+------------+------------+
    |add_ln92_1_fu_252_p2  |         +|   0|  0|  71|          64|          64|
    |add_ln92_2_fu_268_p2  |         +|   0|  0|  71|          64|          64|
    |add_ln92_fu_236_p2    |         +|   0|  0|  71|          64|          64|
    |ap_block_state2_io    |        or|   0|  0|   2|           1|           1|
    +----------------------+----------+----+---+----+------------+------------+
    |Total                 |          |   0|  0| 215|         193|         193|
    +----------------------+----------+----+---+----+------------+------------+

    * Multiplexer: 
    +-----------------------+----+-----------+-----+-----------+
    |          Name         | LUT| Input Size| Bits| Total Bits|
    +-----------------------+----+-----------+-----+-----------+
    |ap_NS_fsm              |  59|         11|    1|         11|
    |gmem_k_blk_n_AR        |   9|          2|    1|          2|
    |gmem_q_blk_n_AR        |   9|          2|    1|          2|
    |gmem_v_blk_n_AR        |   9|          2|    1|          2|
    |m_axi_gmem_k_ARADDR    |  14|          3|   64|        192|
    |m_axi_gmem_k_ARBURST   |   9|          2|    2|          4|
    |m_axi_gmem_k_ARCACHE   |   9|          2|    4|          8|
    |m_axi_gmem_k_ARID      |   9|          2|    1|          2|
    |m_axi_gmem_k_ARLEN     |  14|          3|   32|         96|
    |m_axi_gmem_k_ARLOCK    |   9|          2|    2|          4|
    |m_axi_gmem_k_ARPROT    |   9|          2|    3|          6|
    |m_axi_gmem_k_ARQOS     |   9|          2|    4|          8|
    |m_axi_gmem_k_ARREGION  |   9|          2|    4|          8|
    |m_axi_gmem_k_ARSIZE    |   9|          2|    3|          6|
    |m_axi_gmem_k_ARUSER    |   9|          2|    1|          2|
    |m_axi_gmem_k_ARVALID   |  14|          3|    1|          3|
    |m_axi_gmem_k_RREADY    |   9|          2|    1|          2|
    |m_axi_gmem_q_ARADDR    |  14|          3|   64|        192|
    |m_axi_gmem_q_ARBURST   |   9|          2|    2|          4|
    |m_axi_gmem_q_ARCACHE   |   9|          2|    4|          8|
    |m_axi_gmem_q_ARID      |   9|          2|    1|          2|
    |m_axi_gmem_q_ARLEN     |  14|          3|   32|         96|
    |m_axi_gmem_q_ARLOCK    |   9|          2|    2|          4|
    |m_axi_gmem_q_ARPROT    |   9|          2|    3|          6|
    |m_axi_gmem_q_ARQOS     |   9|          2|    4|          8|
    |m_axi_gmem_q_ARREGION  |   9|          2|    4|          8|
    |m_axi_gmem_q_ARSIZE    |   9|          2|    3|          6|
    |m_axi_gmem_q_ARUSER    |   9|          2|    1|          2|
    |m_axi_gmem_q_ARVALID   |  14|          3|    1|          3|
    |m_axi_gmem_q_RREADY    |   9|          2|    1|          2|
    |m_axi_gmem_v_ARADDR    |  14|          3|   64|        192|
    |m_axi_gmem_v_ARBURST   |   9|          2|    2|          4|
    |m_axi_gmem_v_ARCACHE   |   9|          2|    4|          8|
    |m_axi_gmem_v_ARID      |   9|          2|    1|          2|
    |m_axi_gmem_v_ARLEN     |  14|          3|   32|         96|
    |m_axi_gmem_v_ARLOCK    |   9|          2|    2|          4|
    |m_axi_gmem_v_ARPROT    |   9|          2|    3|          6|
    |m_axi_gmem_v_ARQOS     |   9|          2|    4|          8|
    |m_axi_gmem_v_ARREGION  |   9|          2|    4|          8|
    |m_axi_gmem_v_ARSIZE    |   9|          2|    3|          6|
    |m_axi_gmem_v_ARUSER    |   9|          2|    1|          2|
    |m_axi_gmem_v_ARVALID   |  14|          3|    1|          3|
    |m_axi_gmem_v_RREADY    |   9|          2|    1|          2|
    +-----------------------+----+-----------+-----+-----------+
    |Total                  | 482|        104|  370|       1040|
    +-----------------------+----+-----------+-----+-----------+

    * Register: 
    +-----------------------------------------------------------------+----+----+-----+-----------+
    |                               Name                              | FF | LUT| Bits| Const Bits|
    +-----------------------------------------------------------------+----+----+-----+-----------+
    |ap_CS_fsm                                                        |  10|   0|   10|          0|
    |grp_load_qkv_bias64_Pipeline_LOAD_BIAS_PACK_fu_153_ap_start_reg  |   1|   0|    1|          0|
    |trunc_ln92_1_reg_320                                             |  58|   0|   58|          0|
    |trunc_ln92_2_reg_326                                             |  58|   0|   58|          0|
    |trunc_ln_reg_314                                                 |  58|   0|   58|          0|
    +-----------------------------------------------------------------+----+----+-----+-----------+
    |Total                                                            | 185|   0|  185|          0|
    +-----------------------------------------------------------------+----+----+-----+-----------+



================================================================
== Interface
================================================================
* Summary: 
+-----------------------+-----+-----+------------+-----------------+--------------+
|       RTL Ports       | Dir | Bits|  Protocol  |  Source Object  |    C Type    |
+-----------------------+-----+-----+------------+-----------------+--------------+
|ap_clk                 |   in|    1|  ap_ctrl_hs|  load_qkv_bias64|  return value|
|ap_rst                 |   in|    1|  ap_ctrl_hs|  load_qkv_bias64|  return value|
|ap_start               |   in|    1|  ap_ctrl_hs|  load_qkv_bias64|  return value|
|ap_done                |  out|    1|  ap_ctrl_hs|  load_qkv_bias64|  return value|
|ap_idle                |  out|    1|  ap_ctrl_hs|  load_qkv_bias64|  return value|
|ap_ready               |  out|    1|  ap_ctrl_hs|  load_qkv_bias64|  return value|
|m_axi_gmem_q_AWVALID   |  out|    1|       m_axi|           gmem_q|       pointer|
|m_axi_gmem_q_AWREADY   |   in|    1|       m_axi|           gmem_q|       pointer|
|m_axi_gmem_q_AWADDR    |  out|   64|       m_axi|           gmem_q|       pointer|
|m_axi_gmem_q_AWID      |  out|    1|       m_axi|           gmem_q|       pointer|
|m_axi_gmem_q_AWLEN     |  out|   32|       m_axi|           gmem_q|       pointer|
|m_axi_gmem_q_AWSIZE    |  out|    3|       m_axi|           gmem_q|       pointer|
|m_axi_gmem_q_AWBURST   |  out|    2|       m_axi|           gmem_q|       pointer|
|m_axi_gmem_q_AWLOCK    |  out|    2|       m_axi|           gmem_q|       pointer|
|m_axi_gmem_q_AWCACHE   |  out|    4|       m_axi|           gmem_q|       pointer|
|m_axi_gmem_q_AWPROT    |  out|    3|       m_axi|           gmem_q|       pointer|
|m_axi_gmem_q_AWQOS     |  out|    4|       m_axi|           gmem_q|       pointer|
|m_axi_gmem_q_AWREGION  |  out|    4|       m_axi|           gmem_q|       pointer|
|m_axi_gmem_q_AWUSER    |  out|    1|       m_axi|           gmem_q|       pointer|
|m_axi_gmem_q_WVALID    |  out|    1|       m_axi|           gmem_q|       pointer|
|m_axi_gmem_q_WREADY    |   in|    1|       m_axi|           gmem_q|       pointer|
|m_axi_gmem_q_WDATA     |  out|  512|       m_axi|           gmem_q|       pointer|
|m_axi_gmem_q_WSTRB     |  out|   64|       m_axi|           gmem_q|       pointer|
|m_axi_gmem_q_WLAST     |  out|    1|       m_axi|           gmem_q|       pointer|
|m_axi_gmem_q_WID       |  out|    1|       m_axi|           gmem_q|       pointer|
|m_axi_gmem_q_WUSER     |  out|    1|       m_axi|           gmem_q|       pointer|
|m_axi_gmem_q_ARVALID   |  out|    1|       m_axi|           gmem_q|       pointer|
|m_axi_gmem_q_ARREADY   |   in|    1|       m_axi|           gmem_q|       pointer|
|m_axi_gmem_q_ARADDR    |  out|   64|       m_axi|           gmem_q|       pointer|
|m_axi_gmem_q_ARID      |  out|    1|       m_axi|           gmem_q|       pointer|
|m_axi_gmem_q_ARLEN     |  out|   32|       m_axi|           gmem_q|       pointer|
|m_axi_gmem_q_ARSIZE    |  out|    3|       m_axi|           gmem_q|       pointer|
|m_axi_gmem_q_ARBURST   |  out|    2|       m_axi|           gmem_q|       pointer|
|m_axi_gmem_q_ARLOCK    |  out|    2|       m_axi|           gmem_q|       pointer|
|m_axi_gmem_q_ARCACHE   |  out|    4|       m_axi|           gmem_q|       pointer|
|m_axi_gmem_q_ARPROT    |  out|    3|       m_axi|           gmem_q|       pointer|
|m_axi_gmem_q_ARQOS     |  out|    4|       m_axi|           gmem_q|       pointer|
|m_axi_gmem_q_ARREGION  |  out|    4|       m_axi|           gmem_q|       pointer|
|m_axi_gmem_q_ARUSER    |  out|    1|       m_axi|           gmem_q|       pointer|
|m_axi_gmem_q_RVALID    |   in|    1|       m_axi|           gmem_q|       pointer|
|m_axi_gmem_q_RREADY    |  out|    1|       m_axi|           gmem_q|       pointer|
|m_axi_gmem_q_RDATA     |   in|  512|       m_axi|           gmem_q|       pointer|
|m_axi_gmem_q_RLAST     |   in|    1|       m_axi|           gmem_q|       pointer|
|m_axi_gmem_q_RID       |   in|    1|       m_axi|           gmem_q|       pointer|
|m_axi_gmem_q_RFIFONUM  |   in|    9|       m_axi|           gmem_q|       pointer|
|m_axi_gmem_q_RUSER     |   in|    1|       m_axi|           gmem_q|       pointer|
|m_axi_gmem_q_RRESP     |   in|    2|       m_axi|           gmem_q|       pointer|
|m_axi_gmem_q_BVALID    |   in|    1|       m_axi|           gmem_q|       pointer|
|m_axi_gmem_q_BREADY    |  out|    1|       m_axi|           gmem_q|       pointer|
|m_axi_gmem_q_BRESP     |   in|    2|       m_axi|           gmem_q|       pointer|
|m_axi_gmem_q_BID       |   in|    1|       m_axi|           gmem_q|       pointer|
|m_axi_gmem_q_BUSER     |   in|    1|       m_axi|           gmem_q|       pointer|
|q_bias                 |   in|   64|     ap_none|           q_bias|        scalar|
|m_axi_gmem_k_AWVALID   |  out|    1|       m_axi|           gmem_k|       pointer|
|m_axi_gmem_k_AWREADY   |   in|    1|       m_axi|           gmem_k|       pointer|
|m_axi_gmem_k_AWADDR    |  out|   64|       m_axi|           gmem_k|       pointer|
|m_axi_gmem_k_AWID      |  out|    1|       m_axi|           gmem_k|       pointer|
|m_axi_gmem_k_AWLEN     |  out|   32|       m_axi|           gmem_k|       pointer|
|m_axi_gmem_k_AWSIZE    |  out|    3|       m_axi|           gmem_k|       pointer|
|m_axi_gmem_k_AWBURST   |  out|    2|       m_axi|           gmem_k|       pointer|
|m_axi_gmem_k_AWLOCK    |  out|    2|       m_axi|           gmem_k|       pointer|
|m_axi_gmem_k_AWCACHE   |  out|    4|       m_axi|           gmem_k|       pointer|
|m_axi_gmem_k_AWPROT    |  out|    3|       m_axi|           gmem_k|       pointer|
|m_axi_gmem_k_AWQOS     |  out|    4|       m_axi|           gmem_k|       pointer|
|m_axi_gmem_k_AWREGION  |  out|    4|       m_axi|           gmem_k|       pointer|
|m_axi_gmem_k_AWUSER    |  out|    1|       m_axi|           gmem_k|       pointer|
|m_axi_gmem_k_WVALID    |  out|    1|       m_axi|           gmem_k|       pointer|
|m_axi_gmem_k_WREADY    |   in|    1|       m_axi|           gmem_k|       pointer|
|m_axi_gmem_k_WDATA     |  out|  512|       m_axi|           gmem_k|       pointer|
|m_axi_gmem_k_WSTRB     |  out|   64|       m_axi|           gmem_k|       pointer|
|m_axi_gmem_k_WLAST     |  out|    1|       m_axi|           gmem_k|       pointer|
|m_axi_gmem_k_WID       |  out|    1|       m_axi|           gmem_k|       pointer|
|m_axi_gmem_k_WUSER     |  out|    1|       m_axi|           gmem_k|       pointer|
|m_axi_gmem_k_ARVALID   |  out|    1|       m_axi|           gmem_k|       pointer|
|m_axi_gmem_k_ARREADY   |   in|    1|       m_axi|           gmem_k|       pointer|
|m_axi_gmem_k_ARADDR    |  out|   64|       m_axi|           gmem_k|       pointer|
|m_axi_gmem_k_ARID      |  out|    1|       m_axi|           gmem_k|       pointer|
|m_axi_gmem_k_ARLEN     |  out|   32|       m_axi|           gmem_k|       pointer|
|m_axi_gmem_k_ARSIZE    |  out|    3|       m_axi|           gmem_k|       pointer|
|m_axi_gmem_k_ARBURST   |  out|    2|       m_axi|           gmem_k|       pointer|
|m_axi_gmem_k_ARLOCK    |  out|    2|       m_axi|           gmem_k|       pointer|
|m_axi_gmem_k_ARCACHE   |  out|    4|       m_axi|           gmem_k|       pointer|
|m_axi_gmem_k_ARPROT    |  out|    3|       m_axi|           gmem_k|       pointer|
|m_axi_gmem_k_ARQOS     |  out|    4|       m_axi|           gmem_k|       pointer|
|m_axi_gmem_k_ARREGION  |  out|    4|       m_axi|           gmem_k|       pointer|
|m_axi_gmem_k_ARUSER    |  out|    1|       m_axi|           gmem_k|       pointer|
|m_axi_gmem_k_RVALID    |   in|    1|       m_axi|           gmem_k|       pointer|
|m_axi_gmem_k_RREADY    |  out|    1|       m_axi|           gmem_k|       pointer|
|m_axi_gmem_k_RDATA     |   in|  512|       m_axi|           gmem_k|       pointer|
|m_axi_gmem_k_RLAST     |   in|    1|       m_axi|           gmem_k|       pointer|
|m_axi_gmem_k_RID       |   in|    1|       m_axi|           gmem_k|       pointer|
|m_axi_gmem_k_RFIFONUM  |   in|    9|       m_axi|           gmem_k|       pointer|
|m_axi_gmem_k_RUSER     |   in|    1|       m_axi|           gmem_k|       pointer|
|m_axi_gmem_k_RRESP     |   in|    2|       m_axi|           gmem_k|       pointer|
|m_axi_gmem_k_BVALID    |   in|    1|       m_axi|           gmem_k|       pointer|
|m_axi_gmem_k_BREADY    |  out|    1|       m_axi|           gmem_k|       pointer|
|m_axi_gmem_k_BRESP     |   in|    2|       m_axi|           gmem_k|       pointer|
|m_axi_gmem_k_BID       |   in|    1|       m_axi|           gmem_k|       pointer|
|m_axi_gmem_k_BUSER     |   in|    1|       m_axi|           gmem_k|       pointer|
|k_bias                 |   in|   64|     ap_none|           k_bias|        scalar|
|m_axi_gmem_v_AWVALID   |  out|    1|       m_axi|           gmem_v|       pointer|
|m_axi_gmem_v_AWREADY   |   in|    1|       m_axi|           gmem_v|       pointer|
|m_axi_gmem_v_AWADDR    |  out|   64|       m_axi|           gmem_v|       pointer|
|m_axi_gmem_v_AWID      |  out|    1|       m_axi|           gmem_v|       pointer|
|m_axi_gmem_v_AWLEN     |  out|   32|       m_axi|           gmem_v|       pointer|
|m_axi_gmem_v_AWSIZE    |  out|    3|       m_axi|           gmem_v|       pointer|
|m_axi_gmem_v_AWBURST   |  out|    2|       m_axi|           gmem_v|       pointer|
|m_axi_gmem_v_AWLOCK    |  out|    2|       m_axi|           gmem_v|       pointer|
|m_axi_gmem_v_AWCACHE   |  out|    4|       m_axi|           gmem_v|       pointer|
|m_axi_gmem_v_AWPROT    |  out|    3|       m_axi|           gmem_v|       pointer|
|m_axi_gmem_v_AWQOS     |  out|    4|       m_axi|           gmem_v|       pointer|
|m_axi_gmem_v_AWREGION  |  out|    4|       m_axi|           gmem_v|       pointer|
|m_axi_gmem_v_AWUSER    |  out|    1|       m_axi|           gmem_v|       pointer|
|m_axi_gmem_v_WVALID    |  out|    1|       m_axi|           gmem_v|       pointer|
|m_axi_gmem_v_WREADY    |   in|    1|       m_axi|           gmem_v|       pointer|
|m_axi_gmem_v_WDATA     |  out|  512|       m_axi|           gmem_v|       pointer|
|m_axi_gmem_v_WSTRB     |  out|   64|       m_axi|           gmem_v|       pointer|
|m_axi_gmem_v_WLAST     |  out|    1|       m_axi|           gmem_v|       pointer|
|m_axi_gmem_v_WID       |  out|    1|       m_axi|           gmem_v|       pointer|
|m_axi_gmem_v_WUSER     |  out|    1|       m_axi|           gmem_v|       pointer|
|m_axi_gmem_v_ARVALID   |  out|    1|       m_axi|           gmem_v|       pointer|
|m_axi_gmem_v_ARREADY   |   in|    1|       m_axi|           gmem_v|       pointer|
|m_axi_gmem_v_ARADDR    |  out|   64|       m_axi|           gmem_v|       pointer|
|m_axi_gmem_v_ARID      |  out|    1|       m_axi|           gmem_v|       pointer|
|m_axi_gmem_v_ARLEN     |  out|   32|       m_axi|           gmem_v|       pointer|
|m_axi_gmem_v_ARSIZE    |  out|    3|       m_axi|           gmem_v|       pointer|
|m_axi_gmem_v_ARBURST   |  out|    2|       m_axi|           gmem_v|       pointer|
|m_axi_gmem_v_ARLOCK    |  out|    2|       m_axi|           gmem_v|       pointer|
|m_axi_gmem_v_ARCACHE   |  out|    4|       m_axi|           gmem_v|       pointer|
|m_axi_gmem_v_ARPROT    |  out|    3|       m_axi|           gmem_v|       pointer|
|m_axi_gmem_v_ARQOS     |  out|    4|       m_axi|           gmem_v|       pointer|
|m_axi_gmem_v_ARREGION  |  out|    4|       m_axi|           gmem_v|       pointer|
|m_axi_gmem_v_ARUSER    |  out|    1|       m_axi|           gmem_v|       pointer|
|m_axi_gmem_v_RVALID    |   in|    1|       m_axi|           gmem_v|       pointer|
|m_axi_gmem_v_RREADY    |  out|    1|       m_axi|           gmem_v|       pointer|
|m_axi_gmem_v_RDATA     |   in|  512|       m_axi|           gmem_v|       pointer|
|m_axi_gmem_v_RLAST     |   in|    1|       m_axi|           gmem_v|       pointer|
|m_axi_gmem_v_RID       |   in|    1|       m_axi|           gmem_v|       pointer|
|m_axi_gmem_v_RFIFONUM  |   in|    9|       m_axi|           gmem_v|       pointer|
|m_axi_gmem_v_RUSER     |   in|    1|       m_axi|           gmem_v|       pointer|
|m_axi_gmem_v_RRESP     |   in|    2|       m_axi|           gmem_v|       pointer|
|m_axi_gmem_v_BVALID    |   in|    1|       m_axi|           gmem_v|       pointer|
|m_axi_gmem_v_BREADY    |  out|    1|       m_axi|           gmem_v|       pointer|
|m_axi_gmem_v_BRESP     |   in|    2|       m_axi|           gmem_v|       pointer|
|m_axi_gmem_v_BID       |   in|    1|       m_axi|           gmem_v|       pointer|
|m_axi_gmem_v_BUSER     |   in|    1|       m_axi|           gmem_v|       pointer|
|v_bias                 |   in|   64|     ap_none|           v_bias|        scalar|
|out_base               |   in|   10|     ap_none|         out_base|        scalar|
|qb_0_address0          |  out|    3|   ap_memory|             qb_0|         array|
|qb_0_ce0               |  out|    1|   ap_memory|             qb_0|         array|
|qb_0_we0               |  out|    1|   ap_memory|             qb_0|         array|
|qb_0_d0                |  out|   32|   ap_memory|             qb_0|         array|
|qb_0_address1          |  out|    3|   ap_memory|             qb_0|         array|
|qb_0_ce1               |  out|    1|   ap_memory|             qb_0|         array|
|qb_0_we1               |  out|    1|   ap_memory|             qb_0|         array|
|qb_0_d1                |  out|   32|   ap_memory|             qb_0|         array|
|qb_1_address0          |  out|    3|   ap_memory|             qb_1|         array|
|qb_1_ce0               |  out|    1|   ap_memory|             qb_1|         array|
|qb_1_we0               |  out|    1|   ap_memory|             qb_1|         array|
|qb_1_d0                |  out|   32|   ap_memory|             qb_1|         array|
|qb_1_address1          |  out|    3|   ap_memory|             qb_1|         array|
|qb_1_ce1               |  out|    1|   ap_memory|             qb_1|         array|
|qb_1_we1               |  out|    1|   ap_memory|             qb_1|         array|
|qb_1_d1                |  out|   32|   ap_memory|             qb_1|         array|
|qb_2_address0          |  out|    3|   ap_memory|             qb_2|         array|
|qb_2_ce0               |  out|    1|   ap_memory|             qb_2|         array|
|qb_2_we0               |  out|    1|   ap_memory|             qb_2|         array|
|qb_2_d0                |  out|   32|   ap_memory|             qb_2|         array|
|qb_2_address1          |  out|    3|   ap_memory|             qb_2|         array|
|qb_2_ce1               |  out|    1|   ap_memory|             qb_2|         array|
|qb_2_we1               |  out|    1|   ap_memory|             qb_2|         array|
|qb_2_d1                |  out|   32|   ap_memory|             qb_2|         array|
|qb_3_address0          |  out|    3|   ap_memory|             qb_3|         array|
|qb_3_ce0               |  out|    1|   ap_memory|             qb_3|         array|
|qb_3_we0               |  out|    1|   ap_memory|             qb_3|         array|
|qb_3_d0                |  out|   32|   ap_memory|             qb_3|         array|
|qb_3_address1          |  out|    3|   ap_memory|             qb_3|         array|
|qb_3_ce1               |  out|    1|   ap_memory|             qb_3|         array|
|qb_3_we1               |  out|    1|   ap_memory|             qb_3|         array|
|qb_3_d1                |  out|   32|   ap_memory|             qb_3|         array|
|qb_4_address0          |  out|    3|   ap_memory|             qb_4|         array|
|qb_4_ce0               |  out|    1|   ap_memory|             qb_4|         array|
|qb_4_we0               |  out|    1|   ap_memory|             qb_4|         array|
|qb_4_d0                |  out|   32|   ap_memory|             qb_4|         array|
|qb_4_address1          |  out|    3|   ap_memory|             qb_4|         array|
|qb_4_ce1               |  out|    1|   ap_memory|             qb_4|         array|
|qb_4_we1               |  out|    1|   ap_memory|             qb_4|         array|
|qb_4_d1                |  out|   32|   ap_memory|             qb_4|         array|
|qb_5_address0          |  out|    3|   ap_memory|             qb_5|         array|
|qb_5_ce0               |  out|    1|   ap_memory|             qb_5|         array|
|qb_5_we0               |  out|    1|   ap_memory|             qb_5|         array|
|qb_5_d0                |  out|   32|   ap_memory|             qb_5|         array|
|qb_5_address1          |  out|    3|   ap_memory|             qb_5|         array|
|qb_5_ce1               |  out|    1|   ap_memory|             qb_5|         array|
|qb_5_we1               |  out|    1|   ap_memory|             qb_5|         array|
|qb_5_d1                |  out|   32|   ap_memory|             qb_5|         array|
|qb_6_address0          |  out|    3|   ap_memory|             qb_6|         array|
|qb_6_ce0               |  out|    1|   ap_memory|             qb_6|         array|
|qb_6_we0               |  out|    1|   ap_memory|             qb_6|         array|
|qb_6_d0                |  out|   32|   ap_memory|             qb_6|         array|
|qb_6_address1          |  out|    3|   ap_memory|             qb_6|         array|
|qb_6_ce1               |  out|    1|   ap_memory|             qb_6|         array|
|qb_6_we1               |  out|    1|   ap_memory|             qb_6|         array|
|qb_6_d1                |  out|   32|   ap_memory|             qb_6|         array|
|qb_7_address0          |  out|    3|   ap_memory|             qb_7|         array|
|qb_7_ce0               |  out|    1|   ap_memory|             qb_7|         array|
|qb_7_we0               |  out|    1|   ap_memory|             qb_7|         array|
|qb_7_d0                |  out|   32|   ap_memory|             qb_7|         array|
|qb_7_address1          |  out|    3|   ap_memory|             qb_7|         array|
|qb_7_ce1               |  out|    1|   ap_memory|             qb_7|         array|
|qb_7_we1               |  out|    1|   ap_memory|             qb_7|         array|
|qb_7_d1                |  out|   32|   ap_memory|             qb_7|         array|
|kb_0_address0          |  out|    3|   ap_memory|             kb_0|         array|
|kb_0_ce0               |  out|    1|   ap_memory|             kb_0|         array|
|kb_0_we0               |  out|    1|   ap_memory|             kb_0|         array|
|kb_0_d0                |  out|   32|   ap_memory|             kb_0|         array|
|kb_0_address1          |  out|    3|   ap_memory|             kb_0|         array|
|kb_0_ce1               |  out|    1|   ap_memory|             kb_0|         array|
|kb_0_we1               |  out|    1|   ap_memory|             kb_0|         array|
|kb_0_d1                |  out|   32|   ap_memory|             kb_0|         array|
|kb_1_address0          |  out|    3|   ap_memory|             kb_1|         array|
|kb_1_ce0               |  out|    1|   ap_memory|             kb_1|         array|
|kb_1_we0               |  out|    1|   ap_memory|             kb_1|         array|
|kb_1_d0                |  out|   32|   ap_memory|             kb_1|         array|
|kb_1_address1          |  out|    3|   ap_memory|             kb_1|         array|
|kb_1_ce1               |  out|    1|   ap_memory|             kb_1|         array|
|kb_1_we1               |  out|    1|   ap_memory|             kb_1|         array|
|kb_1_d1                |  out|   32|   ap_memory|             kb_1|         array|
|kb_2_address0          |  out|    3|   ap_memory|             kb_2|         array|
|kb_2_ce0               |  out|    1|   ap_memory|             kb_2|         array|
|kb_2_we0               |  out|    1|   ap_memory|             kb_2|         array|
|kb_2_d0                |  out|   32|   ap_memory|             kb_2|         array|
|kb_2_address1          |  out|    3|   ap_memory|             kb_2|         array|
|kb_2_ce1               |  out|    1|   ap_memory|             kb_2|         array|
|kb_2_we1               |  out|    1|   ap_memory|             kb_2|         array|
|kb_2_d1                |  out|   32|   ap_memory|             kb_2|         array|
|kb_3_address0          |  out|    3|   ap_memory|             kb_3|         array|
|kb_3_ce0               |  out|    1|   ap_memory|             kb_3|         array|
|kb_3_we0               |  out|    1|   ap_memory|             kb_3|         array|
|kb_3_d0                |  out|   32|   ap_memory|             kb_3|         array|
|kb_3_address1          |  out|    3|   ap_memory|             kb_3|         array|
|kb_3_ce1               |  out|    1|   ap_memory|             kb_3|         array|
|kb_3_we1               |  out|    1|   ap_memory|             kb_3|         array|
|kb_3_d1                |  out|   32|   ap_memory|             kb_3|         array|
|kb_4_address0          |  out|    3|   ap_memory|             kb_4|         array|
|kb_4_ce0               |  out|    1|   ap_memory|             kb_4|         array|
|kb_4_we0               |  out|    1|   ap_memory|             kb_4|         array|
|kb_4_d0                |  out|   32|   ap_memory|             kb_4|         array|
|kb_4_address1          |  out|    3|   ap_memory|             kb_4|         array|
|kb_4_ce1               |  out|    1|   ap_memory|             kb_4|         array|
|kb_4_we1               |  out|    1|   ap_memory|             kb_4|         array|
|kb_4_d1                |  out|   32|   ap_memory|             kb_4|         array|
|kb_5_address0          |  out|    3|   ap_memory|             kb_5|         array|
|kb_5_ce0               |  out|    1|   ap_memory|             kb_5|         array|
|kb_5_we0               |  out|    1|   ap_memory|             kb_5|         array|
|kb_5_d0                |  out|   32|   ap_memory|             kb_5|         array|
|kb_5_address1          |  out|    3|   ap_memory|             kb_5|         array|
|kb_5_ce1               |  out|    1|   ap_memory|             kb_5|         array|
|kb_5_we1               |  out|    1|   ap_memory|             kb_5|         array|
|kb_5_d1                |  out|   32|   ap_memory|             kb_5|         array|
|kb_6_address0          |  out|    3|   ap_memory|             kb_6|         array|
|kb_6_ce0               |  out|    1|   ap_memory|             kb_6|         array|
|kb_6_we0               |  out|    1|   ap_memory|             kb_6|         array|
|kb_6_d0                |  out|   32|   ap_memory|             kb_6|         array|
|kb_6_address1          |  out|    3|   ap_memory|             kb_6|         array|
|kb_6_ce1               |  out|    1|   ap_memory|             kb_6|         array|
|kb_6_we1               |  out|    1|   ap_memory|             kb_6|         array|
|kb_6_d1                |  out|   32|   ap_memory|             kb_6|         array|
|kb_7_address0          |  out|    3|   ap_memory|             kb_7|         array|
|kb_7_ce0               |  out|    1|   ap_memory|             kb_7|         array|
|kb_7_we0               |  out|    1|   ap_memory|             kb_7|         array|
|kb_7_d0                |  out|   32|   ap_memory|             kb_7|         array|
|kb_7_address1          |  out|    3|   ap_memory|             kb_7|         array|
|kb_7_ce1               |  out|    1|   ap_memory|             kb_7|         array|
|kb_7_we1               |  out|    1|   ap_memory|             kb_7|         array|
|kb_7_d1                |  out|   32|   ap_memory|             kb_7|         array|
|vb_0_address0          |  out|    3|   ap_memory|             vb_0|         array|
|vb_0_ce0               |  out|    1|   ap_memory|             vb_0|         array|
|vb_0_we0               |  out|    1|   ap_memory|             vb_0|         array|
|vb_0_d0                |  out|   32|   ap_memory|             vb_0|         array|
|vb_0_address1          |  out|    3|   ap_memory|             vb_0|         array|
|vb_0_ce1               |  out|    1|   ap_memory|             vb_0|         array|
|vb_0_we1               |  out|    1|   ap_memory|             vb_0|         array|
|vb_0_d1                |  out|   32|   ap_memory|             vb_0|         array|
|vb_1_address0          |  out|    3|   ap_memory|             vb_1|         array|
|vb_1_ce0               |  out|    1|   ap_memory|             vb_1|         array|
|vb_1_we0               |  out|    1|   ap_memory|             vb_1|         array|
|vb_1_d0                |  out|   32|   ap_memory|             vb_1|         array|
|vb_1_address1          |  out|    3|   ap_memory|             vb_1|         array|
|vb_1_ce1               |  out|    1|   ap_memory|             vb_1|         array|
|vb_1_we1               |  out|    1|   ap_memory|             vb_1|         array|
|vb_1_d1                |  out|   32|   ap_memory|             vb_1|         array|
|vb_2_address0          |  out|    3|   ap_memory|             vb_2|         array|
|vb_2_ce0               |  out|    1|   ap_memory|             vb_2|         array|
|vb_2_we0               |  out|    1|   ap_memory|             vb_2|         array|
|vb_2_d0                |  out|   32|   ap_memory|             vb_2|         array|
|vb_2_address1          |  out|    3|   ap_memory|             vb_2|         array|
|vb_2_ce1               |  out|    1|   ap_memory|             vb_2|         array|
|vb_2_we1               |  out|    1|   ap_memory|             vb_2|         array|
|vb_2_d1                |  out|   32|   ap_memory|             vb_2|         array|
|vb_3_address0          |  out|    3|   ap_memory|             vb_3|         array|
|vb_3_ce0               |  out|    1|   ap_memory|             vb_3|         array|
|vb_3_we0               |  out|    1|   ap_memory|             vb_3|         array|
|vb_3_d0                |  out|   32|   ap_memory|             vb_3|         array|
|vb_3_address1          |  out|    3|   ap_memory|             vb_3|         array|
|vb_3_ce1               |  out|    1|   ap_memory|             vb_3|         array|
|vb_3_we1               |  out|    1|   ap_memory|             vb_3|         array|
|vb_3_d1                |  out|   32|   ap_memory|             vb_3|         array|
|vb_4_address0          |  out|    3|   ap_memory|             vb_4|         array|
|vb_4_ce0               |  out|    1|   ap_memory|             vb_4|         array|
|vb_4_we0               |  out|    1|   ap_memory|             vb_4|         array|
|vb_4_d0                |  out|   32|   ap_memory|             vb_4|         array|
|vb_4_address1          |  out|    3|   ap_memory|             vb_4|         array|
|vb_4_ce1               |  out|    1|   ap_memory|             vb_4|         array|
|vb_4_we1               |  out|    1|   ap_memory|             vb_4|         array|
|vb_4_d1                |  out|   32|   ap_memory|             vb_4|         array|
|vb_5_address0          |  out|    3|   ap_memory|             vb_5|         array|
|vb_5_ce0               |  out|    1|   ap_memory|             vb_5|         array|
|vb_5_we0               |  out|    1|   ap_memory|             vb_5|         array|
|vb_5_d0                |  out|   32|   ap_memory|             vb_5|         array|
|vb_5_address1          |  out|    3|   ap_memory|             vb_5|         array|
|vb_5_ce1               |  out|    1|   ap_memory|             vb_5|         array|
|vb_5_we1               |  out|    1|   ap_memory|             vb_5|         array|
|vb_5_d1                |  out|   32|   ap_memory|             vb_5|         array|
|vb_6_address0          |  out|    3|   ap_memory|             vb_6|         array|
|vb_6_ce0               |  out|    1|   ap_memory|             vb_6|         array|
|vb_6_we0               |  out|    1|   ap_memory|             vb_6|         array|
|vb_6_d0                |  out|   32|   ap_memory|             vb_6|         array|
|vb_6_address1          |  out|    3|   ap_memory|             vb_6|         array|
|vb_6_ce1               |  out|    1|   ap_memory|             vb_6|         array|
|vb_6_we1               |  out|    1|   ap_memory|             vb_6|         array|
|vb_6_d1                |  out|   32|   ap_memory|             vb_6|         array|
|vb_7_address0          |  out|    3|   ap_memory|             vb_7|         array|
|vb_7_ce0               |  out|    1|   ap_memory|             vb_7|         array|
|vb_7_we0               |  out|    1|   ap_memory|             vb_7|         array|
|vb_7_d0                |  out|   32|   ap_memory|             vb_7|         array|
|vb_7_address1          |  out|    3|   ap_memory|             vb_7|         array|
|vb_7_ce1               |  out|    1|   ap_memory|             vb_7|         array|
|vb_7_we1               |  out|    1|   ap_memory|             vb_7|         array|
|vb_7_d1                |  out|   32|   ap_memory|             vb_7|         array|
+-----------------------+-----+-----+------------+-----------------+--------------+

