

================================================================
== Vitis HLS Report for 'load_qkv_bias64_Pipeline_LOAD_BIAS_PACK'
================================================================
* Date:           Mon Jul 13 11:08:07 2026

* Version:        2022.1 (Build 3526262 on Mon Apr 18 15:47:01 MDT 2022)
* Project:        proj_bert_qkv_kernel
* Solution:       solution1 (Vivado IP Flow Target)
* Product family: virtexuplus
* Target device:  xcu250-figd2104-2L-e


================================================================
== Performance Estimates
================================================================
+ Timing: 
    * Summary: 
    +--------+---------+----------+------------+
    |  Clock |  Target | Estimated| Uncertainty|
    +--------+---------+----------+------------+
    |ap_clk  |  3.33 ns|  2.433 ns|     0.90 ns|
    +--------+---------+----------+------------+

+ Latency: 
    * Summary: 
    +---------+---------+-----------+-----------+-----+-----+---------+
    |  Latency (cycles) |   Latency (absolute)  |  Interval | Pipeline|
    |   min   |   max   |    min    |    max    | min | max |   Type  |
    +---------+---------+-----------+-----------+-----+-----+---------+
    |        7|        7|  23.331 ns|  23.331 ns|    7|    7|       no|
    +---------+---------+-----------+-----------+-----+-----+---------+

    + Detail: 
        * Instance: 
        N/A

        * Loop: 
        +------------------+---------+---------+----------+-----------+-----------+------+----------+
        |                  |  Latency (cycles) | Iteration|  Initiation Interval  | Trip |          |
        |     Loop Name    |   min   |   max   |  Latency |  achieved |   target  | Count| Pipelined|
        +------------------+---------+---------+----------+-----------+-----------+------+----------+
        |- LOAD_BIAS_PACK  |        5|        5|         3|          1|          1|     4|       yes|
        +------------------+---------+---------+----------+-----------+-----------+------+----------+



================================================================
== Utilization Estimates
================================================================
* Summary: 
+---------------------+---------+-------+---------+---------+------+
|         Name        | BRAM_18K|  DSP  |    FF   |   LUT   | URAM |
+---------------------+---------+-------+---------+---------+------+
|DSP                  |        -|      -|        -|        -|     -|
|Expression           |        -|      -|        0|       28|     -|
|FIFO                 |        -|      -|        -|        -|     -|
|Instance             |        -|      -|        -|        -|     -|
|Memory               |        -|      -|        -|        -|     -|
|Multiplexer          |        -|      -|        -|       63|     -|
|Register             |        -|      -|     1551|        -|     -|
+---------------------+---------+-------+---------+---------+------+
|Total                |        0|      0|     1551|       91|     0|
+---------------------+---------+-------+---------+---------+------+
|Available SLR        |     1344|   3072|   864000|   432000|   320|
+---------------------+---------+-------+---------+---------+------+
|Utilization SLR (%)  |        0|      0|       ~0|       ~0|     0|
+---------------------+---------+-------+---------+---------+------+
|Available            |     5376|  12288|  3456000|  1728000|  1280|
+---------------------+---------+-------+---------+---------+------+
|Utilization (%)      |        0|      0|       ~0|       ~0|     0|
+---------------------+---------+-------+---------+---------+------+

+ Detail: 
    * Instance: 
    N/A

    * DSP: 
    N/A

    * Memory: 
    N/A

    * FIFO: 
    N/A

    * Expression: 
    +----------------------------------+----------+----+---+----+------------+------------+
    |           Variable Name          | Operation| DSP| FF| LUT| Bitwidth P0| Bitwidth P1|
    +----------------------------------+----------+----+---+----+------------+------------+
    |add_ln92_fu_831_p2                |         +|   0|  0|  10|           3|           1|
    |ap_block_pp0_stage0_11001         |       and|   0|  0|   2|           1|           1|
    |icmp_ln92_fu_825_p2               |      icmp|   0|  0|   9|           3|           4|
    |ap_block_state2_pp0_stage0_iter1  |        or|   0|  0|   2|           1|           1|
    |or_ln107_fu_1547_p2               |        or|   0|  0|   3|           3|           1|
    |ap_enable_pp0                     |       xor|   0|  0|   2|           1|           2|
    +----------------------------------+----------+----+---+----+------------+------------+
    |Total                             |          |   0|  0|  28|          12|          10|
    +----------------------------------+----------+----+---+----+------------+------------+

    * Multiplexer: 
    +-------------------------+----+-----------+-----+-----------+
    |           Name          | LUT| Input Size| Bits| Total Bits|
    +-------------------------+----+-----------+-----+-----------+
    |ap_done_int              |   9|          2|    1|          2|
    |ap_enable_reg_pp0_iter2  |   9|          2|    1|          2|
    |ap_sig_allocacmp_p_1     |   9|          2|    3|          6|
    |gmem_k_blk_n_R           |   9|          2|    1|          2|
    |gmem_q_blk_n_R           |   9|          2|    1|          2|
    |gmem_v_blk_n_R           |   9|          2|    1|          2|
    |p_fu_168                 |   9|          2|    3|          6|
    +-------------------------+----+-----------+-----+-----------+
    |Total                    |  63|         14|   11|         22|
    +-------------------------+----+-----------+-----+-----------+

    * Register: 
    +----------------------------------+----+----+-----+-----------+
    |               Name               | FF | LUT| Bits| Const Bits|
    +----------------------------------+----+----+-----+-----------+
    |ap_CS_fsm                         |   1|   0|    1|          0|
    |ap_done_reg                       |   1|   0|    1|          0|
    |ap_enable_reg_pp0_iter1           |   1|   0|    1|          0|
    |ap_enable_reg_pp0_iter2           |   1|   0|    1|          0|
    |ap_loop_exit_ready_pp0_iter1_reg  |   1|   0|    1|          0|
    |conv_49_reg_1617                  |  32|   0|   32|          0|
    |conv_50_reg_1622                  |  32|   0|   32|          0|
    |conv_51_reg_1627                  |  32|   0|   32|          0|
    |conv_52_reg_1632                  |  32|   0|   32|          0|
    |conv_53_reg_1637                  |  32|   0|   32|          0|
    |conv_54_reg_1642                  |  32|   0|   32|          0|
    |conv_55_reg_1647                  |  32|   0|   32|          0|
    |conv_56_reg_1652                  |  32|   0|   32|          0|
    |conv_57_reg_1657                  |  32|   0|   32|          0|
    |conv_58_reg_1662                  |  32|   0|   32|          0|
    |conv_59_reg_1667                  |  32|   0|   32|          0|
    |conv_60_reg_1672                  |  32|   0|   32|          0|
    |conv_61_reg_1677                  |  32|   0|   32|          0|
    |conv_62_reg_1682                  |  32|   0|   32|          0|
    |conv_63_reg_1687                  |  32|   0|   32|          0|
    |conv_64_reg_1692                  |  32|   0|   32|          0|
    |conv_65_reg_1697                  |  32|   0|   32|          0|
    |conv_66_reg_1702                  |  32|   0|   32|          0|
    |conv_67_reg_1707                  |  32|   0|   32|          0|
    |conv_68_reg_1712                  |  32|   0|   32|          0|
    |conv_69_reg_1717                  |  32|   0|   32|          0|
    |conv_70_reg_1722                  |  32|   0|   32|          0|
    |conv_71_reg_1727                  |  32|   0|   32|          0|
    |conv_72_reg_1732                  |  32|   0|   32|          0|
    |conv_73_reg_1737                  |  32|   0|   32|          0|
    |conv_74_reg_1742                  |  32|   0|   32|          0|
    |conv_75_reg_1747                  |  32|   0|   32|          0|
    |conv_76_reg_1752                  |  32|   0|   32|          0|
    |conv_77_reg_1757                  |  32|   0|   32|          0|
    |conv_78_reg_1762                  |  32|   0|   32|          0|
    |conv_79_reg_1767                  |  32|   0|   32|          0|
    |conv_80_reg_1772                  |  32|   0|   32|          0|
    |conv_81_reg_1777                  |  32|   0|   32|          0|
    |conv_82_reg_1782                  |  32|   0|   32|          0|
    |conv_83_reg_1787                  |  32|   0|   32|          0|
    |conv_84_reg_1792                  |  32|   0|   32|          0|
    |conv_85_reg_1797                  |  32|   0|   32|          0|
    |conv_86_reg_1802                  |  32|   0|   32|          0|
    |conv_87_reg_1807                  |  32|   0|   32|          0|
    |conv_88_reg_1812                  |  32|   0|   32|          0|
    |conv_89_reg_1817                  |  32|   0|   32|          0|
    |conv_90_reg_1822                  |  32|   0|   32|          0|
    |conv_91_reg_1827                  |  32|   0|   32|          0|
    |conv_92_reg_1832                  |  32|   0|   32|          0|
    |conv_93_reg_1837                  |  32|   0|   32|          0|
    |conv_94_reg_1842                  |  32|   0|   32|          0|
    |conv_95_reg_1847                  |  32|   0|   32|          0|
    |conv_reg_1612                     |  32|   0|   32|          0|
    |icmp_ln92_reg_1608                |   1|   0|    1|          0|
    |p_1_reg_1603                      |   3|   0|    3|          0|
    |p_1_reg_1603_pp0_iter1_reg        |   3|   0|    3|          0|
    |p_fu_168                          |   3|   0|    3|          0|
    +----------------------------------+----+----+-----+-----------+
    |Total                             |1551|   0| 1551|          0|
    +----------------------------------+----+----+-----+-----------+



================================================================
== Interface
================================================================
* Summary: 
+-----------------------+-----+-----+------------+-----------------------------------------+--------------+
|       RTL Ports       | Dir | Bits|  Protocol  |              Source Object              |    C Type    |
+-----------------------+-----+-----+------------+-----------------------------------------+--------------+
|ap_clk                 |   in|    1|  ap_ctrl_hs|  load_qkv_bias64_Pipeline_LOAD_BIAS_PACK|  return value|
|ap_rst                 |   in|    1|  ap_ctrl_hs|  load_qkv_bias64_Pipeline_LOAD_BIAS_PACK|  return value|
|ap_start               |   in|    1|  ap_ctrl_hs|  load_qkv_bias64_Pipeline_LOAD_BIAS_PACK|  return value|
|ap_done                |  out|    1|  ap_ctrl_hs|  load_qkv_bias64_Pipeline_LOAD_BIAS_PACK|  return value|
|ap_idle                |  out|    1|  ap_ctrl_hs|  load_qkv_bias64_Pipeline_LOAD_BIAS_PACK|  return value|
|ap_ready               |  out|    1|  ap_ctrl_hs|  load_qkv_bias64_Pipeline_LOAD_BIAS_PACK|  return value|
|m_axi_gmem_q_AWVALID   |  out|    1|       m_axi|                                   gmem_q|       pointer|
|m_axi_gmem_q_AWREADY   |   in|    1|       m_axi|                                   gmem_q|       pointer|
|m_axi_gmem_q_AWADDR    |  out|   64|       m_axi|                                   gmem_q|       pointer|
|m_axi_gmem_q_AWID      |  out|    1|       m_axi|                                   gmem_q|       pointer|
|m_axi_gmem_q_AWLEN     |  out|   32|       m_axi|                                   gmem_q|       pointer|
|m_axi_gmem_q_AWSIZE    |  out|    3|       m_axi|                                   gmem_q|       pointer|
|m_axi_gmem_q_AWBURST   |  out|    2|       m_axi|                                   gmem_q|       pointer|
|m_axi_gmem_q_AWLOCK    |  out|    2|       m_axi|                                   gmem_q|       pointer|
|m_axi_gmem_q_AWCACHE   |  out|    4|       m_axi|                                   gmem_q|       pointer|
|m_axi_gmem_q_AWPROT    |  out|    3|       m_axi|                                   gmem_q|       pointer|
|m_axi_gmem_q_AWQOS     |  out|    4|       m_axi|                                   gmem_q|       pointer|
|m_axi_gmem_q_AWREGION  |  out|    4|       m_axi|                                   gmem_q|       pointer|
|m_axi_gmem_q_AWUSER    |  out|    1|       m_axi|                                   gmem_q|       pointer|
|m_axi_gmem_q_WVALID    |  out|    1|       m_axi|                                   gmem_q|       pointer|
|m_axi_gmem_q_WREADY    |   in|    1|       m_axi|                                   gmem_q|       pointer|
|m_axi_gmem_q_WDATA     |  out|  512|       m_axi|                                   gmem_q|       pointer|
|m_axi_gmem_q_WSTRB     |  out|   64|       m_axi|                                   gmem_q|       pointer|
|m_axi_gmem_q_WLAST     |  out|    1|       m_axi|                                   gmem_q|       pointer|
|m_axi_gmem_q_WID       |  out|    1|       m_axi|                                   gmem_q|       pointer|
|m_axi_gmem_q_WUSER     |  out|    1|       m_axi|                                   gmem_q|       pointer|
|m_axi_gmem_q_ARVALID   |  out|    1|       m_axi|                                   gmem_q|       pointer|
|m_axi_gmem_q_ARREADY   |   in|    1|       m_axi|                                   gmem_q|       pointer|
|m_axi_gmem_q_ARADDR    |  out|   64|       m_axi|                                   gmem_q|       pointer|
|m_axi_gmem_q_ARID      |  out|    1|       m_axi|                                   gmem_q|       pointer|
|m_axi_gmem_q_ARLEN     |  out|   32|       m_axi|                                   gmem_q|       pointer|
|m_axi_gmem_q_ARSIZE    |  out|    3|       m_axi|                                   gmem_q|       pointer|
|m_axi_gmem_q_ARBURST   |  out|    2|       m_axi|                                   gmem_q|       pointer|
|m_axi_gmem_q_ARLOCK    |  out|    2|       m_axi|                                   gmem_q|       pointer|
|m_axi_gmem_q_ARCACHE   |  out|    4|       m_axi|                                   gmem_q|       pointer|
|m_axi_gmem_q_ARPROT    |  out|    3|       m_axi|                                   gmem_q|       pointer|
|m_axi_gmem_q_ARQOS     |  out|    4|       m_axi|                                   gmem_q|       pointer|
|m_axi_gmem_q_ARREGION  |  out|    4|       m_axi|                                   gmem_q|       pointer|
|m_axi_gmem_q_ARUSER    |  out|    1|       m_axi|                                   gmem_q|       pointer|
|m_axi_gmem_q_RVALID    |   in|    1|       m_axi|                                   gmem_q|       pointer|
|m_axi_gmem_q_RREADY    |  out|    1|       m_axi|                                   gmem_q|       pointer|
|m_axi_gmem_q_RDATA     |   in|  512|       m_axi|                                   gmem_q|       pointer|
|m_axi_gmem_q_RLAST     |   in|    1|       m_axi|                                   gmem_q|       pointer|
|m_axi_gmem_q_RID       |   in|    1|       m_axi|                                   gmem_q|       pointer|
|m_axi_gmem_q_RFIFONUM  |   in|    9|       m_axi|                                   gmem_q|       pointer|
|m_axi_gmem_q_RUSER     |   in|    1|       m_axi|                                   gmem_q|       pointer|
|m_axi_gmem_q_RRESP     |   in|    2|       m_axi|                                   gmem_q|       pointer|
|m_axi_gmem_q_BVALID    |   in|    1|       m_axi|                                   gmem_q|       pointer|
|m_axi_gmem_q_BREADY    |  out|    1|       m_axi|                                   gmem_q|       pointer|
|m_axi_gmem_q_BRESP     |   in|    2|       m_axi|                                   gmem_q|       pointer|
|m_axi_gmem_q_BID       |   in|    1|       m_axi|                                   gmem_q|       pointer|
|m_axi_gmem_q_BUSER     |   in|    1|       m_axi|                                   gmem_q|       pointer|
|m_axi_gmem_k_AWVALID   |  out|    1|       m_axi|                                   gmem_k|       pointer|
|m_axi_gmem_k_AWREADY   |   in|    1|       m_axi|                                   gmem_k|       pointer|
|m_axi_gmem_k_AWADDR    |  out|   64|       m_axi|                                   gmem_k|       pointer|
|m_axi_gmem_k_AWID      |  out|    1|       m_axi|                                   gmem_k|       pointer|
|m_axi_gmem_k_AWLEN     |  out|   32|       m_axi|                                   gmem_k|       pointer|
|m_axi_gmem_k_AWSIZE    |  out|    3|       m_axi|                                   gmem_k|       pointer|
|m_axi_gmem_k_AWBURST   |  out|    2|       m_axi|                                   gmem_k|       pointer|
|m_axi_gmem_k_AWLOCK    |  out|    2|       m_axi|                                   gmem_k|       pointer|
|m_axi_gmem_k_AWCACHE   |  out|    4|       m_axi|                                   gmem_k|       pointer|
|m_axi_gmem_k_AWPROT    |  out|    3|       m_axi|                                   gmem_k|       pointer|
|m_axi_gmem_k_AWQOS     |  out|    4|       m_axi|                                   gmem_k|       pointer|
|m_axi_gmem_k_AWREGION  |  out|    4|       m_axi|                                   gmem_k|       pointer|
|m_axi_gmem_k_AWUSER    |  out|    1|       m_axi|                                   gmem_k|       pointer|
|m_axi_gmem_k_WVALID    |  out|    1|       m_axi|                                   gmem_k|       pointer|
|m_axi_gmem_k_WREADY    |   in|    1|       m_axi|                                   gmem_k|       pointer|
|m_axi_gmem_k_WDATA     |  out|  512|       m_axi|                                   gmem_k|       pointer|
|m_axi_gmem_k_WSTRB     |  out|   64|       m_axi|                                   gmem_k|       pointer|
|m_axi_gmem_k_WLAST     |  out|    1|       m_axi|                                   gmem_k|       pointer|
|m_axi_gmem_k_WID       |  out|    1|       m_axi|                                   gmem_k|       pointer|
|m_axi_gmem_k_WUSER     |  out|    1|       m_axi|                                   gmem_k|       pointer|
|m_axi_gmem_k_ARVALID   |  out|    1|       m_axi|                                   gmem_k|       pointer|
|m_axi_gmem_k_ARREADY   |   in|    1|       m_axi|                                   gmem_k|       pointer|
|m_axi_gmem_k_ARADDR    |  out|   64|       m_axi|                                   gmem_k|       pointer|
|m_axi_gmem_k_ARID      |  out|    1|       m_axi|                                   gmem_k|       pointer|
|m_axi_gmem_k_ARLEN     |  out|   32|       m_axi|                                   gmem_k|       pointer|
|m_axi_gmem_k_ARSIZE    |  out|    3|       m_axi|                                   gmem_k|       pointer|
|m_axi_gmem_k_ARBURST   |  out|    2|       m_axi|                                   gmem_k|       pointer|
|m_axi_gmem_k_ARLOCK    |  out|    2|       m_axi|                                   gmem_k|       pointer|
|m_axi_gmem_k_ARCACHE   |  out|    4|       m_axi|                                   gmem_k|       pointer|
|m_axi_gmem_k_ARPROT    |  out|    3|       m_axi|                                   gmem_k|       pointer|
|m_axi_gmem_k_ARQOS     |  out|    4|       m_axi|                                   gmem_k|       pointer|
|m_axi_gmem_k_ARREGION  |  out|    4|       m_axi|                                   gmem_k|       pointer|
|m_axi_gmem_k_ARUSER    |  out|    1|       m_axi|                                   gmem_k|       pointer|
|m_axi_gmem_k_RVALID    |   in|    1|       m_axi|                                   gmem_k|       pointer|
|m_axi_gmem_k_RREADY    |  out|    1|       m_axi|                                   gmem_k|       pointer|
|m_axi_gmem_k_RDATA     |   in|  512|       m_axi|                                   gmem_k|       pointer|
|m_axi_gmem_k_RLAST     |   in|    1|       m_axi|                                   gmem_k|       pointer|
|m_axi_gmem_k_RID       |   in|    1|       m_axi|                                   gmem_k|       pointer|
|m_axi_gmem_k_RFIFONUM  |   in|    9|       m_axi|                                   gmem_k|       pointer|
|m_axi_gmem_k_RUSER     |   in|    1|       m_axi|                                   gmem_k|       pointer|
|m_axi_gmem_k_RRESP     |   in|    2|       m_axi|                                   gmem_k|       pointer|
|m_axi_gmem_k_BVALID    |   in|    1|       m_axi|                                   gmem_k|       pointer|
|m_axi_gmem_k_BREADY    |  out|    1|       m_axi|                                   gmem_k|       pointer|
|m_axi_gmem_k_BRESP     |   in|    2|       m_axi|                                   gmem_k|       pointer|
|m_axi_gmem_k_BID       |   in|    1|       m_axi|                                   gmem_k|       pointer|
|m_axi_gmem_k_BUSER     |   in|    1|       m_axi|                                   gmem_k|       pointer|
|m_axi_gmem_v_AWVALID   |  out|    1|       m_axi|                                   gmem_v|       pointer|
|m_axi_gmem_v_AWREADY   |   in|    1|       m_axi|                                   gmem_v|       pointer|
|m_axi_gmem_v_AWADDR    |  out|   64|       m_axi|                                   gmem_v|       pointer|
|m_axi_gmem_v_AWID      |  out|    1|       m_axi|                                   gmem_v|       pointer|
|m_axi_gmem_v_AWLEN     |  out|   32|       m_axi|                                   gmem_v|       pointer|
|m_axi_gmem_v_AWSIZE    |  out|    3|       m_axi|                                   gmem_v|       pointer|
|m_axi_gmem_v_AWBURST   |  out|    2|       m_axi|                                   gmem_v|       pointer|
|m_axi_gmem_v_AWLOCK    |  out|    2|       m_axi|                                   gmem_v|       pointer|
|m_axi_gmem_v_AWCACHE   |  out|    4|       m_axi|                                   gmem_v|       pointer|
|m_axi_gmem_v_AWPROT    |  out|    3|       m_axi|                                   gmem_v|       pointer|
|m_axi_gmem_v_AWQOS     |  out|    4|       m_axi|                                   gmem_v|       pointer|
|m_axi_gmem_v_AWREGION  |  out|    4|       m_axi|                                   gmem_v|       pointer|
|m_axi_gmem_v_AWUSER    |  out|    1|       m_axi|                                   gmem_v|       pointer|
|m_axi_gmem_v_WVALID    |  out|    1|       m_axi|                                   gmem_v|       pointer|
|m_axi_gmem_v_WREADY    |   in|    1|       m_axi|                                   gmem_v|       pointer|
|m_axi_gmem_v_WDATA     |  out|  512|       m_axi|                                   gmem_v|       pointer|
|m_axi_gmem_v_WSTRB     |  out|   64|       m_axi|                                   gmem_v|       pointer|
|m_axi_gmem_v_WLAST     |  out|    1|       m_axi|                                   gmem_v|       pointer|
|m_axi_gmem_v_WID       |  out|    1|       m_axi|                                   gmem_v|       pointer|
|m_axi_gmem_v_WUSER     |  out|    1|       m_axi|                                   gmem_v|       pointer|
|m_axi_gmem_v_ARVALID   |  out|    1|       m_axi|                                   gmem_v|       pointer|
|m_axi_gmem_v_ARREADY   |   in|    1|       m_axi|                                   gmem_v|       pointer|
|m_axi_gmem_v_ARADDR    |  out|   64|       m_axi|                                   gmem_v|       pointer|
|m_axi_gmem_v_ARID      |  out|    1|       m_axi|                                   gmem_v|       pointer|
|m_axi_gmem_v_ARLEN     |  out|   32|       m_axi|                                   gmem_v|       pointer|
|m_axi_gmem_v_ARSIZE    |  out|    3|       m_axi|                                   gmem_v|       pointer|
|m_axi_gmem_v_ARBURST   |  out|    2|       m_axi|                                   gmem_v|       pointer|
|m_axi_gmem_v_ARLOCK    |  out|    2|       m_axi|                                   gmem_v|       pointer|
|m_axi_gmem_v_ARCACHE   |  out|    4|       m_axi|                                   gmem_v|       pointer|
|m_axi_gmem_v_ARPROT    |  out|    3|       m_axi|                                   gmem_v|       pointer|
|m_axi_gmem_v_ARQOS     |  out|    4|       m_axi|                                   gmem_v|       pointer|
|m_axi_gmem_v_ARREGION  |  out|    4|       m_axi|                                   gmem_v|       pointer|
|m_axi_gmem_v_ARUSER    |  out|    1|       m_axi|                                   gmem_v|       pointer|
|m_axi_gmem_v_RVALID    |   in|    1|       m_axi|                                   gmem_v|       pointer|
|m_axi_gmem_v_RREADY    |  out|    1|       m_axi|                                   gmem_v|       pointer|
|m_axi_gmem_v_RDATA     |   in|  512|       m_axi|                                   gmem_v|       pointer|
|m_axi_gmem_v_RLAST     |   in|    1|       m_axi|                                   gmem_v|       pointer|
|m_axi_gmem_v_RID       |   in|    1|       m_axi|                                   gmem_v|       pointer|
|m_axi_gmem_v_RFIFONUM  |   in|    9|       m_axi|                                   gmem_v|       pointer|
|m_axi_gmem_v_RUSER     |   in|    1|       m_axi|                                   gmem_v|       pointer|
|m_axi_gmem_v_RRESP     |   in|    2|       m_axi|                                   gmem_v|       pointer|
|m_axi_gmem_v_BVALID    |   in|    1|       m_axi|                                   gmem_v|       pointer|
|m_axi_gmem_v_BREADY    |  out|    1|       m_axi|                                   gmem_v|       pointer|
|m_axi_gmem_v_BRESP     |   in|    2|       m_axi|                                   gmem_v|       pointer|
|m_axi_gmem_v_BID       |   in|    1|       m_axi|                                   gmem_v|       pointer|
|m_axi_gmem_v_BUSER     |   in|    1|       m_axi|                                   gmem_v|       pointer|
|sext_ln92_2            |   in|   58|     ap_none|                              sext_ln92_2|        scalar|
|sext_ln92_1            |   in|   58|     ap_none|                              sext_ln92_1|        scalar|
|sext_ln92              |   in|   58|     ap_none|                                sext_ln92|        scalar|
|vb_7_address0          |  out|    3|   ap_memory|                                     vb_7|         array|
|vb_7_ce0               |  out|    1|   ap_memory|                                     vb_7|         array|
|vb_7_we0               |  out|    1|   ap_memory|                                     vb_7|         array|
|vb_7_d0                |  out|   32|   ap_memory|                                     vb_7|         array|
|vb_7_address1          |  out|    3|   ap_memory|                                     vb_7|         array|
|vb_7_ce1               |  out|    1|   ap_memory|                                     vb_7|         array|
|vb_7_we1               |  out|    1|   ap_memory|                                     vb_7|         array|
|vb_7_d1                |  out|   32|   ap_memory|                                     vb_7|         array|
|kb_7_address0          |  out|    3|   ap_memory|                                     kb_7|         array|
|kb_7_ce0               |  out|    1|   ap_memory|                                     kb_7|         array|
|kb_7_we0               |  out|    1|   ap_memory|                                     kb_7|         array|
|kb_7_d0                |  out|   32|   ap_memory|                                     kb_7|         array|
|kb_7_address1          |  out|    3|   ap_memory|                                     kb_7|         array|
|kb_7_ce1               |  out|    1|   ap_memory|                                     kb_7|         array|
|kb_7_we1               |  out|    1|   ap_memory|                                     kb_7|         array|
|kb_7_d1                |  out|   32|   ap_memory|                                     kb_7|         array|
|qb_7_address0          |  out|    3|   ap_memory|                                     qb_7|         array|
|qb_7_ce0               |  out|    1|   ap_memory|                                     qb_7|         array|
|qb_7_we0               |  out|    1|   ap_memory|                                     qb_7|         array|
|qb_7_d0                |  out|   32|   ap_memory|                                     qb_7|         array|
|qb_7_address1          |  out|    3|   ap_memory|                                     qb_7|         array|
|qb_7_ce1               |  out|    1|   ap_memory|                                     qb_7|         array|
|qb_7_we1               |  out|    1|   ap_memory|                                     qb_7|         array|
|qb_7_d1                |  out|   32|   ap_memory|                                     qb_7|         array|
|vb_6_address0          |  out|    3|   ap_memory|                                     vb_6|         array|
|vb_6_ce0               |  out|    1|   ap_memory|                                     vb_6|         array|
|vb_6_we0               |  out|    1|   ap_memory|                                     vb_6|         array|
|vb_6_d0                |  out|   32|   ap_memory|                                     vb_6|         array|
|vb_6_address1          |  out|    3|   ap_memory|                                     vb_6|         array|
|vb_6_ce1               |  out|    1|   ap_memory|                                     vb_6|         array|
|vb_6_we1               |  out|    1|   ap_memory|                                     vb_6|         array|
|vb_6_d1                |  out|   32|   ap_memory|                                     vb_6|         array|
|kb_6_address0          |  out|    3|   ap_memory|                                     kb_6|         array|
|kb_6_ce0               |  out|    1|   ap_memory|                                     kb_6|         array|
|kb_6_we0               |  out|    1|   ap_memory|                                     kb_6|         array|
|kb_6_d0                |  out|   32|   ap_memory|                                     kb_6|         array|
|kb_6_address1          |  out|    3|   ap_memory|                                     kb_6|         array|
|kb_6_ce1               |  out|    1|   ap_memory|                                     kb_6|         array|
|kb_6_we1               |  out|    1|   ap_memory|                                     kb_6|         array|
|kb_6_d1                |  out|   32|   ap_memory|                                     kb_6|         array|
|qb_6_address0          |  out|    3|   ap_memory|                                     qb_6|         array|
|qb_6_ce0               |  out|    1|   ap_memory|                                     qb_6|         array|
|qb_6_we0               |  out|    1|   ap_memory|                                     qb_6|         array|
|qb_6_d0                |  out|   32|   ap_memory|                                     qb_6|         array|
|qb_6_address1          |  out|    3|   ap_memory|                                     qb_6|         array|
|qb_6_ce1               |  out|    1|   ap_memory|                                     qb_6|         array|
|qb_6_we1               |  out|    1|   ap_memory|                                     qb_6|         array|
|qb_6_d1                |  out|   32|   ap_memory|                                     qb_6|         array|
|vb_5_address0          |  out|    3|   ap_memory|                                     vb_5|         array|
|vb_5_ce0               |  out|    1|   ap_memory|                                     vb_5|         array|
|vb_5_we0               |  out|    1|   ap_memory|                                     vb_5|         array|
|vb_5_d0                |  out|   32|   ap_memory|                                     vb_5|         array|
|vb_5_address1          |  out|    3|   ap_memory|                                     vb_5|         array|
|vb_5_ce1               |  out|    1|   ap_memory|                                     vb_5|         array|
|vb_5_we1               |  out|    1|   ap_memory|                                     vb_5|         array|
|vb_5_d1                |  out|   32|   ap_memory|                                     vb_5|         array|
|kb_5_address0          |  out|    3|   ap_memory|                                     kb_5|         array|
|kb_5_ce0               |  out|    1|   ap_memory|                                     kb_5|         array|
|kb_5_we0               |  out|    1|   ap_memory|                                     kb_5|         array|
|kb_5_d0                |  out|   32|   ap_memory|                                     kb_5|         array|
|kb_5_address1          |  out|    3|   ap_memory|                                     kb_5|         array|
|kb_5_ce1               |  out|    1|   ap_memory|                                     kb_5|         array|
|kb_5_we1               |  out|    1|   ap_memory|                                     kb_5|         array|
|kb_5_d1                |  out|   32|   ap_memory|                                     kb_5|         array|
|qb_5_address0          |  out|    3|   ap_memory|                                     qb_5|         array|
|qb_5_ce0               |  out|    1|   ap_memory|                                     qb_5|         array|
|qb_5_we0               |  out|    1|   ap_memory|                                     qb_5|         array|
|qb_5_d0                |  out|   32|   ap_memory|                                     qb_5|         array|
|qb_5_address1          |  out|    3|   ap_memory|                                     qb_5|         array|
|qb_5_ce1               |  out|    1|   ap_memory|                                     qb_5|         array|
|qb_5_we1               |  out|    1|   ap_memory|                                     qb_5|         array|
|qb_5_d1                |  out|   32|   ap_memory|                                     qb_5|         array|
|vb_4_address0          |  out|    3|   ap_memory|                                     vb_4|         array|
|vb_4_ce0               |  out|    1|   ap_memory|                                     vb_4|         array|
|vb_4_we0               |  out|    1|   ap_memory|                                     vb_4|         array|
|vb_4_d0                |  out|   32|   ap_memory|                                     vb_4|         array|
|vb_4_address1          |  out|    3|   ap_memory|                                     vb_4|         array|
|vb_4_ce1               |  out|    1|   ap_memory|                                     vb_4|         array|
|vb_4_we1               |  out|    1|   ap_memory|                                     vb_4|         array|
|vb_4_d1                |  out|   32|   ap_memory|                                     vb_4|         array|
|kb_4_address0          |  out|    3|   ap_memory|                                     kb_4|         array|
|kb_4_ce0               |  out|    1|   ap_memory|                                     kb_4|         array|
|kb_4_we0               |  out|    1|   ap_memory|                                     kb_4|         array|
|kb_4_d0                |  out|   32|   ap_memory|                                     kb_4|         array|
|kb_4_address1          |  out|    3|   ap_memory|                                     kb_4|         array|
|kb_4_ce1               |  out|    1|   ap_memory|                                     kb_4|         array|
|kb_4_we1               |  out|    1|   ap_memory|                                     kb_4|         array|
|kb_4_d1                |  out|   32|   ap_memory|                                     kb_4|         array|
|qb_4_address0          |  out|    3|   ap_memory|                                     qb_4|         array|
|qb_4_ce0               |  out|    1|   ap_memory|                                     qb_4|         array|
|qb_4_we0               |  out|    1|   ap_memory|                                     qb_4|         array|
|qb_4_d0                |  out|   32|   ap_memory|                                     qb_4|         array|
|qb_4_address1          |  out|    3|   ap_memory|                                     qb_4|         array|
|qb_4_ce1               |  out|    1|   ap_memory|                                     qb_4|         array|
|qb_4_we1               |  out|    1|   ap_memory|                                     qb_4|         array|
|qb_4_d1                |  out|   32|   ap_memory|                                     qb_4|         array|
|vb_3_address0          |  out|    3|   ap_memory|                                     vb_3|         array|
|vb_3_ce0               |  out|    1|   ap_memory|                                     vb_3|         array|
|vb_3_we0               |  out|    1|   ap_memory|                                     vb_3|         array|
|vb_3_d0                |  out|   32|   ap_memory|                                     vb_3|         array|
|vb_3_address1          |  out|    3|   ap_memory|                                     vb_3|         array|
|vb_3_ce1               |  out|    1|   ap_memory|                                     vb_3|         array|
|vb_3_we1               |  out|    1|   ap_memory|                                     vb_3|         array|
|vb_3_d1                |  out|   32|   ap_memory|                                     vb_3|         array|
|kb_3_address0          |  out|    3|   ap_memory|                                     kb_3|         array|
|kb_3_ce0               |  out|    1|   ap_memory|                                     kb_3|         array|
|kb_3_we0               |  out|    1|   ap_memory|                                     kb_3|         array|
|kb_3_d0                |  out|   32|   ap_memory|                                     kb_3|         array|
|kb_3_address1          |  out|    3|   ap_memory|                                     kb_3|         array|
|kb_3_ce1               |  out|    1|   ap_memory|                                     kb_3|         array|
|kb_3_we1               |  out|    1|   ap_memory|                                     kb_3|         array|
|kb_3_d1                |  out|   32|   ap_memory|                                     kb_3|         array|
|qb_3_address0          |  out|    3|   ap_memory|                                     qb_3|         array|
|qb_3_ce0               |  out|    1|   ap_memory|                                     qb_3|         array|
|qb_3_we0               |  out|    1|   ap_memory|                                     qb_3|         array|
|qb_3_d0                |  out|   32|   ap_memory|                                     qb_3|         array|
|qb_3_address1          |  out|    3|   ap_memory|                                     qb_3|         array|
|qb_3_ce1               |  out|    1|   ap_memory|                                     qb_3|         array|
|qb_3_we1               |  out|    1|   ap_memory|                                     qb_3|         array|
|qb_3_d1                |  out|   32|   ap_memory|                                     qb_3|         array|
|vb_2_address0          |  out|    3|   ap_memory|                                     vb_2|         array|
|vb_2_ce0               |  out|    1|   ap_memory|                                     vb_2|         array|
|vb_2_we0               |  out|    1|   ap_memory|                                     vb_2|         array|
|vb_2_d0                |  out|   32|   ap_memory|                                     vb_2|         array|
|vb_2_address1          |  out|    3|   ap_memory|                                     vb_2|         array|
|vb_2_ce1               |  out|    1|   ap_memory|                                     vb_2|         array|
|vb_2_we1               |  out|    1|   ap_memory|                                     vb_2|         array|
|vb_2_d1                |  out|   32|   ap_memory|                                     vb_2|         array|
|kb_2_address0          |  out|    3|   ap_memory|                                     kb_2|         array|
|kb_2_ce0               |  out|    1|   ap_memory|                                     kb_2|         array|
|kb_2_we0               |  out|    1|   ap_memory|                                     kb_2|         array|
|kb_2_d0                |  out|   32|   ap_memory|                                     kb_2|         array|
|kb_2_address1          |  out|    3|   ap_memory|                                     kb_2|         array|
|kb_2_ce1               |  out|    1|   ap_memory|                                     kb_2|         array|
|kb_2_we1               |  out|    1|   ap_memory|                                     kb_2|         array|
|kb_2_d1                |  out|   32|   ap_memory|                                     kb_2|         array|
|qb_2_address0          |  out|    3|   ap_memory|                                     qb_2|         array|
|qb_2_ce0               |  out|    1|   ap_memory|                                     qb_2|         array|
|qb_2_we0               |  out|    1|   ap_memory|                                     qb_2|         array|
|qb_2_d0                |  out|   32|   ap_memory|                                     qb_2|         array|
|qb_2_address1          |  out|    3|   ap_memory|                                     qb_2|         array|
|qb_2_ce1               |  out|    1|   ap_memory|                                     qb_2|         array|
|qb_2_we1               |  out|    1|   ap_memory|                                     qb_2|         array|
|qb_2_d1                |  out|   32|   ap_memory|                                     qb_2|         array|
|vb_1_address0          |  out|    3|   ap_memory|                                     vb_1|         array|
|vb_1_ce0               |  out|    1|   ap_memory|                                     vb_1|         array|
|vb_1_we0               |  out|    1|   ap_memory|                                     vb_1|         array|
|vb_1_d0                |  out|   32|   ap_memory|                                     vb_1|         array|
|vb_1_address1          |  out|    3|   ap_memory|                                     vb_1|         array|
|vb_1_ce1               |  out|    1|   ap_memory|                                     vb_1|         array|
|vb_1_we1               |  out|    1|   ap_memory|                                     vb_1|         array|
|vb_1_d1                |  out|   32|   ap_memory|                                     vb_1|         array|
|kb_1_address0          |  out|    3|   ap_memory|                                     kb_1|         array|
|kb_1_ce0               |  out|    1|   ap_memory|                                     kb_1|         array|
|kb_1_we0               |  out|    1|   ap_memory|                                     kb_1|         array|
|kb_1_d0                |  out|   32|   ap_memory|                                     kb_1|         array|
|kb_1_address1          |  out|    3|   ap_memory|                                     kb_1|         array|
|kb_1_ce1               |  out|    1|   ap_memory|                                     kb_1|         array|
|kb_1_we1               |  out|    1|   ap_memory|                                     kb_1|         array|
|kb_1_d1                |  out|   32|   ap_memory|                                     kb_1|         array|
|qb_1_address0          |  out|    3|   ap_memory|                                     qb_1|         array|
|qb_1_ce0               |  out|    1|   ap_memory|                                     qb_1|         array|
|qb_1_we0               |  out|    1|   ap_memory|                                     qb_1|         array|
|qb_1_d0                |  out|   32|   ap_memory|                                     qb_1|         array|
|qb_1_address1          |  out|    3|   ap_memory|                                     qb_1|         array|
|qb_1_ce1               |  out|    1|   ap_memory|                                     qb_1|         array|
|qb_1_we1               |  out|    1|   ap_memory|                                     qb_1|         array|
|qb_1_d1                |  out|   32|   ap_memory|                                     qb_1|         array|
|vb_0_address0          |  out|    3|   ap_memory|                                     vb_0|         array|
|vb_0_ce0               |  out|    1|   ap_memory|                                     vb_0|         array|
|vb_0_we0               |  out|    1|   ap_memory|                                     vb_0|         array|
|vb_0_d0                |  out|   32|   ap_memory|                                     vb_0|         array|
|vb_0_address1          |  out|    3|   ap_memory|                                     vb_0|         array|
|vb_0_ce1               |  out|    1|   ap_memory|                                     vb_0|         array|
|vb_0_we1               |  out|    1|   ap_memory|                                     vb_0|         array|
|vb_0_d1                |  out|   32|   ap_memory|                                     vb_0|         array|
|kb_0_address0          |  out|    3|   ap_memory|                                     kb_0|         array|
|kb_0_ce0               |  out|    1|   ap_memory|                                     kb_0|         array|
|kb_0_we0               |  out|    1|   ap_memory|                                     kb_0|         array|
|kb_0_d0                |  out|   32|   ap_memory|                                     kb_0|         array|
|kb_0_address1          |  out|    3|   ap_memory|                                     kb_0|         array|
|kb_0_ce1               |  out|    1|   ap_memory|                                     kb_0|         array|
|kb_0_we1               |  out|    1|   ap_memory|                                     kb_0|         array|
|kb_0_d1                |  out|   32|   ap_memory|                                     kb_0|         array|
|qb_0_address0          |  out|    3|   ap_memory|                                     qb_0|         array|
|qb_0_ce0               |  out|    1|   ap_memory|                                     qb_0|         array|
|qb_0_we0               |  out|    1|   ap_memory|                                     qb_0|         array|
|qb_0_d0                |  out|   32|   ap_memory|                                     qb_0|         array|
|qb_0_address1          |  out|    3|   ap_memory|                                     qb_0|         array|
|qb_0_ce1               |  out|    1|   ap_memory|                                     qb_0|         array|
|qb_0_we1               |  out|    1|   ap_memory|                                     qb_0|         array|
|qb_0_d1                |  out|   32|   ap_memory|                                     qb_0|         array|
+-----------------------+-----+-----+------------+-----------------------------------------+--------------+

