Copyright 1986-2021 Xilinx, Inc. All Rights Reserved.
--------------------------------------------------------------------------------------------------------------------------------------------------------------------------------------------------------------------------------------------------------------------------------------------------------------------------------------------------------------------------------------------
| Tool Version : Vivado v.2021.2 (lin64) Build 3367213 Tue Oct 19 02:47:39 MDT 2021
| Date         : Wed Jul  8 17:41:42 2026
| Host         : minhphat running 64-bit Ubuntu 20.04.6 LTS
| Command      : report_accelerator_utilization -kernels { bert_ffn_down_v15_tilemajor_uram_bindop_kernel:level0_i/level1/level1_i/ulp/down1/inst:down1 bert_ffn_input_v15_feeder_kernel:level0_i/level1/level1_i/ulp/in1/inst:in1 bert_ffn_up_gelu_v15_tilemajor_uram_bindop_kernel:level0_i/level1/level1_i/ulp/up1/inst:up1} -file kernel_util_routed.rpt -name kernel_util_routed -json
| Design       : level0_wrapper
| Device       : xcu250
| Design State : Routed
--------------------------------------------------------------------------------------------------------------------------------------------------------------------------------------------------------------------------------------------------------------------------------------------------------------------------------------------------------------------------------------------

Accelerator Utilization Design Information

Table of Contents
-----------------
1. System Utilization

1. System Utilization
---------------------

+---------------------------------------------------+-------------------+------------------+-------------------+----------------+----------------+-----------------+
| Name                                              | LUT               | LUTAsMem         | REG               | BRAM           | URAM           | DSP             |
+---------------------------------------------------+-------------------+------------------+-------------------+----------------+----------------+-----------------+
| Platform                                          |  162203 [  9.40%] |  21933 [  2.78%] |  246069 [  7.12%] |  317 [ 11.79%] |    0 [  0.00%] |    13 [  0.11%] |
| User Budget                                       | 1564013 [100.00%] | 768267 [100.00%] | 3209931 [100.00%] | 2371 [100.00%] | 1280 [100.00%] | 12275 [100.00%] |
|    Used Resources                                 |  152476 [  9.75%] |   1972 [  0.26%] |  302426 [  9.42%] |  173 [  7.30%] |   64 [  5.00%] |  2560 [ 20.86%] |
|    Unused Resources                               | 1411537 [ 90.25%] | 766295 [ 99.74%] | 2907505 [ 90.58%] | 2198 [ 92.70%] | 1216 [ 95.00%] |  9715 [ 79.14%] |
| bert_ffn_down_v15_tilemajor_uram_bindop_kernel    |   79150 [  5.06%] |    756 [  0.10%] |  163887 [  5.11%] |   23 [  0.97%] |   32 [  2.50%] |  1280 [ 10.43%] |
|    down1                                          |   79150 [  5.06%] |    756 [  0.10%] |  163887 [  5.11%] |   23 [  0.97%] |   32 [  2.50%] |  1280 [ 10.43%] |
| bert_ffn_input_v15_feeder_kernel                  |    1716 [  0.11%] |    180 [  0.02%] |    4432 [  0.14%] |    7 [  0.30%] |    0 [  0.00%] |     0 [  0.00%] |
|    in1                                            |    1716 [  0.11%] |    180 [  0.02%] |    4432 [  0.14%] |    7 [  0.30%] |    0 [  0.00%] |     0 [  0.00%] |
| bert_ffn_up_gelu_v15_tilemajor_uram_bindop_kernel |   71610 [  4.58%] |   1036 [  0.13%] |  134107 [  4.18%] |  143 [  6.03%] |   32 [  2.50%] |  1280 [ 10.43%] |
|    up1                                            |   71610 [  4.58%] |   1036 [  0.13%] |  134107 [  4.18%] |  143 [  6.03%] |   32 [  2.50%] |  1280 [ 10.43%] |
+---------------------------------------------------+-------------------+------------------+-------------------+----------------+----------------+-----------------+


