

================================================================
== Vitis HLS Report for 'initialize_projection'
================================================================
* Date:           Wed Jul 15 12:16:14 2026

* Version:        2022.1 (Build 3526262 on Mon Apr 18 15:47:01 MDT 2022)
* Project:        proj_bert_attn_out_norm_12layer_kernel
* Solution:       solution1 (Vivado IP Flow Target)
* Product family: virtexuplus
* Target device:  xcu250-figd2104-2L-e


================================================================
== Performance Estimates
================================================================
+ Timing: 
    * Summary: 
    +--------+---------+----------+------------+
    |  Clock |  Target | Estimated| Uncertainty|
    +--------+---------+----------+------------+
    |ap_clk  |  3.33 ns|  2.433 ns|     0.90 ns|
    +--------+---------+----------+------------+

+ Latency: 
    * Summary: 
    +---------+---------+-----------+-----------+-------+-------+---------+
    |  Latency (cycles) |   Latency (absolute)  |    Interval   | Pipeline|
    |   min   |   max   |    min    |    max    |  min  |  max  |   Type  |
    +---------+---------+-----------+-----------+-------+-------+---------+
    |    12793|    12793|  42.639 us|  42.639 us|  12793|  12793|       no|
    +---------+---------+-----------+-----------+-------+-------+---------+

    + Detail: 
        * Instance: 
        +-----------------------------------------------------------------------------------+------------------------------------------------------------------------+---------+---------+-----------+-----------+-----+-----+---------+
        |                                                                                   |                                                                        |  Latency (cycles) |   Latency (absolute)  |  Interval | Pipeline|
        |                                      Instance                                     |                                 Module                                 |   min   |   max   |    min    |    max    | min | max |   Type  |
        +-----------------------------------------------------------------------------------+------------------------------------------------------------------------+---------+---------+-----------+-----------+-----+-----+---------+
        |grp_load_output_bias32_fu_98                                                       |load_output_bias32                                                      |       14|       14|  46.662 ns|  46.662 ns|   14|   14|       no|
        |grp_initialize_projection_Pipeline_INIT_PROJECTION_ROW_INIT_PROJECTION_OUT_fu_114  |initialize_projection_Pipeline_INIT_PROJECTION_ROW_INIT_PROJECTION_OUT  |      515|      515|   1.716 us|   1.716 us|  515|  515|       no|
        +-----------------------------------------------------------------------------------+------------------------------------------------------------------------+---------+---------+-----------+-----------+-----+-----+---------+

        * Loop: 
        +------------------------+---------+---------+----------+-----------+-----------+------+----------+
        |                        |  Latency (cycles) | Iteration|  Initiation Interval  | Trip |          |
        |        Loop Name       |   min   |   max   |  Latency |  achieved |   target  | Count| Pipelined|
        +------------------------+---------+---------+----------+-----------+-----------+------+----------+
        |- INIT_PROJECTION_TILE  |    12792|    12792|       533|          -|          -|    24|        no|
        +------------------------+---------+---------+----------+-----------+-----------+------+----------+



================================================================
== Utilization Estimates
================================================================
* Summary: 
+---------------------+---------+-------+---------+---------+------+
|         Name        | BRAM_18K|  DSP  |    FF   |   LUT   | URAM |
+---------------------+---------+-------+---------+---------+------+
|DSP                  |        -|      -|        -|        -|     -|
|Expression           |        -|      -|        0|       21|     -|
|FIFO                 |        -|      -|        -|        -|     -|
|Instance             |        -|      -|      895|      508|     -|
|Memory               |        0|      -|      256|      264|     0|
|Multiplexer          |        -|      -|        -|      498|     -|
|Register             |        -|      -|       22|        -|     -|
+---------------------+---------+-------+---------+---------+------+
|Total                |        0|      0|     1173|     1291|     0|
+---------------------+---------+-------+---------+---------+------+
|Available SLR        |     1344|   3072|   864000|   432000|   320|
+---------------------+---------+-------+---------+---------+------+
|Utilization SLR (%)  |        0|      0|       ~0|       ~0|     0|
+---------------------+---------+-------+---------+---------+------+
|Available            |     5376|  12288|  3456000|  1728000|  1280|
+---------------------+---------+-------+---------+---------+------+
|Utilization (%)      |        0|      0|       ~0|       ~0|     0|
+---------------------+---------+-------+---------+---------+------+

+ Detail: 
    * Instance: 
    +-----------------------------------------------------------------------------------+------------------------------------------------------------------------+---------+----+-----+-----+-----+
    |                                      Instance                                     |                                 Module                                 | BRAM_18K| DSP|  FF | LUT | URAM|
    +-----------------------------------------------------------------------------------+------------------------------------------------------------------------+---------+----+-----+-----+-----+
    |grp_initialize_projection_Pipeline_INIT_PROJECTION_ROW_INIT_PROJECTION_OUT_fu_114  |initialize_projection_Pipeline_INIT_PROJECTION_ROW_INIT_PROJECTION_OUT  |        0|   0|  302|  167|    0|
    |grp_load_output_bias32_fu_98                                                       |load_output_bias32                                                      |        0|   0|  593|  341|    0|
    +-----------------------------------------------------------------------------------+------------------------------------------------------------------------+---------+----+-----+-----+-----+
    |Total                                                                              |                                                                        |        0|   0|  895|  508|    0|
    +-----------------------------------------------------------------------------------+------------------------------------------------------------------------+---------+----+-----+-----+-----+

    * DSP: 
    N/A

    * Memory: 
    +---------------+-----------------------------------------------+---------+----+----+-----+------+-----+------+-------------+
    |     Memory    |                     Module                    | BRAM_18K| FF | LUT| URAM| Words| Bits| Banks| W*Bits*Banks|
    +---------------+-----------------------------------------------+---------+----+----+-----+------+-----+------+-------------+
    |bias_tile_U    |initialize_projection_bias_tile_RAM_AUTO_1R1W  |        0|  32|  33|    0|     4|   32|     1|          128|
    |bias_tile_1_U  |initialize_projection_bias_tile_RAM_AUTO_1R1W  |        0|  32|  33|    0|     4|   32|     1|          128|
    |bias_tile_2_U  |initialize_projection_bias_tile_RAM_AUTO_1R1W  |        0|  32|  33|    0|     4|   32|     1|          128|
    |bias_tile_3_U  |initialize_projection_bias_tile_RAM_AUTO_1R1W  |        0|  32|  33|    0|     4|   32|     1|          128|
    |bias_tile_4_U  |initialize_projection_bias_tile_RAM_AUTO_1R1W  |        0|  32|  33|    0|     4|   32|     1|          128|
    |bias_tile_5_U  |initialize_projection_bias_tile_RAM_AUTO_1R1W  |        0|  32|  33|    0|     4|   32|     1|          128|
    |bias_tile_6_U  |initialize_projection_bias_tile_RAM_AUTO_1R1W  |        0|  32|  33|    0|     4|   32|     1|          128|
    |bias_tile_7_U  |initialize_projection_bias_tile_RAM_AUTO_1R1W  |        0|  32|  33|    0|     4|   32|     1|          128|
    +---------------+-----------------------------------------------+---------+----+----+-----+------+-----+------+-------------+
    |Total          |                                               |        0| 256| 264|    0|    32|  256|     8|         1024|
    +---------------+-----------------------------------------------+---------+----+----+-----+------+-----+------+-------------+

    * FIFO: 
    N/A

    * Expression: 
    +---------------------+----------+----+---+----+------------+------------+
    |    Variable Name    | Operation| DSP| FF| LUT| Bitwidth P0| Bitwidth P1|
    +---------------------+----------+----+---+----+------------+------------+
    |add_ln80_fu_143_p2   |         +|   0|  0|  12|           5|           1|
    |icmp_ln80_fu_137_p2  |      icmp|   0|  0|   9|           5|           5|
    +---------------------+----------+----+---+----+------------+------------+
    |Total                |          |   0|  0|  21|          10|           6|
    +---------------------+----------+----+---+----+------------+------------+

    * Multiplexer: 
    +----------------------+----+-----------+-----+-----------+
    |         Name         | LUT| Input Size| Bits| Total Bits|
    +----------------------+----+-----------+-----+-----------+
    |ap_NS_fsm             |  31|          6|    1|          6|
    |bias_tile_1_address0  |  14|          3|    2|          6|
    |bias_tile_1_ce0       |  14|          3|    1|          3|
    |bias_tile_1_ce1       |   9|          2|    1|          2|
    |bias_tile_1_we0       |   9|          2|    1|          2|
    |bias_tile_1_we1       |   9|          2|    1|          2|
    |bias_tile_2_address0  |  14|          3|    2|          6|
    |bias_tile_2_ce0       |  14|          3|    1|          3|
    |bias_tile_2_ce1       |   9|          2|    1|          2|
    |bias_tile_2_we0       |   9|          2|    1|          2|
    |bias_tile_2_we1       |   9|          2|    1|          2|
    |bias_tile_3_address0  |  14|          3|    2|          6|
    |bias_tile_3_ce0       |  14|          3|    1|          3|
    |bias_tile_3_ce1       |   9|          2|    1|          2|
    |bias_tile_3_we0       |   9|          2|    1|          2|
    |bias_tile_3_we1       |   9|          2|    1|          2|
    |bias_tile_4_address0  |  14|          3|    2|          6|
    |bias_tile_4_ce0       |  14|          3|    1|          3|
    |bias_tile_4_ce1       |   9|          2|    1|          2|
    |bias_tile_4_we0       |   9|          2|    1|          2|
    |bias_tile_4_we1       |   9|          2|    1|          2|
    |bias_tile_5_address0  |  14|          3|    2|          6|
    |bias_tile_5_ce0       |  14|          3|    1|          3|
    |bias_tile_5_ce1       |   9|          2|    1|          2|
    |bias_tile_5_we0       |   9|          2|    1|          2|
    |bias_tile_5_we1       |   9|          2|    1|          2|
    |bias_tile_6_address0  |  14|          3|    2|          6|
    |bias_tile_6_ce0       |  14|          3|    1|          3|
    |bias_tile_6_ce1       |   9|          2|    1|          2|
    |bias_tile_6_we0       |   9|          2|    1|          2|
    |bias_tile_6_we1       |   9|          2|    1|          2|
    |bias_tile_7_address0  |  14|          3|    2|          6|
    |bias_tile_7_ce0       |  14|          3|    1|          3|
    |bias_tile_7_ce1       |   9|          2|    1|          2|
    |bias_tile_7_we0       |   9|          2|    1|          2|
    |bias_tile_7_we1       |   9|          2|    1|          2|
    |bias_tile_address0    |  14|          3|    2|          6|
    |bias_tile_ce0         |  14|          3|    1|          3|
    |bias_tile_ce1         |   9|          2|    1|          2|
    |bias_tile_we0         |   9|          2|    1|          2|
    |bias_tile_we1         |   9|          2|    1|          2|
    |m_axi_gmem_o_ARVALID  |   9|          2|    1|          2|
    |m_axi_gmem_o_RREADY   |   9|          2|    1|          2|
    |tile_fu_56            |   9|          2|    5|         10|
    +----------------------+----+-----------+-----+-----------+
    |Total                 | 498|        108|   56|        140|
    +----------------------+----+-----------+-----+-----------+

    * Register: 
    +------------------------------------------------------------------------------------------------+---+----+-----+-----------+
    |                                              Name                                              | FF| LUT| Bits| Const Bits|
    +------------------------------------------------------------------------------------------------+---+----+-----+-----------+
    |ap_CS_fsm                                                                                       |  5|   0|    5|          0|
    |grp_initialize_projection_Pipeline_INIT_PROJECTION_ROW_INIT_PROJECTION_OUT_fu_114_ap_start_reg  |  1|   0|    1|          0|
    |grp_load_output_bias32_fu_98_ap_start_reg                                                       |  1|   0|    1|          0|
    |shl_ln_reg_183                                                                                  |  5|   0|   10|          5|
    |tile_1_reg_175                                                                                  |  5|   0|    5|          0|
    |tile_fu_56                                                                                      |  5|   0|    5|          0|
    +------------------------------------------------------------------------------------------------+---+----+-----+-----------+
    |Total                                                                                           | 22|   0|   27|          5|
    +------------------------------------------------------------------------------------------------+---+----+-----+-----------+



================================================================
== Interface
================================================================
* Summary: 
+-----------------------+-----+-----+------------+-----------------------+--------------+
|       RTL Ports       | Dir | Bits|  Protocol  |     Source Object     |    C Type    |
+-----------------------+-----+-----+------------+-----------------------+--------------+
|ap_clk                 |   in|    1|  ap_ctrl_hs|  initialize_projection|  return value|
|ap_rst                 |   in|    1|  ap_ctrl_hs|  initialize_projection|  return value|
|ap_start               |   in|    1|  ap_ctrl_hs|  initialize_projection|  return value|
|ap_done                |  out|    1|  ap_ctrl_hs|  initialize_projection|  return value|
|ap_idle                |  out|    1|  ap_ctrl_hs|  initialize_projection|  return value|
|ap_ready               |  out|    1|  ap_ctrl_hs|  initialize_projection|  return value|
|m_axi_gmem_o_AWVALID   |  out|    1|       m_axi|                 gmem_o|       pointer|
|m_axi_gmem_o_AWREADY   |   in|    1|       m_axi|                 gmem_o|       pointer|
|m_axi_gmem_o_AWADDR    |  out|   64|       m_axi|                 gmem_o|       pointer|
|m_axi_gmem_o_AWID      |  out|    1|       m_axi|                 gmem_o|       pointer|
|m_axi_gmem_o_AWLEN     |  out|   32|       m_axi|                 gmem_o|       pointer|
|m_axi_gmem_o_AWSIZE    |  out|    3|       m_axi|                 gmem_o|       pointer|
|m_axi_gmem_o_AWBURST   |  out|    2|       m_axi|                 gmem_o|       pointer|
|m_axi_gmem_o_AWLOCK    |  out|    2|       m_axi|                 gmem_o|       pointer|
|m_axi_gmem_o_AWCACHE   |  out|    4|       m_axi|                 gmem_o|       pointer|
|m_axi_gmem_o_AWPROT    |  out|    3|       m_axi|                 gmem_o|       pointer|
|m_axi_gmem_o_AWQOS     |  out|    4|       m_axi|                 gmem_o|       pointer|
|m_axi_gmem_o_AWREGION  |  out|    4|       m_axi|                 gmem_o|       pointer|
|m_axi_gmem_o_AWUSER    |  out|    1|       m_axi|                 gmem_o|       pointer|
|m_axi_gmem_o_WVALID    |  out|    1|       m_axi|                 gmem_o|       pointer|
|m_axi_gmem_o_WREADY    |   in|    1|       m_axi|                 gmem_o|       pointer|
|m_axi_gmem_o_WDATA     |  out|  512|       m_axi|                 gmem_o|       pointer|
|m_axi_gmem_o_WSTRB     |  out|   64|       m_axi|                 gmem_o|       pointer|
|m_axi_gmem_o_WLAST     |  out|    1|       m_axi|                 gmem_o|       pointer|
|m_axi_gmem_o_WID       |  out|    1|       m_axi|                 gmem_o|       pointer|
|m_axi_gmem_o_WUSER     |  out|    1|       m_axi|                 gmem_o|       pointer|
|m_axi_gmem_o_ARVALID   |  out|    1|       m_axi|                 gmem_o|       pointer|
|m_axi_gmem_o_ARREADY   |   in|    1|       m_axi|                 gmem_o|       pointer|
|m_axi_gmem_o_ARADDR    |  out|   64|       m_axi|                 gmem_o|       pointer|
|m_axi_gmem_o_ARID      |  out|    1|       m_axi|                 gmem_o|       pointer|
|m_axi_gmem_o_ARLEN     |  out|   32|       m_axi|                 gmem_o|       pointer|
|m_axi_gmem_o_ARSIZE    |  out|    3|       m_axi|                 gmem_o|       pointer|
|m_axi_gmem_o_ARBURST   |  out|    2|       m_axi|                 gmem_o|       pointer|
|m_axi_gmem_o_ARLOCK    |  out|    2|       m_axi|                 gmem_o|       pointer|
|m_axi_gmem_o_ARCACHE   |  out|    4|       m_axi|                 gmem_o|       pointer|
|m_axi_gmem_o_ARPROT    |  out|    3|       m_axi|                 gmem_o|       pointer|
|m_axi_gmem_o_ARQOS     |  out|    4|       m_axi|                 gmem_o|       pointer|
|m_axi_gmem_o_ARREGION  |  out|    4|       m_axi|                 gmem_o|       pointer|
|m_axi_gmem_o_ARUSER    |  out|    1|       m_axi|                 gmem_o|       pointer|
|m_axi_gmem_o_RVALID    |   in|    1|       m_axi|                 gmem_o|       pointer|
|m_axi_gmem_o_RREADY    |  out|    1|       m_axi|                 gmem_o|       pointer|
|m_axi_gmem_o_RDATA     |   in|  512|       m_axi|                 gmem_o|       pointer|
|m_axi_gmem_o_RLAST     |   in|    1|       m_axi|                 gmem_o|       pointer|
|m_axi_gmem_o_RID       |   in|    1|       m_axi|                 gmem_o|       pointer|
|m_axi_gmem_o_RFIFONUM  |   in|    9|       m_axi|                 gmem_o|       pointer|
|m_axi_gmem_o_RUSER     |   in|    1|       m_axi|                 gmem_o|       pointer|
|m_axi_gmem_o_RRESP     |   in|    2|       m_axi|                 gmem_o|       pointer|
|m_axi_gmem_o_BVALID    |   in|    1|       m_axi|                 gmem_o|       pointer|
|m_axi_gmem_o_BREADY    |  out|    1|       m_axi|                 gmem_o|       pointer|
|m_axi_gmem_o_BRESP     |   in|    2|       m_axi|                 gmem_o|       pointer|
|m_axi_gmem_o_BID       |   in|    1|       m_axi|                 gmem_o|       pointer|
|m_axi_gmem_o_BUSER     |   in|    1|       m_axi|                 gmem_o|       pointer|
|bias                   |   in|   64|     ap_none|                   bias|        scalar|
|projected_address1     |  out|   14|   ap_memory|              projected|         array|
|projected_ce1          |  out|    1|   ap_memory|              projected|         array|
|projected_we1          |  out|    1|   ap_memory|              projected|         array|
|projected_d1           |  out|  256|   ap_memory|              projected|         array|
+-----------------------+-----+-----+------------+-----------------------+--------------+

